'DOSKEY' is not recognized as an internal or external command,
operable program or batch file.
Total matched requested items in results: 67
Total review requested items in results: 5
  -> Reading Excel file: 0913.xlsx
  -> Active sheet: ورقة2
  -> Header row: 6 -> ['أسم العميل', 'أسم الصنف', 'التاريخ', 'الكمية']
  -> Extracted 993 data rows
  -> Extracted 993 items from column 'أسم الصنف'
Total unique shortages in 0913.xlsx: 591
Total unmatched shortages: 520
Loaded Warehouse: السلام شبين (187 items)
Loaded Warehouse: المكرومي المنصورة (503 items)
Loaded Warehouse: الهضبة الاثنين نقدى0 (1071 items)
Loaded Warehouse: جملة العمروووو (19 items)
Loaded Warehouse: كيور فارما خاص (715 items)
Loaded Warehouse: مخزن الحياة فارم اسكندريه-170 (222 items)

Total potential false negatives found: 45
Unique candidate pairs: 45

--- TOP 35 CANDIDATES ---
[كيور فارما خاص]
  Shortage : 'برونكوفين شراب'
  Warehouse: 'برونكوف شراب'
  Score    : token_sort=92.3076923076923 | Form: syrup vs syrup | St: [] vs []

[مخزن الحياة فارم اسكندريه-170]
  Shortage : 'سيتال1جم اقراص س ج'
  Warehouse: 'سيتال اقراص 500 س ج'
  Score    : token_sort=81.08108108108108 | Form: tablet vs tablet | St: ['1'] vs []

[كيور فارما خاص]
  Shortage : 'برونكوفين شراب س ج'
  Warehouse: 'برونكوف شراب'
  Score    : token_sort=80.0 | Form: syrup vs syrup | St: [] vs []

[كيور فارما خاص]
  Shortage : 'برونكوفين شراب س ج'
  Warehouse: 'بروفين شراب جديد'
  Score    : token_sort=76.47058823529412 | Form: syrup vs syrup | St: [] vs []

[الهضبة الاثنين نقدى0]
  Shortage : 'كوفي زنك لوسيون'
  Warehouse: 'زنك اوليف لوسيون كوليج'
  Score    : token_sort=75.67567567567568 | Form: topical_solution vs topical_solution | St: [] vs []

[كيور فارما خاص]
  Shortage : 'برونكوفين شراب'
  Warehouse: 'بروفين شراب جديد'
  Score    : token_sort=73.33333333333334 | Form: syrup vs syrup | St: [] vs []

[مخزن الحياة فارم اسكندريه-170]
  Shortage : 'سيالس 2قرص س ج'
  Warehouse: 'سيتال اقراص 500 س ج'
  Score    : token_sort=72.72727272727273 | Form: tablet vs tablet | St: [] vs []

[المكرومي المنصورة]
  Shortage : 'جينوزول كريم س ج'
  Warehouse: 'جينوفازول ٤٪ كريم'
  Score    : token_sort=72.72727272727273 | Form: cream vs cream | St: [] vs []

[السلام شبين]
  Shortage : 'برايم روز اي اقراص س ج'
  Warehouse: 'برايم روز بلاس اقراص/ايفافارم'
  Score    : token_sort=70.58823529411764 | Form: tablet vs None | St: [] vs []

[السلام شبين]
  Shortage : 'زنكو بلاس شراب'
  Warehouse: 'زنك اورجين شراب'
  Score    : token_sort=68.96551724137932 | Form: syrup vs syrup | St: [] vs []

[الهضبة الاثنين نقدى0]
  Shortage : 'ميتفورمين1000مجم اكس ار اقراص'
  Warehouse: 'ميتفون 1000 مج اقراص اكس ار'
  Score    : token_sort=67.85714285714286 | Form: tablet vs tablet | St: ['1000'] vs ['1000']

[المكرومي المنصورة]
  Shortage : 'جينوزول كريم س ج'
  Warehouse: 'جينوفازول ٨ كريم ٤٦ج'
  Score    : token_sort=66.66666666666667 | Form: cream vs cream | St: [] vs []

[كيور فارما خاص]
  Shortage : 'ديورافوس 1 امبول'
  Warehouse: 'دیورافس امول = دیور فوس'
  Score    : token_sort=66.66666666666667 | Form: injection vs None | St: [] vs []

[كيور فارما خاص]
  Shortage : 'ريتشي بانثينول كريم ادفانس'
  Warehouse: 'بانثينول ٣٠جم كريم اروكس جديد'
  Score    : token_sort=65.45454545454545 | Form: cream vs cream | St: [] vs ['٣٠']

[الهضبة الاثنين نقدى0]
  Shortage : 'لبن بيديا ستارت 2'
  Warehouse: 'لبن بدیا ستارت رقم 1/ باکت 24'
  Score    : token_sort=65.21739130434783 | Form: None vs None | St: [] vs []

[الهضبة الاثنين نقدى0]
  Shortage : 'ليبونكس 25مجم اقراص'
  Warehouse: 'ليبونس سبراى / باكت 25'
  Score    : token_sort=63.41463414634146 | Form: tablet vs None | St: ['25'] vs []

[السلام شبين]
  Shortage : 'بيتادين دش مهبلي س ج'
  Warehouse: 'بيتادين مطهر/النيل'
  Score    : token_sort=63.1578947368421 | Form: None vs None | St: [] vs []

[السلام شبين]
  Shortage : 'بيتاديرم مرهم س ج'
  Warehouse: 'بيتاديرم كريم/ايكو'
  Score    : token_sort=62.857142857142854 | Form: ointment vs None | St: [] vs []

[الهضبة الاثنين نقدى0]
  Shortage : 'بروفين 200مجم 30قرص س ج'
  Warehouse: 'بروفن 30 کیس جدید باکت 20'
  Score    : token_sort=62.5 | Form: tablet vs None | St: ['200'] vs []

[جملة العمروووو]
  Shortage : 'ريتشي بانثينول كريم ادفانس'
  Warehouse: 'بانثينول كريم كبير سعر قديم باكو 25'
  Score    : token_sort=62.295081967213115 | Form: cream vs cream | St: [] vs []

[الهضبة الاثنين نقدى0]
  Shortage : 'باروفين 30قرص س ج'
  Warehouse: 'بروفن 30 کیس جدید باکت 20'
  Score    : token_sort=61.904761904761905 | Form: tablet vs None | St: [] vs []

[السلام شبين]
  Shortage : 'ايفرزين لوشن'
  Warehouse: 'ايسفرين ربع'
  Score    : token_sort=60.86956521739131 | Form: topical_solution vs None | St: [] vs []

[المكرومي المنصورة]
  Shortage : 'لبن بيبيلاك بريماتيور'
  Warehouse: 'بيبيلك ١ لبن'
  Score    : token_sort=60.60606060606061 | Form: None vs None | St: [] vs []

[كيور فارما خاص]
  Shortage : 'اكسترا بروتين اكياس فانيليا'
  Warehouse: 'بولي فريش اكسترا'
  Score    : token_sort=60.46511627906976 | Form: sachet vs None | St: [] vs []

[كيور فارما خاص]
  Shortage : 'كالسيزوم د 60 كبسوله'
  Warehouse: 'السيزول ٥٠٠مجم كبسول'
  Score    : token_sort=60.0 | Form: tablet vs tablet | St: [] vs ['٥٠٠']

[كيور فارما خاص]
  Shortage : 'برايم روز اي اقراص س ج'
  Warehouse: 'برايم روز بلاس كبسول جديد'
  Score    : token_sort=59.57446808510638 | Form: tablet vs tablet | St: [] vs []

[المكرومي المنصورة]
  Shortage : 'كولوفيرين  أيه 30قرص س ج'
  Warehouse: 'كولوفين ٥٠ قرص'
  Score    : token_sort=59.45945945945945 | Form: tablet vs tablet | St: [] vs []

[السلام شبين]
  Shortage : 'برونكوفين شراب'
  Warehouse: 'برونكوبينير سعر ٢٨١ج'
  Score    : token_sort=58.82352941176471 | Form: syrup vs None | St: [] vs []

[المكرومي المنصورة]
  Shortage : 'ليمتلس ليبوفيركس40مجم كبسولات'
  Warehouse: 'ليمتلس فيش اويل/كبسولة'
  Score    : token_sort=58.82352941176471 | Form: tablet vs None | St: ['40'] vs []

[المكرومي المنصورة]
  Shortage : 'ليمتلس بي كومبلكس لزقه'
  Warehouse: 'ليمتلس كروماماكس كت ٣٠ كبس'
  Score    : token_sort=58.33333333333333 | Form: None vs None | St: [] vs []

[كيور فارما خاص]
  Shortage : 'باروفين 30قرص س ج'
  Warehouse: 'باروفين ٢٠ قرص'
  Score    : token_sort=58.06451612903225 | Form: tablet vs tablet | St: [] vs []

[المكرومي المنصورة]
  Shortage : 'فاركوسين مرهم س ج'
  Warehouse: 'فاروكوين كريستال جديد'
  Score    : token_sort=57.89473684210527 | Form: ointment vs None | St: [] vs []

[السلام شبين]
  Shortage : 'برونكوفين شراب س ج'
  Warehouse: 'برونكوبينير سعر ٢٨١ج'
  Score    : token_sort=57.89473684210527 | Form: syrup vs None | St: [] vs []

[المكرومي المنصورة]
  Shortage : 'ريبايون اسبراي'
  Warehouse: 'ريبايون ان جل بديل ريباريل ٥٠جم'
  Score    : token_sort=57.77777777777777 | Form: None vs gel | St: [] vs ['٥٠']

[الهضبة الاثنين نقدى0]
  Shortage : 'باروفين 30قرص س ج'
  Warehouse: 'ماركوفين 50 مج اقراص/باكت 12'
  Score    : token_sort=57.77777777777777 | Form: tablet vs None | St: [] vs ['50']

Total clean candidates to review: 45
 1. [كيور فارما خاص]
    المطلوب: 'برونكوفين شراب'
    المخزن : 'برونكوف شراب'
    الدرجة : 92.3

 2. [مخزن الحياة فارم اسكندريه-170]
    المطلوب: 'سيتال1جم اقراص س ج'
    المخزن : 'سيتال اقراص 500 س ج'
    الدرجة : 81.1

 3. [كيور فارما خاص]
    المطلوب: 'برونكوفين شراب س ج'
    المخزن : 'برونكوف شراب'
    الدرجة : 80.0

 4. [كيور فارما خاص]
    المطلوب: 'برونكوفين شراب س ج'
    المخزن : 'بروفين شراب جديد'
    الدرجة : 76.5

 5. [الهضبة الاثنين نقدى0]
    المطلوب: 'كوفي زنك لوسيون'
    المخزن : 'زنك اوليف لوسيون كوليج'
    الدرجة : 75.7

 6. [كيور فارما خاص]
    المطلوب: 'برونكوفين شراب'
    المخزن : 'بروفين شراب جديد'
    الدرجة : 73.3

 7. [مخزن الحياة فارم اسكندريه-170]
    المطلوب: 'سيالس 2قرص س ج'
    المخزن : 'سيتال اقراص 500 س ج'
    الدرجة : 72.7

 8. [المكرومي المنصورة]
    المطلوب: 'جينوزول كريم س ج'
    المخزن : 'جينوفازول ٤٪ كريم'
    الدرجة : 72.7

 9. [السلام شبين]
    المطلوب: 'برايم روز اي اقراص س ج'
    المخزن : 'برايم روز بلاس اقراص/ايفافارم'
    الدرجة : 70.6

10. [السلام شبين]
    المطلوب: 'زنكو بلاس شراب'
    المخزن : 'زنك اورجين شراب'
    الدرجة : 69.0

11. [الهضبة الاثنين نقدى0]
    المطلوب: 'ميتفورمين1000مجم اكس ار اقراص'
    المخزن : 'ميتفون 1000 مج اقراص اكس ار'
    الدرجة : 67.9

12. [المكرومي المنصورة]
    المطلوب: 'جينوزول كريم س ج'
    المخزن : 'جينوفازول ٨ كريم ٤٦ج'
    الدرجة : 66.7

13. [كيور فارما خاص]
    المطلوب: 'ديورافوس 1 امبول'
    المخزن : 'دیورافس امول = دیور فوس'
    الدرجة : 66.7

14. [كيور فارما خاص]
    المطلوب: 'ريتشي بانثينول كريم ادفانس'
    المخزن : 'بانثينول ٣٠جم كريم اروكس جديد'
    الدرجة : 65.5

15. [الهضبة الاثنين نقدى0]
    المطلوب: 'لبن بيديا ستارت 2'
    المخزن : 'لبن بدیا ستارت رقم 1/ باکت 24'
    الدرجة : 65.2

16. [الهضبة الاثنين نقدى0]
    المطلوب: 'ليبونكس 25مجم اقراص'
    المخزن : 'ليبونس سبراى / باكت 25'
    الدرجة : 63.4

17. [السلام شبين]
    المطلوب: 'بيتادين دش مهبلي س ج'
    المخزن : 'بيتادين مطهر/النيل'
    الدرجة : 63.2

18. [السلام شبين]
    المطلوب: 'بيتاديرم مرهم س ج'
    المخزن : 'بيتاديرم كريم/ايكو'
    الدرجة : 62.9

19. [الهضبة الاثنين نقدى0]
    المطلوب: 'بروفين 200مجم 30قرص س ج'
    المخزن : 'بروفن 30 کیس جدید باکت 20'
    الدرجة : 62.5

20. [جملة العمروووو]
    المطلوب: 'ريتشي بانثينول كريم ادفانس'
    المخزن : 'بانثينول كريم كبير سعر قديم باكو 25'
    الدرجة : 62.3

21. [الهضبة الاثنين نقدى0]
    المطلوب: 'باروفين 30قرص س ج'
    المخزن : 'بروفن 30 کیس جدید باکت 20'
    الدرجة : 61.9

22. [السلام شبين]
    المطلوب: 'ايفرزين لوشن'
    المخزن : 'ايسفرين ربع'
    الدرجة : 60.9

23. [المكرومي المنصورة]
    المطلوب: 'لبن بيبيلاك بريماتيور'
    المخزن : 'بيبيلك ١ لبن'
    الدرجة : 60.6

24. [كيور فارما خاص]
    المطلوب: 'اكسترا بروتين اكياس فانيليا'
    المخزن : 'بولي فريش اكسترا'
    الدرجة : 60.5

25. [كيور فارما خاص]
    المطلوب: 'كالسيزوم د 60 كبسوله'
    المخزن : 'السيزول ٥٠٠مجم كبسول'
    الدرجة : 60.0

26. [كيور فارما خاص]
    المطلوب: 'برايم روز اي اقراص س ج'
    المخزن : 'برايم روز بلاس كبسول جديد'
    الدرجة : 59.6

27. [المكرومي المنصورة]
    المطلوب: 'كولوفيرين  أيه 30قرص س ج'
    المخزن : 'كولوفين ٥٠ قرص'
    الدرجة : 59.5

28. [السلام شبين]
    المطلوب: 'برونكوفين شراب'
    المخزن : 'برونكوبينير سعر ٢٨١ج'
    الدرجة : 58.8

29. [المكرومي المنصورة]
    المطلوب: 'ليمتلس ليبوفيركس40مجم كبسولات'
    المخزن : 'ليمتلس فيش اويل/كبسولة'
    الدرجة : 58.8

30. [المكرومي المنصورة]
    المطلوب: 'ليمتلس بي كومبلكس لزقه'
    المخزن : 'ليمتلس كروماماكس كت ٣٠ كبس'
    الدرجة : 58.3

31. [كيور فارما خاص]
    المطلوب: 'باروفين 30قرص س ج'
    المخزن : 'باروفين ٢٠ قرص'
    الدرجة : 58.1

32. [المكرومي المنصورة]
    المطلوب: 'فاركوسين مرهم س ج'
    المخزن : 'فاروكوين كريستال جديد'
    الدرجة : 57.9

33. [السلام شبين]
    المطلوب: 'برونكوفين شراب س ج'
    المخزن : 'برونكوبينير سعر ٢٨١ج'
    الدرجة : 57.9

34. [المكرومي المنصورة]
    المطلوب: 'ريبايون اسبراي'
    المخزن : 'ريبايون ان جل بديل ريباريل ٥٠جم'
    الدرجة : 57.8

35. [الهضبة الاثنين نقدى0]
    المطلوب: 'باروفين 30قرص س ج'
    المخزن : 'ماركوفين 50 مج اقراص/باكت 12'
    الدرجة : 57.8

36. [المكرومي المنصورة]
    المطلوب: 'اكسترا بروتين اكياس فانيليا'
    المخزن : 'سيتال اكسترا/ايكيو'
    الدرجة : 57.8

37. [السلام شبين]
    المطلوب: 'بيتادين دش مهبلي س ج'
    المخزن : 'بيتادين منظف جلد/النيل'
    الدرجة : 57.1

38. [مخزن الحياة فارم اسكندريه-170]
    المطلوب: 'اوسوبان800مجم 20قرص'
    المخزن : 'بوسکوبان اقراص باکت 100'
    الدرجة : 57.1

39. [المكرومي المنصورة]
    المطلوب: 'جرانتريل 3مجم 6 امبول س ج'
    المخزن : 'جرانتيل امبول مجم تاريخ بعيد'
    الدرجة : 56.6

40. [المكرومي المنصورة]
    المطلوب: 'برونكوفين شراب س ج'
    المخزن : 'برونفين ٤٠٠مجم س.ج ٢٨'
    الدرجة : 56.4

41. [كيور فارما خاص]
    المطلوب: 'فنتال بخاخ العربية'
    المخزن : 'فتال عادى بخاخ'
    الدرجة : 56.2

42. [المكرومي المنصورة]
    المطلوب: 'ايرون جلور'
    المخزن : 'ايكون بلاس كريم'
    الدرجة : 56.0

43. [الهضبة الاثنين نقدى0]
    المطلوب: 'جينوزول كريم س ج'
    المخزن : 'جينوزول 400 مج لبوس/باكت 90'
    الدرجة : 55.8

44. [المكرومي المنصورة]
    المطلوب: 'كتافلام  نقط'
    المخزن : 'كتافلام ٥٠ س.ج ٨٦ج'
    الدرجة : 55.2

45. [الهضبة الاثنين نقدى0]
    المطلوب: 'ليفانوكس2شريط س ج'
    المخزن : 'ليفانوكس كبسول/باكت 200'
    الدرجة : 55.0

