                <div class="screen-header">

                    <h2>سجل النظام (Terminal)</h2>

                    <p class="subtitle">يُظهر مخرجات العمليات الجارية في الخلفية</p>

                </div>

                

                <div class="card" style="flex:1; display:flex; flex-direction:column; background:#1e1e1e; overflow:hidden;">

                    <div class="card-header" style="background: var(--text-main); color: white;">

                        <i class="ph-fill ph-terminal"></i>

                        <h3 style="margin:0; font-size:14px;">Pipeline Terminal</h3>

                    </div>

                    <div style="flex:1; padding: 12px; overflow: hidden; display:flex;">

                        <textarea id="pipeline-log-terminal" readonly style="flex:1; width: 100%; height: 100%; min-height: 400px; background: #1e1e1e; color: #00ff00; border: none; font-family: monospace; font-size: 13px; outline: none; resize: none; direction: ltr; text-align: left;"></textarea>

                    </div>

                </div>

            </div>



        </main>

    </div>



    <!-- The original screen-home is removed. We use screen-new as the home page. 

         To keep app.js happy if it references screen-home, we add a dummy hidden div -->

    <div id="screen-home" style="display:none;"></div>



    <script>

let currentProcessId = null;

let selectedWarehouseFiles = [];

let selectedShortageFiles = [];

let serverStatusInterval = null;

let isServerRunning = false;



// Ensure Pywebview API is ready

window.addEventListener('pywebviewready', function() {

    loadSettings();

    loadLogs();

    updateServerStatus();

