'DOSKEY' is not recognized as an internal or external command,
operable program or batch file.
[1] Initializing API...
is_process_running: {'running': False}
[2] Triggering rerun_process for PROC-003...
rerun_process result: {'success': True, 'process_id': 'PROC-003'}
[3] Waiting for worker thread to finish matching...

============================================================
[*] Processing Shortages files (1 file(s))
============================================================

  -> File: test_shortages_200.xlsx (Type: .xlsx)
  -> Reading Excel file: test_shortages_200.xlsx
  -> Active sheet: ورقة2
  -> Header row: 6 -> ['أسم العميل', 'أسم الصنف', 'التاريخ', 'الكمية']
  -> Extracted 200 data rows
  -> Auto-detected drug name column: أسم الصنف
  -> Extracted 200 items from column 'أسم الصنف'
     Extracted items: 200

============================================================
[+] Completed Shortages: 200 items from 1 file(s)
============================================================


============================================================
[*] Processing Warehouse files (2 file(s))
============================================================

  -> File: السلام شبين.pdf (Type: .pdf)
[*] Processing PDF file: السلام شبين.pdf
[+] Loaded 187 items from alongside JSON: السلام شبين.json
     Extracted items: 187

  -> File: جملة العمروووو.pdf (Type: .pdf)
[*] Processing PDF file: جملة العمروووو.pdf
[+] Loaded 19 items from alongside JSON: جملة العمروووو.json
     Extracted items: 19

============================================================
[+] Completed Warehouse: 206 items from 2 file(s)
============================================================


============================================================
[FAST ENGINE] Starting Match: 200 raw -> 200 UNIQUE shortages x 2 warehouses
============================================================


----------------------------------------
[Warehouse] السلام شبين.pdf (187 items)
----------------------------------------
  -> Indexing warehouse for Fast Search...
  -> Exact Matches: 0
  -> TF-IDF Auto-Matches (>88%): 59
  -> Sending 139 ambiguous items to Local API (MSEMAX) in batches...
      [✓] Batch 2/5 done.
      [✓] Batch 1/5 done.
      [✓] Batch 4/5 done.
      [✓] Batch 3/5 done.
      [✓] Batch 5/5 done.
  -> Final Warehouse Result: 136 matched, 11 review

----------------------------------------
[Warehouse] جملة العمروووو.pdf (19 items)
----------------------------------------
  -> Indexing warehouse for Fast Search...
  -> Exact Matches: 1
  -> TF-IDF Auto-Matches (>88%): 1
  -> Sending 138 ambiguous items to Local API (MSEMAX) in batches...
      [✓] Batch 2/5 done.
      [✓] Batch 1/5 done.
      [✓] Batch 3/5 done.
      [✓] Batch 4/5 done.
      [✓] Batch 5/5 done.
  -> Final Warehouse Result: 10 matched, 9 review
[+] Results successfully saved to: D:\AI_Engineer\Pharmacy-agy\data\processes\PROC-003\results_PROC-003.xlsx
[+] Worker thread finished.
is_process_running after finish: {'running': False}

[4] Inspecting sheets in results_PROC-003.xlsx: ['ملخص', 'السلام شبين.pdf', 'جملة العمروووو.pdf', 'لم يُعثر عليه', 'يحتاج مراجعة']

--- Summary Sheet Cells & Formulas ---
Row  1: ['البند', 'العدد', 'النسبة']
Row  2: ['إجمالي الأصناف المطلوبة', '=B3+B4+B5', '100%']
Row  3: ['تم مطابقتها', '=SUM(B8:B9)', '=IF(B2>0, B3/B2, 0)']
Row  4: ['لم يُعثر عليها', "=MAX(0, COUNTA('لم يُعثر عليه'!A:A)-1)", '=IF(B2>0, B4/B2, 0)']
Row  5: ['تحتاج مراجعة', "=MAX(0, COUNTA('يحتاج مراجعة'!A:A)-1)", '=IF(B2>0, B5/B2, 0)']
Row  6: [None, None, None]
Row  7: ['─── تفاصيل المخازن ───', 'عدد المطابقات', 'أصناف للمراجعة']
Row  8: ['السلام شبين.pdf', "=MAX(0, COUNTA('السلام شبين.pdf'!A:A)-1)", '=COUNTIF(\'يحتاج مراجعة\'!D:D, "السلام شبين.pdf")']
Row  9: ['جملة العمروووو.pdf', "=MAX(0, COUNTA('جملة العمروووو.pdf'!A:A)-1)", '=COUNTIF(\'يحتاج مراجعة\'!D:D, "جملة العمروووو.pdf")']

--- First 5 rows of السلام شبين.pdf (Confidence column) ---
Row 1: ['اسم الصنف المطلوب', 'اسم الصنف في المخزن', 'درجة التطابق']
Row 2: ['ابيفرين ربع س ج', 'ابيفرين ربع', 'تطابق نصي دقيق (92%)']
Row 3: ['اتروفنت ٢٥ امبول س ج', 'اتروفنت ٢٥ امبول', 'تطابق نصي دقيق (94%)']
Row 4: ['اركوسكا ٩٠ مج، ١٤ قرص س ج', 'اركوسكا ٩٠ مج، ١٤ قرص', 'تطابق نصي دقيق (96%)']
Row 5: ['ازاثيوبرين اقراص، ٥٠مجم س ج', 'ازاثيوبرين اقراص، ٥٠مجم', 'تطابق نصي دقيق (95%)']

--- First 5 rows of جملة العمروووو.pdf (Confidence column) ---
Row 1: ['اسم الصنف المطلوب', 'اسم الصنف في المخزن', 'درجة التطابق']
Row 2: ['ستيمولان 400مجم كبسول س ج', 'ستيمولان 400مجم كبسول', 'تطابق نصي دقيق (97%)']
Row 3: ['ليفوفلوكساسين 750 فيال باكو 12 كرتونه 144', 'ليفوفلوكساسين 750 فيال باكو 12 كرتونه 144', 'تطابق تام (100%)']
Row 4: ['افيروكوكسيب90مجم20قرص س ج', 'افيرو كوكسـيب 90مجم-32ب', 'مطابقة ذكية (AI)']
Row 5: ['امبوفير 5امبول س ج', 'امبوفير حقن جديد', 'مطابقة ذكية (AI)']

--- Review Sheet (21 rows) ---
Row 1: ['القرار (اختر)', 'اسم الصنف المطلوب', 'اسم المرشح في المخزن', 'المخزن', 'السبب']
Row 2: [None, 'افيروكوكسيب90مجم20قرص س ج', 'اركوسكا ٩٠ مج، ١٤ قرص', 'السلام شبين.pdf', 'بديل تجاري / مثيل: نفس المادة الفعالة والتركيز ولكن الاسم التجاري مختلف (المطلوب: افيروكوكسيب، المتوفر: اركوسكا) ']
Row 3: [None, 'لوفير 400 اقراص س ج', 'زوفيراكس ٤٠٠مجم اقراص/جلاكسو', 'السلام شبين.pdf', 'بديل تجاري / مثيل: نفس المادة الفعالة والتركيز ولكن الاسم التجاري مختلف (المطلوب: لوفير، المتوفر: زوفيراكس)']
Row 4: [None, 'بيتادين  مطهر النيل 60مل صغير س ج', 'بيتادين مطهر/النيل', 'السلام شبين.pdf', 'اختلاف الحجم: المطلوب بيتادين مطهر 60 مل صغير والمرشح الحجم غير محدد']
Row 5: [None, 'دوكسي بروكت بلس مرهم س ج', 'دوكسيروكوت بلس مرهم/ميانفارم', 'السلام شبين.pdf', 'بديل تجاري / مثيل: نفس المادة الفعالة والتركيز ولكن الاسم التجاري مختلف (المطلوب: دوكسي بروكت بلس، المتوفر: دوكسيروكوت بلس)']
Row 6: [None, 'دوليبران1000مجم 15قرص', 'دوليبران ١ جم، ٦٠ قرص', 'السلام شبين.pdf', 'اختلاف عدد الأقراص: المطلوب 15 قرص والمرشح 60 قرص']
Row 7: [None, 'برايم روز اي اقراص س ج', 'برايم روز بلاس اقراص/ايفا فارم', 'السلام شبين.pdf', 'بديل تجاري / مثيل: نفس المادة الفعالة والتركيز ولكن الاسم التجاري مختلف (المطلوب: برايم روز اي، المتوفر: برايم روز بلاس)']
Row 8: [None, 'جوسبرين اقراص 3شريط', 'جوسبرين اقراص/اجفار', 'السلام شبين.pdf', 'اختلاف عدد الأقراص: المطلوب 3 شريط والمرشح لم يحدد عدد الشرائط']
Row 9: [None, 'جينوزول كريم س ج', 'جينوزول ٤٠٠ لبوس/فاركو', 'السلام شبين.pdf', 'اختلاف الشكل الصيدلي: المطلوب كريم والمرشح لبوس']
Row 10: [None, 'جافيز ٥٠ س ج', 'جافيز ٥٠/٥٠٠', 'السلام شبين.pdf', 'بديل تجاري / مثيل: نفس المادة الفعالة والتركيز ولكن الاسم التجاري مختلف (المطلوب: جافيز ٥٠، المتوفر: جافيز ٥٠/٥٠٠)']
Row 11: [None, 'جلافوميت ٥٠ س ج', 'جلافوميت ٥٠/١٠٠٠', 'السلام شبين.pdf', 'بديل تجاري / مثيل: نفس المادة الفعالة والتركيز ولكن الاسم التجاري مختلف (المطلوب: جلافوميت ٥٠، المتوفر: جلافوميت ٥٠/١٠٠٠)']
Row 12: [None, 'يونيبريدول100مل شراب', 'بريدسول شراب سعر جديد/ارج', 'السلام شبين.pdf', 'بديل تجاري / مثيل: نفس المادة الفعالة والتركيز ولكن الاسم التجاري مختلف (المطلوب: يونيبريدول، المتوفر: بريدسول)']
Row 13: [None, 'ايزوتريتينوين 10 مجم 30 كبسول س ج', 'ايزوتريتينوين 10 مجم 3 شريط -28', 'جملة العمروووو.pdf', 'اختلاف عدد الكبسولات: المطلوب 30 كبسول والمرشح 3 شريط -28']
Row 14: [None, 'بانادول اكسترا 24 قرص س ج', 'بانادول اكسترا 48 قرص-96ب', 'جملة العمروووو.pdf', 'اختلاف عدد الأقراص: المطلوب 24 قرص والمرشح 48 قرص']
Row 15: [None, 'بانثينول النيل2%كريم وسط', 'بانثينول كريم كبير سعر قديم باكو 25', 'جملة العمروووو.pdf', 'اختلاف الحجم: المطلوب وسط والمرشح كبير']
Row 16: [None, 'لبن هيرو بيبي 1 عادي س ج', 'هيرو 111 عادي جديد -12ب لا يفرط', 'جملة العمروووو.pdf', 'بديل تجاري / مثيل: نفس الفئة ولكن الاسم التجاري مختلف (المطلوب: لبن هيرو بيبي 1، المتوفر: هيرو 111)']
Row 17: [None, 'لبن هيرو بيبي 2 س ج', 'هيرو 222 نيوترادينس 384', 'جملة العمروووو.pdf', 'بديل تجاري / مثيل: الاسم التجاري مختلف (المطلوب: لبن هيرو بيبي 2، المتوفر: هيرو 222)']
Row 18: [None, 'زوفيراكس400مجم اقراص س ج', 'لوفير 400 سعر جديد باكو 45', 'جملة العمروووو.pdf', 'بديل تجاري / مثيل: نفس المادة الفعالة والتركيز ولكن الاسم التجاري مختلف (المطلوب: زوفيراكس 400، المتوفر: لوڤير 400)']
Row 19: [None, 'بيتاديرم كريم س ج', 'بانثينول كريم كبير سعر قديم باكو 25', 'جملة العمروووو.pdf', 'بديل تجاري / مثيل: نفس المادة الفعالة والتركيز ولكن الاسم التجاري مختلف (المطلوب: بيتاديرم، المتوفر: بانثينول)']
Row 20: [None, 'رو اكيتان ٢٠ ملجم س ج', 'ايزوتريتينوين 20م جديد -50', 'جملة العمروووو.pdf', 'بديل تجاري / مثيل: نفس المادة الفعالة والتركيز ولكن الاسم التجاري مختلف (المطلوب: رو اكيتان، المتوفر: ايزوتريتينوين)']
Row 21: [None, 'زوفيراكس ٤٠٠مجم اقراص س ج', 'لوفير 400 سعر جديد باكو 45', 'جملة العمروووو.pdf', 'بديل تجاري / مثيل: نفس المادة الفعالة والتركيز ولكن الاسم التجاري مختلف (المطلوب: زوفيراكس، المتوفر: لوفير)']

[5] Simulating user review decision: Setting Row 2 to '✅ مطابق'...
[6] Calling api.apply_reviews('PROC-003')...
apply_reviews result: {'success': True, 'matched': 1, 'rejected': 0, 'remaining': 19, 'new_stats': {'total': 206, 'total_shortages': 206, 'matched_count': 147, 'not_found_count': 40, 'review_count': 19, 'status': 'reviewing'}}

--- Summary Sheet after apply_reviews ---
Row  1: ['البند', 'العدد', 'النسبة']
Row  2: ['إجمالي الأصناف المطلوبة', '=B3+B4+B5', '100%']
Row  3: ['تم مطابقتها', '=SUM(B8:B9)', '=IF(B2>0, B3/B2, 0)']
Row  4: ['لم يُعثر عليها', "=MAX(0, COUNTA('لم يُعثر عليه'!A:A)-1)", '=IF(B2>0, B4/B2, 0)']
Row  5: ['تحتاج مراجعة', "=MAX(0, COUNTA('يحتاج مراجعة'!A:A)-1)", '=IF(B2>0, B5/B2, 0)']
Row  6: [None, None, None]
Row  7: ['─── تفاصيل المخازن ───', 'عدد المطابقات', 'أصناف للمراجعة']
Row  8: ['السلام شبين.pdf', "=MAX(0, COUNTA('السلام شبين.pdf'!A:A)-1)", '=COUNTIF(\'يحتاج مراجعة\'!D:D, "السلام شبين.pdf")']
Row  9: ['جملة العمروووو.pdf', "=MAX(0, COUNTA('جملة العمروووو.pdf'!A:A)-1)", '=COUNTIF(\'يحتاج مراجعة\'!D:D, "جملة العمروووو.pdf")']

[+] Verification script completed successfully.
