
FullName                                                                                                
--------                                                                                                
D:\AI_Engineer\AKTB\.venv\Lib\site-packages\PySide6\qml\QtQuick3D\designer\ReflectionProbeSection.qml   
D:\AI_Engineer\AKTB\.venv\Lib\site-packages\PySide6\qml\QtQuick3D\designer\ReflectionProbeSpecifics.qml 
D:\AI_Engineer\AKTB\.venv\Lib\site-packages\PySide6\qml\QtQuick3D\designer\images\reflectionProbe.png   
D:\AI_Engineer\AKTB\.venv\Lib\site-packages\PySide6\qml\QtQuick3D\designer\images\reflectionProbe16.png 
D:\AI_Engineer\AKTB\.venv\Lib\site-packages\PySide6\qml\QtQuick3D\designer\images\reflectionProbe@2x.png
D:\AI_Engineer\AKTB\.venv\Lib\site-packages\urllib3\http2\probe.py                                      
D:\AI_Engineer\AKTB\.venv\Lib\site-packages\urllib3\http2\__pycache__\probe.cpython-311.pyc             
D:\AI_Engineer\omni-agent\.mypy_cache\3.12\urllib3\http2\probe.data.json                                
D:\AI_Engineer\omni-agent\.mypy_cache\3.12\urllib3\http2\probe.meta.json                                
D:\AI_Engineer\Pharmacy\review\gemini_probe                                                             
D:\AI_Engineer\Pharmacy\review\ocr_digits_probe                                                         
D:\AI_Engineer\Pharmacy\review\openrouter_probe                                                         
D:\AI_Engineer\Pharmacy\review\zen_probe                                                                
D:\AI_Engineer\Pharmacy\review\gemini_probe.config.json                                                 
D:\AI_Engineer\Pharmacy\review\probe_gemini_match.py                                                    
D:\AI_Engineer\Pharmacy\review\probe_ocr_digits.py                                                      
D:\AI_Engineer\Pharmacy\review\probe_openrouter_match.py                                                
D:\AI_Engineer\Pharmacy\review\probe_zen_match.py                                                       
D:\AI_Engineer\Pharmacy\review\__pycache__\probe_gemini_match.cpython-312.pyc                           
D:\AI_Engineer\Pharmacy\review\__pycache__\probe_zen_match.cpython-312.pyc                              
