'DOSKEY' is not recognized as an internal or external command,
operable program or batch file.

==================================================
POTENTIAL TRUE MISSED MATCHES: 193
==================================================
REQ: 'ابيتنس اقراص'
  -> WH (الهضبة الاثنين نقدى0.pdf): 'بتنس 10/25/40 مج اقراص/باكت 5' (Brand Sim: 80.0)

REQ: 'ابيتنس اقراص'
  -> WH (الهضبة الاثنين نقدى0.pdf): 'بتنس 12.5/40/5 مج اقراص/باكت' (Brand Sim: 80.0)

REQ: 'اتميبرازول 40مجم 20 قرص س ج'
  -> WH (الهضبة الاثنين نقدى0.pdf): 'ايبر ازول 40 مج اقراص' (Brand Sim: 84.21052631578947)

REQ: 'اسبرين بروتكت 100مجم3شريط'
  -> WH (الهضبة الاثنين نقدى0.pdf): 'برونتیکا اسپری/باکت48' (Brand Sim: 81.4814814814815)

REQ: 'اكسبتو برو كريم'
  -> WH (الهضبة الاثنين نقدى0.pdf): 'ار اكس كريم/باكت 80' (Brand Sim: 85)

REQ: 'اكسبتو برو كريم'
  -> WH (الهضبة الاثنين نقدى0.pdf): 'برن اکسپول/باکت 15' (Brand Sim: 80.0)

REQ: 'اكسفورج 10مجم اتش سي تي س ج'
  -> WH (الهضبة الاثنين نقدى0.pdf): 'ار اكس جيل/باكت81' (Brand Sim: 85)

REQ: 'اكسفورج 10مجم اتش سي تي س ج'
  -> WH (الهضبة الاثنين نقدى0.pdf): 'ار اكس سبراي' (Brand Sim: 85)

REQ: 'اكسفورج 10مجم اتش سي تي س ج'
  -> WH (الهضبة الاثنين نقدى0.pdf): 'ار اكس كريم/باكت 80' (Brand Sim: 85)

REQ: 'اكسفورج 10مجم اتش سي تي س ج'
  -> WH (مخزن الحياة فارم اسكندريه-170.pdf): 'اكسبوج 5اتش سي كبسول/باكو100' (Brand Sim: 80.0)

REQ: 'الكابرس تريو5/160/12.5مجم س ج'
  -> WH (المكرومي المنصورة.pdf): 'الكا ام كريم سعر جديد' (Brand Sim: 85)

REQ: 'الكابرس تريو5/160/12.5مجم س ج'
  -> WH (كيور فارما خاص.pdf): 'الكابرس تربو ١٠/١٦/١٢٤٠ قرص' (Brand Sim: 91.66666666666666)

REQ: 'الكابرس10مجم30قرص'
  -> WH (كيور فارما خاص.pdf): 'الكابرس تربو ١٠/١٦/١٢٤٠ قرص' (Brand Sim: 85)

REQ: 'اومنيك 0.4مجم30قرص'
  -> WH (كيور فارما خاص.pdf): 'اومنيك اوكاس قرص' (Brand Sim: 85)

REQ: 'اي يست كبسول س ج'
  -> WH (مخزن الحياة فارم اسكندريه-170.pdf): 'ديجست ايز 20ك باكت 26' (Brand Sim: 80.0)

REQ: 'ايزوميم 40مجم اقراص'
  -> WH (الهضبة الاثنين نقدى0.pdf): 'ایزومبیب 40 مج اقراص پاکت 144' (Brand Sim: 80.0)

REQ: 'ايموكس 250مجم شراب س ج'
  -> WH (المكرومي المنصورة.pdf): 'ايموكسكلاف ٣١٢ شراب/ايبو' (Brand Sim: 85)

REQ: 'ايموكس 250مجم شراب س ج'
  -> WH (المكرومي المنصورة.pdf): 'ايموكسكلاف ٤٢،١ شراب' (Brand Sim: 85)

REQ: 'ايموكس 250مجم شراب س ج'
  -> WH (المكرومي المنصورة.pdf): 'كلافيموكس ٦٤٢ شراب' (Brand Sim: 80.0)

REQ: 'ب ك ميرز كبسول س ج'
  -> WH (الهضبة الاثنين نقدى0.pdf): 'ميرز كبسول/باكت 30' (Brand Sim: 100.0)

REQ: 'باروفين 30قرص س ج'
  -> WH (المكرومي المنصورة.pdf): 'بروتوفين ٤٠مجم ، ١٠ قرص' (Brand Sim: 80.0)

REQ: 'باروفين 30قرص س ج'
  -> WH (المكرومي المنصورة.pdf): 'برونفين ٤٠٠مجم س.ج ٢٨' (Brand Sim: 85.71428571428572)

REQ: 'باروفين 30قرص س ج'
  -> WH (المكرومي المنصورة.pdf): 'برونفين ٤٠٠مجم ، ١٠قرص س.ج ٩٩ج' (Brand Sim: 85.71428571428572)

REQ: 'باروفين 30قرص س ج'
  -> WH (الهضبة الاثنين نقدى0.pdf): 'پروفین 400 مج اقراص/باکت100' (Brand Sim: 92.3076923076923)

REQ: 'باروفين 30قرص س ج'
  -> WH (الهضبة الاثنين نقدى0.pdf): 'پروفین 600 مج اقراص/باکت 80' (Brand Sim: 92.3076923076923)

REQ: 'باروفين 30قرص س ج'
  -> WH (الهضبة الاثنين نقدى0.pdf): 'سیپروفین 750 مج اقراص/باکت100' (Brand Sim: 80.0)

REQ: 'باروفين 30قرص س ج'
  -> WH (الهضبة الاثنين نقدى0.pdf): 'ماركوفين 50 مج اقراص/باكت 12' (Brand Sim: 80.0)

REQ: 'باروفين 30قرص س ج'
  -> WH (كيور فارما خاص.pdf): 'باروفين ٢٠ قرص' (Brand Sim: 100.0)

REQ: 'باروفين 30قرص س ج'
  -> WH (كيور فارما خاص.pdf): 'بروفين ٤٠٠ مجم قرص' (Brand Sim: 92.3076923076923)

REQ: 'باروفين 30قرص س ج'
  -> WH (كيور فارما خاص.pdf): 'بروفين ٦٠٠ مجم قرص' (Brand Sim: 92.3076923076923)

REQ: 'بالموكورت  25. مجم امبول س ج'
  -> WH (السلام شبين.pdf): 'بالمكيرت ٥٠٠ مجم حقن' (Brand Sim: 82.35294117647058)

REQ: 'بانتوبرازول 40 مجم اقراص س ج'
  -> WH (المكرومي المنصورة.pdf): 'انتوبرال ٤٠ سعر جديد' (Brand Sim: 84.21052631578947)

REQ: 'بروستيترول 10مجم'
  -> WH (الهضبة الاثنين نقدى0.pdf): 'بروس شامپو/باکت 20' (Brand Sim: 85)

REQ: 'بروستيترول 10مجم'
  -> WH (مخزن الحياة فارم اسكندريه-170.pdf): 'بروس شامبو 250 مل' (Brand Sim: 85)

REQ: 'بروفين 200مجم 30قرص س ج'
  -> WH (كيور فارما خاص.pdf): 'باروفين ٢٠ قرص' (Brand Sim: 92.3076923076923)

REQ: 'برونكوبرو نقط س ج'
  -> WH (السلام شبين.pdf): 'برونكوبينير سعر ٢٨١ج' (Brand Sim: 80.0)

REQ: 'برونكوبرو نقط س ج'
  -> WH (كيور فارما خاص.pdf): 'برونكوبير ريتارد' (Brand Sim: 88.88888888888889)

REQ: 'برونكوبرو نقط س ج'
  -> WH (كيور فارما خاص.pdf): 'برونكوبير نقط' (Brand Sim: 88.88888888888889)

REQ: 'برونكوفين شراب'
  -> WH (السلام شبين.pdf): 'برونكوبينير سعر ٢٨١ج' (Brand Sim: 80.0)

REQ: 'برونكوفين شراب'
  -> WH (المكرومي المنصورة.pdf): 'برونفين ٤٠٠مجم س.ج ٢٨' (Brand Sim: 87.5)

REQ: 'برونكوفين شراب'
  -> WH (الهضبة الاثنين نقدى0.pdf): 'پروفین شراب/باکت 30' (Brand Sim: 80.0)

REQ: 'برونكوفين شراب'
  -> WH (كيور فارما خاص.pdf): 'بروفين شراب جديد' (Brand Sim: 80.0)

REQ: 'برونكوفين شراب'
  -> WH (كيور فارما خاص.pdf): 'برونكوف شراب' (Brand Sim: 87.5)

REQ: 'برونكولين اس بخاخ/فنتال'
  -> WH (السلام شبين.pdf): 'برونكوبينير سعر ٢٨١ج' (Brand Sim: 80.0)

REQ: 'بلاكونيل 60قرص س ج'
  -> WH (الهضبة الاثنين نقدى0.pdf): 'بلادکولیل اقراص/افنتس' (Brand Sim: 82.35294117647058)

REQ: 'بيا 400مجم اقراص'
  -> WH (الهضبة الاثنين نقدى0.pdf): 'بیرا اقراص جدید/باکت72' (Brand Sim: 85.71428571428572)

REQ: 'بيا 400مجم اقراص'
  -> WH (الهضبة الاثنين نقدى0.pdf): 'بياتين 160سوبرا اقراص/باكت 100' (Brand Sim: 85)

REQ: 'بيتادين شامبو120مل س ج'
  -> WH (السلام شبين.pdf): 'بيتادين مطهر/النيل' (Brand Sim: 85)

REQ: 'بيتادين شامبو120مل س ج'
  -> WH (السلام شبين.pdf): 'بيتادين منظف جلد/النيل' (Brand Sim: 85)

REQ: 'بيتادين شامبو120مل س ج'
  -> WH (المكرومي المنصورة.pdf): 'بيتادين غرغرة' (Brand Sim: 85)

REQ: 'بيتادين شامبو120مل س ج'
  -> WH (المكرومي المنصورة.pdf): 'بيكادين ٣٠٠ مجم جديد ٤٥٠ج' (Brand Sim: 85.71428571428572)

REQ: 'بيتادين شامبو60مل س ج'
  -> WH (السلام شبين.pdf): 'بيتادين مطهر/النيل' (Brand Sim: 85)

REQ: 'بيتادين شامبو60مل س ج'
  -> WH (السلام شبين.pdf): 'بيتادين منظف جلد/النيل' (Brand Sim: 85)

REQ: 'بيتادين شامبو60مل س ج'
  -> WH (المكرومي المنصورة.pdf): 'بيتادين غرغرة' (Brand Sim: 85)

REQ: 'بيتادين شامبو60مل س ج'
  -> WH (المكرومي المنصورة.pdf): 'بيكادين ٣٠٠ مجم جديد ٤٥٠ج' (Brand Sim: 85.71428571428572)

REQ: 'بيتاكاروتين فورت 20كبسوله'
  -> WH (كيور فارما خاص.pdf): 'بیوتین فورت کپسول' (Brand Sim: 81.4814814814815)

REQ: 'بيدرو اسبراي مطهر س ق'
  -> WH (الهضبة الاثنين نقدى0.pdf): 'پیدرو غسول/بلیزا' (Brand Sim: 85)

REQ: 'جابيميدرا 10مجم اقراص'
  -> WH (المكرومي المنصورة.pdf): 'جاميدرا ٥' (Brand Sim: 87.5)

REQ: 'جينوزول كريم س ج'
  -> WH (السلام شبين.pdf): 'جينوزول ٤٠٠ ليوس/فاركو' (Brand Sim: 85)

REQ: 'جينوزول كريم س ج'
  -> WH (المكرومي المنصورة.pdf): 'جينوفازول ٤٪ كريم' (Brand Sim: 87.5)

REQ: 'جينوزول كريم س ج'
  -> WH (المكرومي المنصورة.pdf): 'جينوفازول ٨ كريم ٤٦ج' (Brand Sim: 87.5)

REQ: 'دورفين 30كبسولة'
  -> WH (المكرومي المنصورة.pdf): 'دوفين ٥ مجم/ايبو' (Brand Sim: 90.9090909090909)

REQ: 'دوكسي بروكت بلس مرهم س ج'
  -> WH (السلام شبين.pdf): 'دوكسيسيروك بلس مرهم/ميڤافارم' (Brand Sim: 82.75862068965517)

REQ: 'دولفين 12.5مجم لبوس 2شريط س ق'
  -> WH (مخزن الحياة فارم اسكندريه-170.pdf): 'دولفين لاغا اطفال' (Brand Sim: 85)

REQ: 'دولفين 50مجم لبوس 2شريط'
  -> WH (مخزن الحياة فارم اسكندريه-170.pdf): 'دولفين لاغا اطفال' (Brand Sim: 85)

REQ: 'دولفين 75مجم لبوس س ج'
  -> WH (مخزن الحياة فارم اسكندريه-170.pdf): 'دولفين لاغا اطفال' (Brand Sim: 85)

REQ: 'ديباكين شراب س ج'
  -> WH (الهضبة الاثنين نقدى0.pdf): 'دیباکین 200 مج اقراض باکت 60' (Brand Sim: 85)

REQ: 'ديفارول امبول س ج'
  -> WH (كيور فارما خاص.pdf): 'دیلاترول ٥ مجم جدید' (Brand Sim: 80.0)

REQ: 'ديفلوكان 2مجم 50ملل فيال'
  -> WH (المكرومي المنصورة.pdf): 'ديفلوكان ١٥٠ سعر ١١١' (Brand Sim: 100.0)

REQ: 'ديكساتوبرين مرهم س ج'
  -> WH (السلام شبين.pdf): 'ديكسا توبيرين مرهم/ايكو' (Brand Sim: 91.66666666666666)

REQ: 'ديكساتوبرين مرهم س ج'
  -> WH (المكرومي المنصورة.pdf): 'ديكساكورتين سعر ٦٥' (Brand Sim: 81.81818181818181)

REQ: 'ديوزمين 30 قرص'
  -> WH (الهضبة الاثنين نقدى0.pdf): 'دیومالین کپسول' (Brand Sim: 80.0)

REQ: 'ديوزمين 30 قرص'
  -> WH (مخزن الحياة فارم اسكندريه-170.pdf): 'ديبوزين 500مجم اقراص' (Brand Sim: 85.71428571428572)

REQ: 'راميكسول 1جم30قرص س ج'
  -> WH (الهضبة الاثنين نقدى0.pdf): 'ميكوسول كبسول/باكت 20' (Brand Sim: 80.0)

REQ: 'راميكسول25مجم30قرص س ج'
  -> WH (الهضبة الاثنين نقدى0.pdf): 'ميكوسول كبسول/باكت 20' (Brand Sim: 80.0)

REQ: 'سبازموفين امبول س ج'
  -> WH (السلام شبين.pdf): 'سبازموفري ٣امبول/ادوبا' (Brand Sim: 88.88888888888889)

REQ: 'سكينورين كريم'
  -> WH (الهضبة الاثنين نقدى0.pdf): 'سکینوریتش کریم' (Brand Sim: 82.35294117647058)

REQ: 'سوبرانيل 25مجم كبسول س ج'
  -> WH (الهضبة الاثنين نقدى0.pdf): 'سبانيلا اقراص/باكت 48' (Brand Sim: 80.0)

REQ: 'سيالس 2قرص س ج'
  -> WH (السلام شبين.pdf): 'سي ريتارد ٥٠٠/الكان' (Brand Sim: 85)

REQ: 'سيالس 2قرص س ج'
  -> WH (المكرومي المنصورة.pdf): 'سي ريتارد ٥٠٠' (Brand Sim: 85)

REQ: 'سيالس 2قرص س ج'
  -> WH (كيور فارما خاص.pdf): 'سيتال ٢٠٠ مجم اقراص' (Brand Sim: 80.0)

REQ: 'سيالس 2قرص س ج'
  -> WH (مخزن الحياة فارم اسكندريه-170.pdf): 'سيتال اقراص 500 س ج' (Brand Sim: 80.0)

REQ: 'سيالونج5مجم30قرص'
  -> WH (السلام شبين.pdf): 'سي ريتارد ٥٠٠/الكان' (Brand Sim: 85)

REQ: 'سيالونج5مجم30قرص'
  -> WH (المكرومي المنصورة.pdf): 'سي ريتارد ٥٠٠' (Brand Sim: 85)

REQ: 'سيبانوين جيل'
  -> WH (السلام شبين.pdf): 'سي ريتارد ٥٠٠/الكان' (Brand Sim: 85)

REQ: 'سيبانوين جيل'
  -> WH (المكرومي المنصورة.pdf): 'سي ريتارد ٥٠٠' (Brand Sim: 85)

REQ: 'سيبروباي 750مجم10قرص'
  -> WH (السلام شبين.pdf): 'سي ريتارد ٥٠٠/الكان' (Brand Sim: 85)

REQ: 'سيبروباي 750مجم10قرص'
  -> WH (المكرومي المنصورة.pdf): 'سي ريتارد ٥٠٠' (Brand Sim: 85)

REQ: 'سيبروسين500مجم10قرص س ج'
  -> WH (السلام شبين.pdf): 'سي ريتارد ٥٠٠/الكان' (Brand Sim: 85)

REQ: 'سيبروسين500مجم10قرص س ج'
  -> WH (المكرومي المنصورة.pdf): 'سي ريتارد ٥٠٠' (Brand Sim: 85)

REQ: 'سيبروسين500مجم10قرص س ج'
  -> WH (المكرومي المنصورة.pdf): 'سيرورسين ٥٠٠ اقراص سعر جديد' (Brand Sim: 87.5)

REQ: 'سيبروسين500مجم10قرص س ج'
  -> WH (المكرومي المنصورة.pdf): 'سيروفوسين ١٧٥/ايكيو' (Brand Sim: 82.35294117647058)

REQ: 'سيبروسين500مجم10قرص س ج'
  -> WH (الهضبة الاثنين نقدى0.pdf): 'زيروسين كبسول/باكت 200' (Brand Sim: 80.0)

REQ: 'سيبروسين500مجم10قرص س ج'
  -> WH (مخزن الحياة فارم اسكندريه-170.pdf): 'سيبرو 500 مجم فموي' (Brand Sim: 85)

REQ: 'سيبروفلوكساسين محلول وريدي'
  -> WH (السلام شبين.pdf): 'سي ريتارد ٥٠٠/الكان' (Brand Sim: 85)

REQ: 'سيبروفلوكساسين محلول وريدي'
  -> WH (المكرومي المنصورة.pdf): 'سي ريتارد ٥٠٠' (Brand Sim: 85)

REQ: 'سيبروفلوكساسين محلول وريدي'
  -> WH (الهضبة الاثنين نقدى0.pdf): 'سیپروفلوکساسین 750 مج اورجانجو' (Brand Sim: 85)

REQ: 'سيبروفلوكساسين محلول وريدي'
  -> WH (مخزن الحياة فارم اسكندريه-170.pdf): 'سيبرو 500 مجم فموي' (Brand Sim: 85)

REQ: 'سيبروفلوكسميت 500مجم'
  -> WH (السلام شبين.pdf): 'سي ريتارد ٥٠٠/الكان' (Brand Sim: 85)

REQ: 'سيبروفلوكسميت 500مجم'
  -> WH (المكرومي المنصورة.pdf): 'سي ريتارد ٥٠٠' (Brand Sim: 85)

REQ: 'سيبروفلوكسميت 500مجم'
  -> WH (مخزن الحياة فارم اسكندريه-170.pdf): 'سيبرو 500 مجم فموي' (Brand Sim: 85)

REQ: 'سيتال1جم اقراص س ج'
  -> WH (السلام شبين.pdf): 'سي ريتارد ٥٠٠/الكان' (Brand Sim: 85)

REQ: 'سيتال1جم اقراص س ج'
  -> WH (المكرومي المنصورة.pdf): 'سي ريتارد ٥٠٠' (Brand Sim: 85)

REQ: 'سيتال1جم اقراص س ج'
  -> WH (المكرومي المنصورة.pdf): 'سيتال اكسترا/ايكيو' (Brand Sim: 85)

REQ: 'سيتال1جم اقراص س ج'
  -> WH (الهضبة الاثنين نقدى0.pdf): 'سیتال لولس /باکت 65' (Brand Sim: 85)

REQ: 'سيتال1جم اقراص س ج'
  -> WH (مخزن الحياة فارم اسكندريه-170.pdf): 'سيتال اقراص 500 س ج' (Brand Sim: 100.0)

REQ: 'سيترونوميت 4 مجم اقراص س ج'
  -> WH (السلام شبين.pdf): 'سي ريتارد ٥٠٠/الكان' (Brand Sim: 85)

REQ: 'سيترونوميت 4 مجم اقراص س ج'
  -> WH (المكرومي المنصورة.pdf): 'سي ريتارد ٥٠٠' (Brand Sim: 85)

REQ: 'سيرازيت اقراص س ج'
  -> WH (السلام شبين.pdf): 'سي ريتارد ٥٠٠/الكان' (Brand Sim: 85)

REQ: 'سيرازيت اقراص س ج'
  -> WH (المكرومي المنصورة.pdf): 'سي ريتارد ٥٠٠' (Brand Sim: 85)

REQ: 'سيرباس 50مجم اقراص س ج'
  -> WH (السلام شبين.pdf): 'سي ريتارد ٥٠٠/الكان' (Brand Sim: 85)

REQ: 'سيرباس 50مجم اقراص س ج'
  -> WH (المكرومي المنصورة.pdf): 'سي ريتارد ٥٠٠' (Brand Sim: 85)

REQ: 'سيردالود 2 مجم اقراص س ج'
  -> WH (السلام شبين.pdf): 'سي ريتارد ٥٠٠/الكان' (Brand Sim: 85)

REQ: 'سيردالود 2 مجم اقراص س ج'
  -> WH (المكرومي المنصورة.pdf): 'سي ريتارد ٥٠٠' (Brand Sim: 85)

REQ: 'سيردالود 4 مجم20قرص'
  -> WH (السلام شبين.pdf): 'سي ريتارد ٥٠٠/الكان' (Brand Sim: 85)

REQ: 'سيردالود 4 مجم20قرص'
  -> WH (المكرومي المنصورة.pdf): 'سي ريتارد ٥٠٠' (Brand Sim: 85)

REQ: 'سيريلاك 125جم تمر وقمح'
  -> WH (السلام شبين.pdf): 'سي ريتارد ٥٠٠/الكان' (Brand Sim: 85)

REQ: 'سيريلاك 125جم تمر وقمح'
  -> WH (المكرومي المنصورة.pdf): 'سي ريتارد ٥٠٠' (Brand Sim: 85)

REQ: 'سيريلاك 150جم قمح ساده'
  -> WH (السلام شبين.pdf): 'سي ريتارد ٥٠٠/الكان' (Brand Sim: 85)

REQ: 'سيريلاك 150جم قمح ساده'
  -> WH (المكرومي المنصورة.pdf): 'سي ريتارد ٥٠٠' (Brand Sim: 85)

REQ: 'سيستان قطره'
  -> WH (السلام شبين.pdf): 'سي ريتارد ٥٠٠/الكان' (Brand Sim: 85)

REQ: 'سيستان قطره'
  -> WH (المكرومي المنصورة.pdf): 'سي ريتارد ٥٠٠' (Brand Sim: 85)

REQ: 'سيفاثرد 300 مجم 10 كبسول س ج'
  -> WH (السلام شبين.pdf): 'سي ريتارد ٥٠٠/الكان' (Brand Sim: 85)

REQ: 'سيفاثرد 300 مجم 10 كبسول س ج'
  -> WH (المكرومي المنصورة.pdf): 'سي ريتارد ٥٠٠' (Brand Sim: 85)

REQ: 'سيفاكسون  1جم عضل فيال'
  -> WH (السلام شبين.pdf): 'سي ريتارد ٥٠٠/الكان' (Brand Sim: 85)

REQ: 'سيفاكسون  1جم عضل فيال'
  -> WH (المكرومي المنصورة.pdf): 'سي ريتارد ٥٠٠' (Brand Sim: 85)

REQ: 'سيفاكسون  500مجم عضل فيال'
  -> WH (السلام شبين.pdf): 'سي ريتارد ٥٠٠/الكان' (Brand Sim: 85)

REQ: 'سيفاكسون  500مجم عضل فيال'
  -> WH (المكرومي المنصورة.pdf): 'سي ريتارد ٥٠٠' (Brand Sim: 85)

REQ: 'سيفاكسون1جرام وريد فيال'
  -> WH (السلام شبين.pdf): 'سي ريتارد ٥٠٠/الكان' (Brand Sim: 85)

REQ: 'سيفاكسون1جرام وريد فيال'
  -> WH (المكرومي المنصورة.pdf): 'سي ريتارد ٥٠٠' (Brand Sim: 85)

REQ: 'سيفزيم 1 جم فيال س ج'
  -> WH (السلام شبين.pdf): 'سي ريتارد ٥٠٠/الكان' (Brand Sim: 85)

REQ: 'سيفزيم 1 جم فيال س ج'
  -> WH (المكرومي المنصورة.pdf): 'سي ريتارد ٥٠٠' (Brand Sim: 85)

REQ: 'سيفيبم 1جم  فيال عضل فاركو'
  -> WH (السلام شبين.pdf): 'سي ريتارد ٥٠٠/الكان' (Brand Sim: 85)

REQ: 'سيفيبم 1جم  فيال عضل فاركو'
  -> WH (المكرومي المنصورة.pdf): 'سي ريتارد ٥٠٠' (Brand Sim: 85)

REQ: 'سيفيكسيم 100مجم 30مل شرب س ج'
  -> WH (السلام شبين.pdf): 'سي ريتارد ٥٠٠/الكان' (Brand Sim: 85)

REQ: 'سيفيكسيم 100مجم 30مل شرب س ج'
  -> WH (المكرومي المنصورة.pdf): 'سي ريتارد ٥٠٠' (Brand Sim: 85)

REQ: 'سيكلوبروجينوفا اقراص'
  -> WH (السلام شبين.pdf): 'سي ريتارد ٥٠٠/الكان' (Brand Sim: 85)

REQ: 'سيكلوبروجينوفا اقراص'
  -> WH (المكرومي المنصورة.pdf): 'سي ريتارد ٥٠٠' (Brand Sim: 85)

REQ: 'سيكلور  125مل شراب س ج'
  -> WH (السلام شبين.pdf): 'سي ريتارد ٥٠٠/الكان' (Brand Sim: 85)

REQ: 'سيكلور  125مل شراب س ج'
  -> WH (المكرومي المنصورة.pdf): 'سي ريتارد ٥٠٠' (Brand Sim: 85)

REQ: 'سيكلور 250مل شراب س ج'
  -> WH (السلام شبين.pdf): 'سي ريتارد ٥٠٠/الكان' (Brand Sim: 85)

REQ: 'سيكلور 250مل شراب س ج'
  -> WH (المكرومي المنصورة.pdf): 'سي ريتارد ٥٠٠' (Brand Sim: 85)

REQ: 'سيكوسيتام 500مجم20قرص س ج'
  -> WH (السلام شبين.pdf): 'سي ريتارد ٥٠٠/الكان' (Brand Sim: 85)

REQ: 'سيكوسيتام 500مجم20قرص س ج'
  -> WH (المكرومي المنصورة.pdf): 'سي ريتارد ٥٠٠' (Brand Sim: 85)

REQ: 'سيلجون لبوس س ج'
  -> WH (السلام شبين.pdf): 'سي ريتارد ٥٠٠/الكان' (Brand Sim: 85)

REQ: 'سيلجون لبوس س ج'
  -> WH (المكرومي المنصورة.pdf): 'سي ريتارد ٥٠٠' (Brand Sim: 85)

REQ: 'سيلفازين كريم حروق'
  -> WH (السلام شبين.pdf): 'سي ريتارد ٥٠٠/الكان' (Brand Sim: 85)

REQ: 'سيلفازين كريم حروق'
  -> WH (المكرومي المنصورة.pdf): 'سي ريتارد ٥٠٠' (Brand Sim: 85)

REQ: 'سيلفر سيز شراب'
  -> WH (السلام شبين.pdf): 'سي ريتارد ٥٠٠/الكان' (Brand Sim: 85)

REQ: 'سيلفر سيز شراب'
  -> WH (المكرومي المنصورة.pdf): 'سي ريتارد ٥٠٠' (Brand Sim: 85)

REQ: 'سيلكتيفال كبسول'
  -> WH (السلام شبين.pdf): 'سي ريتارد ٥٠٠/الكان' (Brand Sim: 85)

REQ: 'سيلكتيفال كبسول'
  -> WH (المكرومي المنصورة.pdf): 'سي ريتارد ٥٠٠' (Brand Sim: 85)

REQ: 'سيلينيكس شامبو س ج'
  -> WH (السلام شبين.pdf): 'سي ريتارد ٥٠٠/الكان' (Brand Sim: 85)

REQ: 'سيلينيكس شامبو س ج'
  -> WH (المكرومي المنصورة.pdf): 'سي ريتارد ٥٠٠' (Brand Sim: 85)

REQ: 'سيلينيوم فيت 30قرص'
  -> WH (السلام شبين.pdf): 'سي ريتارد ٥٠٠/الكان' (Brand Sim: 85)

REQ: 'سيلينيوم فيت 30قرص'
  -> WH (المكرومي المنصورة.pdf): 'سي ريتارد ٥٠٠' (Brand Sim: 85)

REQ: 'سينتروباكس ادفانس اقراص'
  -> WH (السلام شبين.pdf): 'سي ريتارد ٥٠٠/الكان' (Brand Sim: 85)

REQ: 'سينتروباكس ادفانس اقراص'
  -> WH (المكرومي المنصورة.pdf): 'سي ريتارد ٥٠٠' (Brand Sim: 85)

REQ: 'سينمت  250/25مجم 20قرص س ج'
  -> WH (السلام شبين.pdf): 'سي ريتارد ٥٠٠/الكان' (Brand Sim: 85)

REQ: 'سينمت  250/25مجم 20قرص س ج'
  -> WH (المكرومي المنصورة.pdf): 'سي ريتارد ٥٠٠' (Brand Sim: 85)

REQ: 'سينوبريت اقراص'
  -> WH (السلام شبين.pdf): 'سي ريتارد ٥٠٠/الكان' (Brand Sim: 85)

REQ: 'سينوبريت اقراص'
  -> WH (المكرومي المنصورة.pdf): 'سي ريتارد ٥٠٠' (Brand Sim: 85)

REQ: 'سينوبريت اقراص'
  -> WH (الهضبة الاثنين نقدى0.pdf): 'سینوریت اقراص عادی/باکت150' (Brand Sim: 93.33333333333333)

REQ: 'سينوبريت اقراص'
  -> WH (الهضبة الاثنين نقدى0.pdf): 'سینوبریل 2 مجم اقراص/باکت 90' (Brand Sim: 87.5)

REQ: 'سينوبريل كواقراص س ج'
  -> WH (السلام شبين.pdf): 'سي ريتارد ٥٠٠/الكان' (Brand Sim: 85)

REQ: 'سينوبريل كواقراص س ج'
  -> WH (المكرومي المنصورة.pdf): 'سي ريتارد ٥٠٠' (Brand Sim: 85)

REQ: 'سينوبريل كواقراص س ج'
  -> WH (الهضبة الاثنين نقدى0.pdf): 'سینوبریل 2 مجم اقراص/باکت 90' (Brand Sim: 85)

REQ: 'فايركتا 3 شريط س ج'
  -> WH (الهضبة الاثنين نقدى0.pdf): 'فایرکلا 12 قرص/باکت 72' (Brand Sim: 85.71428571428572)

REQ: 'فايركتا 3 شريط س ج'
  -> WH (كيور فارما خاص.pdf): 'فايبركان ١٠ مجم ١٢ قرص جديد' (Brand Sim: 80.0)

REQ: 'فلوب شراب س ج'
  -> WH (الهضبة الاثنين نقدى0.pdf): 'فلوبیوتیک 200 مل اکیس' (Brand Sim: 85)

REQ: 'فيتا زنك  كبسول'
  -> WH (كيور فارما خاص.pdf): 'فیتا زون قرص قدیم' (Brand Sim: 87.5)

REQ: 'كارنيفيتا ادفانس للرجال30كيس س ج'
  -> WH (مخزن الحياة فارم اسكندريه-170.pdf): 'کارنتینا ادفانس رجال/باکت16' (Brand Sim: 83.72093023255813)

REQ: 'كالسيزوم د 60 كبسوله'
  -> WH (كيور فارما خاص.pdf): 'السيزول ٥٠٠مجم كبسول' (Brand Sim: 80.0)

REQ: 'كاندلكان 4مجم 14 قرص س ج'
  -> WH (المكرومي المنصورة.pdf): 'كانداكان؛ ٨ سعر جديد' (Brand Sim: 87.5)

REQ: 'كلاريتين اقراص س ج'
  -> WH (الهضبة الاثنين نقدى0.pdf): 'ال کارنتین عادی کپسول/باکت 20' (Brand Sim: 80.0)

REQ: 'كلاريتين اقراص س ج'
  -> WH (كيور فارما خاص.pdf): 'ال كارنتين اقراص عادى' (Brand Sim: 80.0)

REQ: 'كلاريتين شراب'
  -> WH (المكرومي المنصورة.pdf): 'ال كارنتين شراب/ميباكو' (Brand Sim: 80.0)

REQ: 'كلوزابين100 اقراص'
  -> WH (الهضبة الاثنين نقدى0.pdf): 'لزانبین 10 مج 21 قرص/الفرعونیة' (Brand Sim: 80.0)

REQ: 'كويتابين 25مجم 30قرص س ج'
  -> WH (الهضبة الاثنين نقدى0.pdf): 'کوتیاپین 25 مج اقراص' (Brand Sim: 87.5)

REQ: 'كيردالود 30قرص س ج'
  -> WH (كيور فارما خاص.pdf): 'کیراوید اس ار ۳ قرص' (Brand Sim: 80.0)

REQ: 'كيروفيت 3شريط'
  -> WH (المكرومي المنصورة.pdf): 'نيروفيت اقراص سعر جديد' (Brand Sim: 85.71428571428572)

REQ: 'كيروفيت 3شريط'
  -> WH (الهضبة الاثنين نقدى0.pdf): 'نیروپفیت اقراص/باكت 15' (Brand Sim: 80.0)

REQ: 'لبن بيديا ستارت 2'
  -> WH (الهضبة الاثنين نقدى0.pdf): 'لبن بدیا ستارت رقم 1/ باکت 24' (Brand Sim: 84.84848484848484)

REQ: 'لوسيدريل250مجم 20قرص'
  -> WH (المكرومي المنصورة.pdf): 'لوسيبريل ٥٠٠' (Brand Sim: 87.5)

REQ: 'مارفيلون 21قرص'
  -> WH (الهضبة الاثنين نقدى0.pdf): 'مافيلور 2.5 مج كبسول/باكت 10' (Brand Sim: 80.0)

REQ: 'مارفيلون 21قرص'
  -> WH (الهضبة الاثنين نقدى0.pdf): 'مافيلور 12.5/5 مج اقراص/باكت10' (Brand Sim: 80.0)

REQ: 'ميتفورمين1000مجم اكس ار اقراص'
  -> WH (الهضبة الاثنين نقدى0.pdf): 'ميتفون 1000 مج اقراص اكس ار' (Brand Sim: 86.95652173913044)

REQ: 'ميوكوسول شراب اطفال س ج'
  -> WH (المكرومي المنصورة.pdf): 'ميو صغير' (Brand Sim: 85)

REQ: 'نيفيلوب12.5/5مجم بلاس20قرص'
  -> WH (المكرومي المنصورة.pdf): 'نيفيلوب ٢.٥ سعر جديد ٤٦ ج' (Brand Sim: 100.0)

REQ: 'نيفيلوب12.5/5مجم بلاس20قرص'
  -> WH (المكرومي المنصورة.pdf): 'نيفيلوب ٥ عاده سعر جديد' (Brand Sim: 85)

REQ: 'نيفيلوب12.5/5مجم بلاس20قرص'
  -> WH (كيور فارما خاص.pdf): 'نیفلوب مجم اقراص' (Brand Sim: 92.3076923076923)

REQ: 'هيدروكين 200مجم 20قرص س ج'
  -> WH (السلام شبين.pdf): 'هيدروكينينا' (Brand Sim: 85)

REQ: 'يونيلوكسام500مجم2شريط س ج'
  -> WH (الهضبة الاثنين نقدى0.pdf): 'یونی ام اقراص/باكت 20' (Brand Sim: 85)


Total legitimate rejections with similar brand: 292
