Loaded 2718 warehouse items across 6 warehouse folders.
Total matched pairs: 175
Total review items: 9
Total Not Found items: 450

--- AUDITING NOT FOUND ITEMS (Checking for high similarity candidates) ---
High similarity candidates (score >= 80) in Not Found: 18
Partial similarity (60 <= score < 80): 299
Completely absent from inventory (score < 60): 133

--- DETAILED HIGH SIMILARITY NOT FOUND CASES ---
Shortage: 'ايستوزا اقراص'
  Candidate: 'اوستوماب اقراص' (كيور_فارما_خاص_6532a22310) [Score: 81.4814814814815]
  Parsed: Trade='اوستوماب', Strength='', Form='اقراص'
--------------------------------------------------
Shortage: 'بليتال 50مجم اقراص س ج'
  Candidate: 'سيتال اقراص 500 س ج' (مخزن_الحياة_فارم_اسكندريه_a10483ec7d) [Score: 82.92682926829268]
  Parsed: Trade='سيتال', Strength='500', Form='اقراص'
--------------------------------------------------
Shortage: 'بيا 400مجم اقراص'
  Candidate: 'بيا 300 مج اقراص' (الهضبة_الاثنين_نقدى0_6a3e48e076) [Score: 87.5]
  Parsed: Trade='بيا', Strength='300 مج', Form='اقراص'
--------------------------------------------------
Shortage: 'بيتافوس امبول'
  Candidate: 'ميثافيرون امبول بديل بيتافوس' (الهضبة_الاثنين_نقدى0_6a3e48e076) [Score: 100.0]
  Parsed: Trade='ميثافيرون', Strength='', Form='امبول'
--------------------------------------------------
Shortage: 'جاستروبيوتك 550 مج 20 قرص'
  Candidate: 'جاستروبيوتيك 200 مج 20 قرص ب 5' (الهضبة_الاثنين_نقدى0_6a3e48e076) [Score: 83.63636363636364]
  Parsed: Trade='جاستروبيوتيك', Strength='200 مج', Form='قرص'
--------------------------------------------------
Shortage: 'دابسوكيرل 50مجم جيل'
  Candidate: 'دابسوكيريل جيل 30 جم' (الهضبة_الاثنين_نقدى0_6a3e48e076) [Score: 87.17948717948718]
  Parsed: Trade='دابسوكيريل', Strength='30 جم', Form='جيل'
--------------------------------------------------
Shortage: 'زيستريل 20مجم 20قرص س ج'
  Candidate: 'زيستريل ٥ مجم قرص' (كيور_فارما_خاص_6532a22310) [Score: 80.0]
  Parsed: Trade='زيستريل', Strength='٥ مجم', Form='قرص'
--------------------------------------------------
Shortage: 'سكينورين كريم'
  Candidate: 'سكينوريتش كريم' (الهضبة_الاثنين_نقدى0_6a3e48e076) [Score: 88.88888888888889]
  Parsed: Trade='سكينوريتش', Strength='', Form='كريم'
--------------------------------------------------
Shortage: 'سيتال1جم اقراص س ج'
  Candidate: 'سيتال اقراص 500 س ج' (مخزن_الحياة_فارم_اسكندريه_a10483ec7d) [Score: 81.08108108108108]
  Parsed: Trade='سيتال', Strength='500', Form='اقراص'
--------------------------------------------------
Shortage: 'فاركوتيليام شراب'
  Candidate: 'فاركوتيليام كبسول/باكت60' (الهضبة_الاثنين_نقدى0_6a3e48e076) [Score: 81.48148148148148]
  Parsed: Trade='فاركوتيليام', Strength='', Form='كبسول'
--------------------------------------------------
Shortage: 'في اند كريم'
  Candidate: 'فى في كريم' (الهضبة_الاثنين_نقدى0_6a3e48e076) [Score: 82.35294117647058]
  Parsed: Trade='فى في', Strength='', Form='كريم'
--------------------------------------------------
Shortage: 'فيتونكس شراب'
  Candidate: 'ايفيرونك شراب' (الهضبة_الاثنين_نقدى0_6a3e48e076) [Score: 80.0]
  Parsed: Trade='ايفيرونك', Strength='', Form='شراب'
--------------------------------------------------
Shortage: 'فيروديونال كبسوله'
  Candidate: 'فيروديب كبسول' (المكرومي_المنصورة_9f96dd5050) [Score: 80.0]
  Parsed: Trade='فيروديب', Strength='', Form='كبسول'
--------------------------------------------------
Shortage: 'قرفة بالجنزبيل ايزيس'
  Candidate: 'ايزيس ليمون بالجنزبيل 12 فلتر' (الهضبة_الاثنين_نقدى0_6a3e48e076) [Score: 85.71428571428571]
  Parsed: Trade='ايزيس ليمون بالجنزبيل', Strength='', Form='فلتر'
--------------------------------------------------
Shortage: 'لبن بيديا ستارت 2'
  Candidate: 'لبن بيديا ستارت رقم 1/ باكت 24' (الهضبة_الاثنين_نقدى0_6a3e48e076) [Score: 93.75]
  Parsed: Trade='بيديا ستارت 1', Strength='', Form='لبن'
--------------------------------------------------
Shortage: 'موكسيسيارو بلس قطرة'
  Candidate: 'سينارو بلس قطرة' (كيور_فارما_خاص_6532a22310) [Score: 82.35294117647058]
  Parsed: Trade='سينارو بلس', Strength='', Form='قطرة'
--------------------------------------------------
Shortage: 'ينسون ايزيس س ج'
  Candidate: 'ايزيس ينسون بالليمون 20 فلتر' (الهضبة_الاثنين_نقدى0_6a3e48e076) [Score: 84.61538461538461]
  Parsed: Trade='ايزيس ينسون بالليمون', Strength='', Form='فلتر'
--------------------------------------------------
Shortage: 'يورينكس كبسول'
  Candidate: 'ديلاريكس كبسول' (كيور_فارما_خاص_6532a22310) [Score: 81.48148148148148]
  Parsed: Trade='ديلاريكس', Strength='', Form='كبسول'
--------------------------------------------------
