Total Not Found items in PROC-014: 486

============================================================
[*] Processing Warehouse files (6 file(s)) [PARALLEL WORKERS]
============================================================

  -> [START] Processing file: السلام شبين.pdf (Type: .pdf)
[*] Processing PDF file: السلام شبين.pdf

  -> [START] Processing file: المكرومي المنصورة.pdf (Type: .pdf)

  -> [START] Processing file: الهضبة الاثنين نقدى0.pdf (Type: .pdf)
[*] Processing PDF file: المكرومي المنصورة.pdf
[*] Processing PDF file: الهضبة الاثنين نقدى0.pdf

  -> [START] Processing file: جملة العمروووو.pdf (Type: .pdf)
[*] Processing PDF file: جملة العمروووو.pdf

  -> [START] Processing file: كيور فارما خاص.pdf (Type: .pdf)
[*] Processing PDF file: كيور فارما خاص.pdf

  -> [START] Processing file: مخزن الحياة فارم اسكندريه-170.pdf (Type: .pdf)
[*] Processing PDF file: مخزن الحياة فارم اسكندريه-170.pdf
[+] Loaded 19 items from local cache: جملة العمروووو.pdf
  -> [DONE] جملة العمروووو.pdf: 19 items extracted.
[+] Loaded 1071 items from local cache: الهضبة الاثنين نقدى0.pdf
  -> [DONE] الهضبة الاثنين نقدى0.pdf: 1071 items extracted.
[+] Loaded 222 items from local cache: مخزن الحياة فارم اسكندريه-170.pdf
  -> [DONE] مخزن الحياة فارم اسكندريه-170.pdf: 222 items extracted.
[+] Loaded 187 items from local cache: السلام شبين.pdf
  -> [DONE] السلام شبين.pdf: 187 items extracted.
[+] Loaded 715 items from local cache: كيور فارما خاص.pdf
  -> [DONE] كيور فارما خاص.pdf: 715 items extracted.
[+] Loaded 503 items from local cache: المكرومي المنصورة.pdf
  -> [DONE] المكرومي المنصورة.pdf: 503 items extracted.

============================================================
[+] Completed Warehouse: 2717 items from 6 file(s)
============================================================

Loaded warehouse catalogs:
  - جملة العمروووو.pdf: 19 items
  - الهضبة الاثنين نقدى0.pdf: 1071 items
  - مخزن الحياة فارم اسكندريه-170.pdf: 222 items
  - السلام شبين.pdf: 187 items
  - كيور فارما خاص.pdf: 715 items
  - المكرومي المنصورة.pdf: 503 items
Total warehouse items: 2717

================================================================================
DEEP SCAN: CHECKING NOT-FOUND ITEMS FOR MISSED MATCHES
================================================================================
Found 204 suspicious candidates with score >= 70% in Not Found items:
01. Score: 100.0% | WH: [المكرومي المنصورة.pdf]
    Shortage: 'لبن هيرو بيبي 2'
    WH Item:  'هيرو بيبي ٢'

02. Score: 92.3% | WH: [كيور فارما خاص.pdf]
    Shortage: 'برونكوفين شراب'
    WH Item:  'برونكوف شراب'

03. Score: 90.0% | WH: [كيور فارما خاص.pdf]
    Shortage: 'فلوبادكس 8مجم اقراص'
    WH Item:  'فلوبيادکس ٤ مجم اقراص'

04. Score: 89.5% | WH: [كيور فارما خاص.pdf]
    Shortage: 'روكسيكام 8مجم 20قرص'
    WH Item:  'روکسیکام ٩٠ مجم قرص'

05. Score: 88.9% | WH: [الهضبة الاثنين نقدى0.pdf]
    Shortage: 'سكينورين كريم'
    WH Item:  'سکینوریتش کریم'

06. Score: 87.5% | WH: [الهضبة الاثنين نقدى0.pdf]
    Shortage: 'بيا 400مجم اقراص'
    WH Item:  'پیا 300 مج اقراص'

07. Score: 87.2% | WH: [الهضبة الاثنين نقدى0.pdf]
    Shortage: 'جابيميدرا 10مجم اقراص'
    WH Item:  'جابیمدا 15مج اقراص'

08. Score: 85.0% | WH: [كيور فارما خاص.pdf]
    Shortage: 'لوسيدريل250مجم 20قرص'
    WH Item:  'لوسیدریل ۲۰۰ مجم قرص'

09. Score: 84.6% | WH: [كيور فارما خاص.pdf]
    Shortage: 'يورينكس كبسول'
    WH Item:  'فیمونکس کپسول'

10. Score: 84.2% | WH: [الهضبة الاثنين نقدى0.pdf]
    Shortage: 'ريتشي بانثينول كريم ادفانس'
    WH Item:  'یوریتشی پانتیول ادفانس کریم جیل'

11. Score: 84.2% | WH: [كيور فارما خاص.pdf]
    Shortage: 'اريببركس100مل شراب'
    WH Item:  'ریبوپاکس ١٠٠ مل شراب'

12. Score: 84.2% | WH: [الهضبة الاثنين نقدى0.pdf]
    Shortage: 'في اند كريم'
    WH Item:  'ف ن کریم'

13. Score: 82.9% | WH: [مخزن الحياة فارم اسكندريه-170.pdf]
    Shortage: 'بليتال 50مجم اقراص س ج'
    WH Item:  'سيتال اقراص 500 س ج'

14. Score: 82.6% | WH: [كيور فارما خاص.pdf]
    Shortage: 'تورسامولكس10مجم اقراص س ج'
    WH Item:  'تورساموکس ۱۰ جم اقراص'

15. Score: 81.8% | WH: [الهضبة الاثنين نقدى0.pdf]
    Shortage: 'نيكسيبرازول 40مجم اقراص'
    WH Item:  'ايبر ازول 40 مج اقراص'

16. Score: 81.5% | WH: [المكرومي المنصورة.pdf]
    Shortage: 'زنكو بلاس شراب'
    WH Item:  'اكوا بلس شراب'

17. Score: 81.5% | WH: [الهضبة الاثنين نقدى0.pdf]
    Shortage: 'كلينداسول جل'
    WH Item:  'ماليندا غسول جل'

18. Score: 81.1% | WH: [مخزن الحياة فارم اسكندريه-170.pdf]
    Shortage: 'سيتال1جم اقراص س ج'
    WH Item:  'سيتال اقراص 500 س ج'

19. Score: 81.0% | WH: [كيور فارما خاص.pdf]
    Shortage: 'بيتاكاروتين فورت 20كبسوله'
    WH Item:  'بیوتین فورت کپسول'

20. Score: 80.0% | WH: [كيور فارما خاص.pdf]
    Shortage: 'ابيفيناك قطرة س ج'
    WH Item:  'ابيفيناك حقن'

21. Score: 80.0% | WH: [كيور فارما خاص.pdf]
    Shortage: 'ايستوزا اقراص'
    WH Item:  'سيستون اقراص'

22. Score: 80.0% | WH: [كيور فارما خاص.pdf]
    Shortage: 'برونكوفين شراب س ج'
    WH Item:  'برونكوف شراب'

23. Score: 80.0% | WH: [مخزن الحياة فارم اسكندريه-170.pdf]
    Shortage: 'ديباكين كرونو500مجم اقراص'
    WH Item:  'ديبوزين 500مجم اقراص'

24. Score: 80.0% | WH: [كيور فارما خاص.pdf]
    Shortage: 'زيستريل 20مجم 20قرص س ج'
    WH Item:  'زیستریل ١٠مجم قرص'

25. Score: 80.0% | WH: [الهضبة الاثنين نقدى0.pdf]
    Shortage: 'فيروديونال كبسوله'
    WH Item:  'فیروبین کپسول'

26. Score: 79.2% | WH: [المكرومي المنصورة.pdf]
    Shortage: 'بروفين 200مجم 30قرص س ج'
    WH Item:  'برونفين ٤٠٠مجم ، ١٠قرص س.ج ٩٩ج'

27. Score: 78.9% | WH: [المكرومي المنصورة.pdf]
    Shortage: 'برايم روز اي اقراص س ج'
    WH Item:  'ابي رايز اقراص ج'

28. Score: 78.6% | WH: [كيور فارما خاص.pdf]
    Shortage: 'بانتوبرازول 40 مجم اقراص س ج'
    WH Item:  'بانجيستازول ٤٠مجم اقراص جديد'

29. Score: 78.6% | WH: [السلام شبين.pdf]
    Shortage: 'بيتافوس امبول'
    WH Item:  'ديكافورتس امبول'

30. Score: 78.6% | WH: [كيور فارما خاص.pdf]
    Shortage: 'تريبليكسام10/2.5/10مجم15قرص'
    WH Item:  'تریپلکسام ٠/٢/٥/١٠ مجم ٣٠ قرص'

31. Score: 78.3% | WH: [كيور فارما خاص.pdf]
    Shortage: 'كابرجامون 5مجم اقراص س ج'
    WH Item:  'کابریامون ۰.۵ جم اقراص'

32. Score: 78.3% | WH: [الهضبة الاثنين نقدى0.pdf]
    Shortage: 'مالكون كريم'
    WH Item:  'ماليندا كريم'

33. Score: 78.0% | WH: [مخزن الحياة فارم اسكندريه-170.pdf]
    Shortage: 'ستلاسيل 5 جم اقراص س ج'
    WH Item:  'سيتال اقراص 500 س ج'

34. Score: 78.0% | WH: [مخزن الحياة فارم اسكندريه-170.pdf]
    Shortage: 'سيرباس 50مجم اقراص س ج'
    WH Item:  'سيتال اقراص 500 س ج'

35. Score: 77.8% | WH: [المكرومي المنصورة.pdf]
    Shortage: 'فلابو 600 اقراص'
    WH Item:  'فلامولام ٦٠٠مجم اقراص'

36. Score: 77.8% | WH: [السلام شبين.pdf]
    Shortage: 'ميراج 500مجم حقن'
    WH Item:  'بالمكيرت ٥٠٠ مجم حقن'

37. Score: 77.6% | WH: [المكرومي المنصورة.pdf]
    Shortage: 'فلوتاك 75مجم اقراص س ج'
    WH Item:  'كلوبكس ٧٥مجم اقراص س.ج ١٥٠ج'

38. Score: 77.4% | WH: [السلام شبين.pdf]
    Shortage: 'ديورافوس 1 امبول'
    WH Item:  'ديكافورتس امبول'

39. Score: 77.4% | WH: [المكرومي المنصورة.pdf]
    Shortage: 'سباسكولون 100مجم اقراص س ج'
    WH Item:  'بوتيكس ١٠٠مجم اقراص'

40. Score: 77.4% | WH: [كيور فارما خاص.pdf]
    Shortage: 'كورتكس شامبو للقشره'
    WH Item:  'الوكيتا انتى داندروف شامبو للقشرة'

41. Score: 76.9% | WH: [الهضبة الاثنين نقدى0.pdf]
    Shortage: 'ابيتنس اقراص'
    WH Item:  'دیکابرین اقراض'

42. Score: 76.9% | WH: [المكرومي المنصورة.pdf]
    Shortage: 'البيوستكس 8مجم اقراص'
    WH Item:  'بوتيكس ١٠٠مجم اقراص'

43. Score: 76.9% | WH: [الهضبة الاثنين نقدى0.pdf]
    Shortage: 'بيدرو كريم تفتيح'
    WH Item:  'داي كريم تفتيح نهاري'

44. Score: 76.9% | WH: [كيور فارما خاص.pdf]
    Shortage: 'تربتيزول10 مجم اقراص'
    WH Item:  'پیرویلد ۱۰ جم اقراص'

45. Score: 76.9% | WH: [كيور فارما خاص.pdf]
    Shortage: 'ترياكور 5مجم اقراص'
    WH Item:  'دیکلوپرو ٥٠ مجم اقراص'

46. Score: 76.9% | WH: [المكرومي المنصورة.pdf]
    Shortage: 'ديكسافين شراب'
    WH Item:  'ايكسيدون شراب'

47. Score: 76.9% | WH: [الهضبة الاثنين نقدى0.pdf]
    Shortage: 'روزينول   كبسول'
    WH Item:  'فیروبین کپسول'

48. Score: 76.9% | WH: [كيور فارما خاص.pdf]
    Shortage: 'زانثيبوكس 80مجم اقراص'
    WH Item:  'زانیسیتو ٨٠مجم قرص'

49. Score: 76.9% | WH: [السلام شبين.pdf]
    Shortage: 'زوفيراكس400مجم اقراص س ج'
    WH Item:  'زوفيراكس ٢٠٠مجم اقراص/جلاكسو'

50. Score: 76.9% | WH: [كيور فارما خاص.pdf]
    Shortage: 'سايبنتولا قطره'
    WH Item:  'سيبازول قطرة'

51. Score: 76.9% | WH: [الهضبة الاثنين نقدى0.pdf]
    Shortage: 'فيرنيلار اقراص'
    WH Item:  'ج فیرا اقراص'

52. Score: 76.9% | WH: [مخزن الحياة فارم اسكندريه-170.pdf]
    Shortage: 'ليبونكس 25مجم اقراص'
    WH Item:  'ديبوزين 500مجم اقراص'

53. Score: 76.9% | WH: [مخزن الحياة فارم اسكندريه-170.pdf]
    Shortage: 'نيورازين25مجم اقراص'
    WH Item:  'ديبوزين 500مجم اقراص'

54. Score: 76.5% | WH: [كيور فارما خاص.pdf]
    Shortage: 'انترستو 100مجم 28قرص'
    WH Item:  'اتور ١٠مجم قرص'

55. Score: 76.5% | WH: [الهضبة الاثنين نقدى0.pdf]
    Shortage: 'سومازينا سوبرا كبسول'
    WH Item:  'سوپر سیز کپسول'

56. Score: 76.5% | WH: [مخزن الحياة فارم اسكندريه-170.pdf]
    Shortage: 'كوفرسيل 5مجم 30قرص'
    WH Item:  'کوفیار/5مجم30قرص'

57. Score: 76.4% | WH: [الهضبة الاثنين نقدى0.pdf]
    Shortage: 'سوكابريكسام5/1.25/10مجم30قرص'
    WH Item:  'سوکابریکسام 2.5/10 مج اقراص'

58. Score: 76.4% | WH: [المكرومي المنصورة.pdf]
    Shortage: 'سيفاثرد 300 مجم 10 كبسول س ج'
    WH Item:  'دالاسين سي ٣٠٠ مجم ١٠ كبسول'

59. Score: 76.2% | WH: [كيور فارما خاص.pdf]
    Shortage: 'ايموكس 250مجم شراب س ج'
    WH Item:  'فلوموکس ٢٥٠ مجم شراب'

60. Score: 76.2% | WH: [المكرومي المنصورة.pdf]
    Shortage: 'بروليفز شراب'
    WH Item:  'ليفت شراب'

61. Score: 76.2% | WH: [كيور فارما خاص.pdf]
    Shortage: 'روزوكوليست 10 مجم اقراص'
    WH Item:  'زورکال ٢٠ مجم اقراص'

62. Score: 76.2% | WH: [المكرومي المنصورة.pdf]
    Shortage: 'فاردي 20مجم اقراص س ج'
    WH Item:  'انتودين ، ٢٠مجم اقراص'

63. Score: 76.2% | WH: [مخزن الحياة فارم اسكندريه-170.pdf]
    Shortage: 'فلوب شراب س ج'
    WH Item:  'سيتال شراب س ج باكت20'

64. Score: 76.2% | WH: [الهضبة الاثنين نقدى0.pdf]
    Shortage: 'فلوكسيبسي400مجم اقراص'
    WH Item:  'لوسيبريل 500 مج اقراص'

65. Score: 76.2% | WH: [السلام شبين.pdf]
    Shortage: 'مونتيلوراما 10مجم اقراص'
    WH Item:  'نوفونورم ١مجم اقراص'

66. Score: 75.9% | WH: [كيور فارما خاص.pdf]
    Shortage: 'انتي كوكس 6امبول'
    WH Item:  'پنتولکس آمپول'

67. Score: 75.9% | WH: [المكرومي المنصورة.pdf]
    Shortage: 'تشيكس اميون شراب'
    WH Item:  'ايكسيدون شراب'

68. Score: 75.9% | WH: [الهضبة الاثنين نقدى0.pdf]
    Shortage: 'سيرازيت اقراص س ج'
    WH Item:  'ج فیرا اقراص'

69. Score: 75.9% | WH: [الهضبة الاثنين نقدى0.pdf]
    Shortage: 'كارديوتون اقراص'
    WH Item:  'دیکابرین اقراض'

70. Score: 75.9% | WH: [الهضبة الاثنين نقدى0.pdf]
    Shortage: 'ليبراكس اقراص س ج'
    WH Item:  'ج فیرا اقراص'

71. Score: 75.7% | WH: [كيور فارما خاص.pdf]
    Shortage: 'ايموكسكلاف 625 مجم اقراص س ج'
    WH Item:  'ايموكسكلاف ٤٥٧ مجم شراب'

72. Score: 75.7% | WH: [مخزن الحياة فارم اسكندريه-170.pdf]
    Shortage: 'ليليبل10مجم اقراص'
    WH Item:  'لیوفندیل500مجم اقراص'

73. Score: 75.6% | WH: [كيور فارما خاص.pdf]
    Shortage: 'ايليديل كريم30جم كبير'
    WH Item:  'میکسیدرم کریم ۳۰ جم کبیر'

74. Score: 75.6% | WH: [المكرومي المنصورة.pdf]
    Shortage: 'فيلوسيف500مجم كبسول س ج'
    WH Item:  'ديوراسيف ٥٠٠ مجم كبسول'

75. Score: 75.6% | WH: [مخزن الحياة فارم اسكندريه-170.pdf]
    Shortage: 'ليفوفلوكساسين500مجم اقراص'
    WH Item:  'لیوفندیل500مجم اقراص'

76. Score: 75.5% | WH: [الهضبة الاثنين نقدى0.pdf]
    Shortage: 'جاستروبيوتك 550 مج 20 قرص'
    WH Item:  'استروپوییک 200 مج 20 قرص ب 5'

77. Score: 75.0% | WH: [كيور فارما خاص.pdf]
    Shortage: 'اتميبرازول 40مجم 20 قرص س ج'
    WH Item:  'دیرام ٤٠مجم قرص'

78. Score: 75.0% | WH: [كيور فارما خاص.pdf]
    Shortage: 'افروزوليد150 مل شراب'
    WH Item:  'انفلكوزيد ٢٥ مل شراب'

79. Score: 75.0% | WH: [كيور فارما خاص.pdf]
    Shortage: 'اي يست كبسول س ج'
    WH Item:  'دایجست ایز کپسول'

80. Score: 75.0% | WH: [المكرومي المنصورة.pdf]
    Shortage: 'ايميرست اقراص 8 مجم 10 قرص'
    WH Item:  'تارج ٢٠ مجم ١٠ اقراص'

81. Score: 75.0% | WH: [كيور فارما خاص.pdf]
    Shortage: 'سنوليفا اقراص'
    WH Item:  'جنیرا اقراص'

82. Score: 75.0% | WH: [كيور فارما خاص.pdf]
    Shortage: 'سيبروباي 750مجم10قرص'
    WH Item:  'سيبروفار ٢٥٠ مجم قرص'

83. Score: 75.0% | WH: [كيور فارما خاص.pdf]
    Shortage: 'فنتال بخاخ العربية'
    WH Item:  'فتال عادى بخاخ'

84. Score: 75.0% | WH: [مخزن الحياة فارم اسكندريه-170.pdf]
    Shortage: 'مويست 1 كريم'
    WH Item:  'موفی اب کریم'

85. Score: 74.4% | WH: [الهضبة الاثنين نقدى0.pdf]
    Shortage: 'تاموكسيفين 10مجم30قرص'
    WH Item:  'ميروكستين 10 مج 30 قرص'

86. Score: 74.4% | WH: [كيور فارما خاص.pdf]
    Shortage: 'سيردالود 2 مجم اقراص س ج'
    WH Item:  'سيتال ٢٠٠ مجم اقراص'

87. Score: 74.4% | WH: [الهضبة الاثنين نقدى0.pdf]
    Shortage: 'لاكسيول بي ملين اقراص'
    WH Item:  'ليمبنس بى اى بلس اقراص'

88. Score: 74.4% | WH: [المكرومي المنصورة.pdf]
    Shortage: 'ليبترين 10/10مجم 14قراص'
    WH Item:  'ديابين ١٠٠ مجم اقراص'

89. Score: 74.4% | WH: [كيور فارما خاص.pdf]
    Shortage: 'نت لوك 20مجم اقراص س ج'
    WH Item:  'کونترولوک ۴۰مجم اقراص'

90. Score: 74.4% | WH: [المكرومي المنصورة.pdf]
    Shortage: 'نيوروفيت اقراص  3 شريط'
    WH Item:  'نيروفيت اقراص سعر جديد'

91. Score: 74.3% | WH: [كيور فارما خاص.pdf]
    Shortage: 'يونايتد فيت اقراص'
    WH Item:  'تیبونیا فورت اقراص'

92. Score: 74.1% | WH: [المكرومي المنصورة.pdf]
    Shortage: 'بيتاديرم مرهم س ج'
    WH Item:  'بيتاديرم كريم ١٠ جم س.ج ١٨ ج'

93. Score: 74.1% | WH: [كيور فارما خاص.pdf]
    Shortage: 'بيرافين امبول'
    WH Item:  'کیتروپین امبول'

94. Score: 74.1% | WH: [كيور فارما خاص.pdf]
    Shortage: 'سكروفير امبول'
    WH Item:  'کیتروپین امبول'

95. Score: 74.1% | WH: [كيور فارما خاص.pdf]
    Shortage: 'فلورست ان اقراص'
    WH Item:  'دافرکس اقراص'

96. Score: 74.1% | WH: [كيور فارما خاص.pdf]
    Shortage: 'كلاريتين شراب'
    WH Item:  'کریتیپتور شراب'

97. Score: 74.1% | WH: [كيور فارما خاص.pdf]
    Shortage: 'نورجيسك اقراص'
    WH Item:  'فوميبريک اقراص'

98. Score: 73.9% | WH: [كيور فارما خاص.pdf]
    Shortage: 'ابيكوفلوسين200مجم10قرص'
    WH Item:  'ابيورفاستين ١٠مجم ١٠ قرص'

99. Score: 73.9% | WH: [المكرومي المنصورة.pdf]
    Shortage: 'تاريفيد 200مجم اقراص س ج'
    WH Item:  'تافاسين ٥٠٠مجم قرص س.ج'

100. Score: 73.9% | WH: [كيور فارما خاص.pdf]
    Shortage: 'لورنوكسيكام 8 مجم اقراص س ج'
    WH Item:  'روکسیکام ٩٠ مجم قرص'

101. Score: 73.7% | WH: [الهضبة الاثنين نقدى0.pdf]
    Shortage: 'اميبريد50مجم اقراص س ج'
    WH Item:  'ج فیرا اقراص'

102. Score: 73.7% | WH: [مخزن الحياة فارم اسكندريه-170.pdf]
    Shortage: 'اندرال10مجم اقراص'
    WH Item:  'اوندانليزر 8مجم اقراص'

103. Score: 73.7% | WH: [كيور فارما خاص.pdf]
    Shortage: 'انسيلاكوكس 60 مجم 30 قرص س ج'
    WH Item:  'تکلو قرص س ج'

104. Score: 73.7% | WH: [المكرومي المنصورة.pdf]
    Shortage: 'اوسوبان800مجم 20قرص'
    WH Item:  'ايكسيدون ٠مجم ٢٠قرص'

105. Score: 73.7% | WH: [الهضبة الاثنين نقدى0.pdf]
    Shortage: 'اوكسازوليد600مجم اقراص س ج'
    WH Item:  'ج فیرا اقراص'

106. Score: 73.7% | WH: [المكرومي المنصورة.pdf]
    Shortage: 'اوني 5مجم مل شراب'
    WH Item:  'ايموكسكلاف ٥٧مجم شراب'

107. Score: 73.7% | WH: [كيور فارما خاص.pdf]
    Shortage: 'ايجيكوستات بلس /مينالاكس'
    WH Item:  'ابيجيكوست بلس اقراص بديل مينالاكس'

108. Score: 73.7% | WH: [كيور فارما خاص.pdf]
    Shortage: 'ايفرزين لوشن'
    WH Item:  'ايفرزين كريم'

109. Score: 73.7% | WH: [الهضبة الاثنين نقدى0.pdf]
    Shortage: 'ايكاندرا بلس اقراص س ج'
    WH Item:  'ج فیرا اقراص'

110. Score: 73.7% | WH: [كيور فارما خاص.pdf]
    Shortage: 'تريتاس 2.5 مجم 14قرص'
    WH Item:  'کویتابکس ۲۵ جم قرص'

111. Score: 73.7% | WH: [الهضبة الاثنين نقدى0.pdf]
    Shortage: 'دافاليندي5000جم اقراص س ج'
    WH Item:  'ج فیرا اقراص'

112. Score: 73.7% | WH: [الهضبة الاثنين نقدى0.pdf]
    Shortage: 'سليب ايز 3مجم اقراص س ج'
    WH Item:  'ج فیرا اقراص'

113. Score: 73.7% | WH: [الهضبة الاثنين نقدى0.pdf]
    Shortage: 'سيترونوميت 4 مجم اقراص س ج'
    WH Item:  'ج فیرا اقراص'

114. Score: 73.7% | WH: [الهضبة الاثنين نقدى0.pdf]
    Shortage: 'فلوادجست25مجم اقراص س ج'
    WH Item:  'ج فیرا اقراص'

115. Score: 73.7% | WH: [كيور فارما خاص.pdf]
    Shortage: 'فيتونكس شراب'
    WH Item:  'فیتونکس «شریط» جدید'

116. Score: 73.7% | WH: [الهضبة الاثنين نقدى0.pdf]
    Shortage: 'كالدين سي كي اقراص س ج'
    WH Item:  'ج فیرا اقراص'

117. Score: 73.7% | WH: [كيور فارما خاص.pdf]
    Shortage: 'كاندلكان 4مجم 14 قرص س ج'
    WH Item:  'تکلو قرص س ج'

118. Score: 73.7% | WH: [الهضبة الاثنين نقدى0.pdf]
    Shortage: 'كلاريتين اقراص س ج'
    WH Item:  'ج فیرا اقراص'

119. Score: 73.7% | WH: [كيور فارما خاص.pdf]
    Shortage: 'كولوسلازين500 مجم20 قرص س ج'
    WH Item:  'تکلو قرص س ج'

120. Score: 73.7% | WH: [الهضبة الاثنين نقدى0.pdf]
    Shortage: 'ماكسوفاج1جم اكس ار اقراص س ج'
    WH Item:  'ج فیرا اقراص'

121. Score: 73.7% | WH: [كيور فارما خاص.pdf]
    Shortage: 'ميثوريلاكس 30 قرص س ج'
    WH Item:  'تکلو قرص س ج'

122. Score: 73.7% | WH: [كيور فارما خاص.pdf]
    Shortage: 'نابيبرادين 7.5 مجم 30 قرص س ج'
    WH Item:  'تکلو قرص س ج'

123. Score: 73.7% | WH: [الهضبة الاثنين نقدى0.pdf]
    Shortage: 'نايت كالم 3جرام اقراص س ج'
    WH Item:  'ج فیرا اقراص'

124. Score: 73.7% | WH: [الهضبة الاثنين نقدى0.pdf]
    Shortage: 'نويوريك300مجم اقراص س ج'
    WH Item:  'ج فیرا اقراص'

125. Score: 73.7% | WH: [الهضبة الاثنين نقدى0.pdf]
    Shortage: 'نيتازود اقراص س ج'
    WH Item:  'ج فیرا اقراص'

126. Score: 73.3% | WH: [كيور فارما خاص.pdf]
    Shortage: 'سيالونج5مجم30قرص'
    WH Item:  'الوند ٥مجم قرص'

127. Score: 73.3% | WH: [كيور فارما خاص.pdf]
    Shortage: 'كيردالود 30قرص س ج'
    WH Item:  'تکلو قرص س ج'

128. Score: 73.3% | WH: [الهضبة الاثنين نقدى0.pdf]
    Shortage: 'لوبيكونت8مجم اقراص'
    WH Item:  'دیکومچ اقراض'

129. Score: 73.3% | WH: [المكرومي المنصورة.pdf]
    Shortage: 'مينوفللين ان امبول'
    WH Item:  'اميفير امبول'

130. Score: 73.2% | WH: [كيور فارما خاص.pdf]
    Shortage: 'براديبيكت 5 مجم 28 قرص'
    WH Item:  'ايزابريل ٢٥ مجم قرص'

131. Score: 73.1% | WH: [كيور فارما خاص.pdf]
    Shortage: 'بالموكورت  25. مجم امبول س ج'
    WH Item:  'لانجوکورت ۵۰۰ مجم ۲ آمپول'

132. Score: 72.7% | WH: [كيور فارما خاص.pdf]
    Shortage: 'انوكسيكام 20مجم 20قرص س ج'
    WH Item:  'روکسیکام ٩٠ مجم قرص'

133. Score: 72.7% | WH: [الهضبة الاثنين نقدى0.pdf]
    Shortage: 'بقدونس وكرفس ايزيس'
    WH Item:  'ایزیز بقدونس وکرکس 20 فلتر'

134. Score: 72.7% | WH: [المكرومي المنصورة.pdf]
    Shortage: 'ديافانس 5مجم 30قرص س ج'
    WH Item:  'تافاسين ٥٠٠مجم قرص س.ج'

135. Score: 72.7% | WH: [مخزن الحياة فارم اسكندريه-170.pdf]
    Shortage: 'سيالس 2قرص س ج'
    WH Item:  'سيتال اقراص 500 س ج'

136. Score: 72.7% | WH: [كيور فارما خاص.pdf]
    Shortage: 'فيلكسوفان كبسول س ج'
    WH Item:  'ریلاکسون کپسول'

137. Score: 72.7% | WH: [مخزن الحياة فارم اسكندريه-170.pdf]
    Shortage: 'كيتاديل25مجم30قرص'
    WH Item:  'کوفیار/5مجم30قرص'

138. Score: 72.7% | WH: [المكرومي المنصورة.pdf]
    Shortage: 'ليفانيك500مجم 7قرص س ج'
    WH Item:  'تافاسين ٥٠٠مجم قرص س.ج'

139. Score: 72.7% | WH: [المكرومي المنصورة.pdf]
    Shortage: 'هيدروكين 200مجم 20قرص س ج'
    WH Item:  'ايكسيدون ٠مجم ٢٠قرص'

140. Score: 72.7% | WH: [كيور فارما خاص.pdf]
    Shortage: 'ستيمولان امبول'
    WH Item:  'ستيمولان ٨٠٠ مجم قرص'

141. Score: 72.7% | WH: [كيور فارما خاص.pdf]
    Shortage: 'فلوتن 14 كبسول'
    WH Item:  'بیزوبل ۱۴ مجم ۱۴ کپسول'

142. Score: 72.2% | WH: [المكرومي المنصورة.pdf]
    Shortage: 'كونجيستال شراب س ج'
    WH Item:  'سيتال شراب س.ج ٤٣ج'

143. Score: 72.2% | WH: [مخزن الحياة فارم اسكندريه-170.pdf]
    Shortage: 'كونفاجران100مجم30قرص'
    WH Item:  'کوفیار/5مجم30قرص'

144. Score: 72.2% | WH: [كيور فارما خاص.pdf]
    Shortage: 'الكابرس10مجم30قرص'
    WH Item:  'الكابريد ٥مجم ٣ قرص'

145. Score: 72.0% | WH: [مخزن الحياة فارم اسكندريه-170.pdf]
    Shortage: 'اتلانتيكو30قرص'
    WH Item:  'انتوكس30قرص'

146. Score: 72.0% | WH: [الهضبة الاثنين نقدى0.pdf]
    Shortage: 'شان سيكا كريم'
    WH Item:  'اسكيزما كريم'

147. Score: 72.0% | WH: [كيور فارما خاص.pdf]
    Shortage: 'فيوسيدين 15جم مرهم صغير'
    WH Item:  'فیوسیکورت ۱۵م گرم کریم صغیر'

148. Score: 71.8% | WH: [مخزن الحياة فارم اسكندريه-170.pdf]
    Shortage: 'ادويفلام50مجم جل س ج'
    WH Item:  'دوكسيم 500مجم 5 س ج'

149. Score: 71.8% | WH: [كيور فارما خاص.pdf]
    Shortage: 'اريثركس200مجم2شريط'
    WH Item:  'سيلبريكس ٢٠٠ مجم شريط'

150. Score: 71.8% | WH: [الهضبة الاثنين نقدى0.pdf]
    Shortage: 'دابسوكيرل 50مجم جيل'
    WH Item:  'دابسوكسيريل جل 30 جم'

151. Score: 71.8% | WH: [المكرومي المنصورة.pdf]
    Shortage: 'سالبين  1500 مجم فيال'
    WH Item:  'سيروفيروزال ٥٠٠ مجم'

152. Score: 71.8% | WH: [المكرومي المنصورة.pdf]
    Shortage: 'سيلينيكس شامبو س ج'
    WH Item:  'نيزابكس شامبو س.ج ٦٨ج'

153. Score: 71.8% | WH: [كيور فارما خاص.pdf]
    Shortage: 'مامي كير50جم كريم'
    WH Item:  'سكاى كيور ١٢٠ مجم كريم'

154. Score: 71.7% | WH: [المكرومي المنصورة.pdf]
    Shortage: 'سيبروسين500مجم10قرص س ج'
    WH Item:  'برونفين ٤٠٠مجم ، ١٠قرص س.ج ٩٩ج'

155. Score: 71.7% | WH: [كيور فارما خاص.pdf]
    Shortage: 'روزاسيف 30 كبسوله/ برايم روز'
    WH Item:  'برايم روز بلاس كبسول جديد'

156. Score: 71.4% | WH: [كيور فارما خاص.pdf]
    Shortage: 'افاندروكس شراب'
    WH Item:  'نازروکسید شراب'

157. Score: 71.4% | WH: [مخزن الحياة فارم اسكندريه-170.pdf]
    Shortage: 'اكسفورج 10مجم اتش سي تي س ج'
    WH Item:  'کست 10مجم'

158. Score: 71.4% | WH: [مخزن الحياة فارم اسكندريه-170.pdf]
    Shortage: 'بروستيترول 10مجم'
    WH Item:  'کست 10مجم'

159. Score: 71.4% | WH: [مخزن الحياة فارم اسكندريه-170.pdf]
    Shortage: 'جراليبنتين300مجم اقراص'
    WH Item:  'ديبوزين 500مجم اقراص'

160. Score: 71.4% | WH: [كيور فارما خاص.pdf]
    Shortage: 'ديكلوفلام10قرص'
    WH Item:  'کلوفانت ۱۰ قرص'

161. Score: 71.4% | WH: [مخزن الحياة فارم اسكندريه-170.pdf]
    Shortage: 'سيكلور 250مل شراب س ج'
    WH Item:  'سيتال شراب س ج باكت20'

162. Score: 71.4% | WH: [كيور فارما خاص.pdf]
    Shortage: 'سيلكتيفال كبسول'
    WH Item:  'انتينال كبسول'

163. Score: 71.4% | WH: [المكرومي المنصورة.pdf]
    Shortage: 'فاموتاك 40مجم 20قرص س ج'
    WH Item:  'اليوكس ٠مجم ، ٢٠قرص'

164. Score: 71.4% | WH: [كيور فارما خاص.pdf]
    Shortage: 'فوراديل كبسول 3شرايط بخاخ'
    WH Item:  'فوربيدس كبسول بخاخ'

165. Score: 71.4% | WH: [كيور فارما خاص.pdf]
    Shortage: 'فوراديل كبسول 6شرايط بخاخ'
    WH Item:  'فوربيدس كبسول بخاخ'

166. Score: 71.4% | WH: [كيور فارما خاص.pdf]
    Shortage: 'كاندي بلوك دي 20اقراص'
    WH Item:  'ال كارنتين اقراص عادى'

167. Score: 71.4% | WH: [كيور فارما خاص.pdf]
    Shortage: 'مارفيلون 21قرص'
    WH Item:  'باروفين ٢٠ قرص'

168. Score: 71.2% | WH: [الهضبة الاثنين نقدى0.pdf]
    Shortage: 'ليفوفلوكساسين750مجم 5قرص س ج'
    WH Item:  'پیروفلوکساسین 500 مج قرص اورجان'

169. Score: 71.1% | WH: [كيور فارما خاص.pdf]
    Shortage: 'اسبرين بروتكت 100مجم3شريط'
    WH Item:  'ارك فورت ١٠٠مجم شريط'

170. Score: 71.1% | WH: [كيور فارما خاص.pdf]
    Shortage: 'جابتن 300مجم 30كبسوله'
    WH Item:  'یتروکیر ۲۰۰ مجم ۳۰کپسوله'

171. Score: 71.1% | WH: [مخزن الحياة فارم اسكندريه-170.pdf]
    Shortage: 'سوبرانيل 25مجم كبسول س ج'
    WH Item:  'سیپریلکس 125مجم و جید'

172. Score: 71.1% | WH: [كيور فارما خاص.pdf]
    Shortage: 'فاست فلام 50مجم 20قرص س ج'
    WH Item:  'انتينلام ٥مجم ٢٠ قرص'

173. Score: 71.1% | WH: [كيور فارما خاص.pdf]
    Shortage: 'كارنيتول بلس برطمان س ج'
    WH Item:  'کارنتول پلس کپسول جدید'

174. Score: 71.1% | WH: [الهضبة الاثنين نقدى0.pdf]
    Shortage: 'كوفرسيل2.5/10 بلس اقراص'
    WH Item:  'کوسمیریل 5/10 مج اقراص'

175. Score: 71.0% | WH: [كيور فارما خاص.pdf]
    Shortage: 'ترايمدفلو 20قرص س ج'
    WH Item:  'تکلو قرص س ج'

176. Score: 71.0% | WH: [كيور فارما خاص.pdf]
    Shortage: 'دورفين 30كبسولة'
    WH Item:  'نیوکاربن ۳۰کپسول'

177. Score: 71.0% | WH: [كيور فارما خاص.pdf]
    Shortage: 'ديوزمين 30 قرص'
    WH Item:  'هیر فودجین ۳۰ قرص'

178. Score: 71.0% | WH: [الهضبة الاثنين نقدى0.pdf]
    Shortage: 'كلوزابين100 اقراص'
    WH Item:  'دیکابرین اقراض'

179. Score: 70.8% | WH: [المكرومي المنصورة.pdf]
    Shortage: 'كيتوبريك 75مجم 20كبسولة س ج'
    WH Item:  'اكتونزك ٥مجم، ٢كبسولة'

180. Score: 70.6% | WH: [المكرومي المنصورة.pdf]
    Shortage: 'سيبروفلوكسميت 500مجم'
    WH Item:  'موفلوكس ٤٠٠مجم'

181. Score: 70.6% | WH: [الهضبة الاثنين نقدى0.pdf]
    Shortage: 'سيكلوبروجينوفا اقراص'
    WH Item:  'دیکابرین اقراض'

182. Score: 70.6% | WH: [كيور فارما خاص.pdf]
    Shortage: 'فايركتا بلاس 4قرص'
    WH Item:  'دیفویت پلاس ٣٠قرص'

183. Score: 70.6% | WH: [المكرومي المنصورة.pdf]
    Shortage: 'ليفست 20قرص س ج'
    WH Item:  'اليوكس ٠مجم ، ٢٠قرص'

184. Score: 70.6% | WH: [الهضبة الاثنين نقدى0.pdf]
    Shortage: 'اوبتاديرول بلس 30كبسوله س ج'
    WH Item:  'بروستاسول پلاس 30 کپسوله'

185. Score: 70.6% | WH: [المكرومي المنصورة.pdf]
    Shortage: 'بيتابرونيت بلس كريم'
    WH Item:  'ايكون بلاس كريم'

186. Score: 70.6% | WH: [الهضبة الاثنين نقدى0.pdf]
    Shortage: 'نيفيلوب12.5/5مجم بلاس20قرص'
    WH Item:  'نیفولب 5/25 مج بلاس اقراص'

187. Score: 70.3% | WH: [الهضبة الاثنين نقدى0.pdf]
    Shortage: 'جلوتاثايون 16كبسولة'
    WH Item:  'لاتانتون کپسول 160'

188. Score: 70.3% | WH: [مخزن الحياة فارم اسكندريه-170.pdf]
    Shortage: 'جليبوفين500/5مجم30قرص'
    WH Item:  'کوفیار/5مجم30قرص'

189. Score: 70.3% | WH: [مخزن الحياة فارم اسكندريه-170.pdf]
    Shortage: 'ديباكين شراب س ج'
    WH Item:  'سيتال شراب س ج باكت20'

190. Score: 70.3% | WH: [كيور فارما خاص.pdf]
    Shortage: 'ديرموفيت  كريم س ج'
    WH Item:  'فاين ديرم ٣٠ جم كريم'

191. Score: 70.3% | WH: [المكرومي المنصورة.pdf]
    Shortage: 'رايوفيت شراب س ج'
    WH Item:  'اميلونات شراب سعر ٦٠ج'

192. Score: 70.3% | WH: [مخزن الحياة فارم اسكندريه-170.pdf]
    Shortage: 'كيتوفان25مجم30قرص س ج'
    WH Item:  'کوفیار/5مجم30قرص'

193. Score: 70.3% | WH: [كيور فارما خاص.pdf]
    Shortage: 'كلوزابكس 25 مجم س ج'
    WH Item:  'کویتابکس ۲۵ جم قرص'

194. Score: 70.0% | WH: [المكرومي المنصورة.pdf]
    Shortage: 'بيتادين  مطهر النيل 60مل صغير س ج'
    WH Item:  'بيتادين غرغرة'

195. Score: 70.0% | WH: [المكرومي المنصورة.pdf]
    Shortage: 'بيتادين دش مهبلي س ج'
    WH Item:  'بيتادين غرغرة'

196. Score: 70.0% | WH: [المكرومي المنصورة.pdf]
    Shortage: 'بيتادين شامبو120مل س ج'
    WH Item:  'بيتادين غرغرة'

197. Score: 70.0% | WH: [المكرومي المنصورة.pdf]
    Shortage: 'بيتادين شامبو60مل س ج'
    WH Item:  'بيتادين غرغرة'

198. Score: 70.0% | WH: [المكرومي المنصورة.pdf]
    Shortage: 'بيدورا كالسيوم 20 كبسوله'
    WH Item:  'ميراجلو ٢٠ كبسول'

199. Score: 70.0% | WH: [كيور فارما خاص.pdf]
    Shortage: 'ستاركوبينا5مجم20قرص'
    WH Item:  'ارتيكسيبان ٥مجم ٢٠قرص'

200. Score: 70.0% | WH: [المكرومي المنصورة.pdf]
    Shortage: 'سيردالود 4 مجم20قرص'
    WH Item:  'سيرا برو ٢٠مجم ٢٠ قرص'

201. Score: 70.0% | WH: [كيور فارما خاص.pdf]
    Shortage: 'سيستان قطره'
    WH Item:  'سيتال نقط'

202. Score: 70.0% | WH: [مخزن الحياة فارم اسكندريه-170.pdf]
    Shortage: 'سينوبريل كواقراص س ج'
    WH Item:  'فلاکسوراید اقراص س ج'

203. Score: 70.0% | WH: [كيور فارما خاص.pdf]
    Shortage: 'كالسيزوم د 60 كبسوله'
    WH Item:  'السيزول ٥٠٠مجم كبسول'

204. Score: 70.0% | WH: [الهضبة الاثنين نقدى0.pdf]
    Shortage: 'كيروفيت 3شريط'
    WH Item:  'وول جنيسوفا 20 ك بديل كيروفيت'

