'DOSKEY' is not recognized as an internal or external command,
operable program or batch file.
Total matched items: 85
Total review items: 11
  -> Reading Excel file: 0913.xlsx
  -> Active sheet: ورقة2
  -> Header row: 6 -> ['أسم العميل', 'أسم الصنف', 'التاريخ', 'الكمية']
  -> Extracted 993 data rows
  -> Extracted 993 items from column 'أسم الصنف'
Total unique unmatched shortages: 498

Remaining candidate matches among 'Not Found': 149
[كيور فارما خاص]
  Req: 'برونكوفين شراب'
  Wh : 'برونكوف شراب'
  Score: ts=92.3076923076923 | b_ratio=87.5 | form=syrup vs syrup

[مخزن الحياة فارم اسكندريه-170]
  Req: 'سيتال1جم اقراص س ج'
  Wh : 'سيتال اقراص 500 س ج'
  Score: ts=81.08108108108108 | b_ratio=100.0 | form=tablet vs tablet

[كيور فارما خاص]
  Req: 'برونكوبرو نقط س ج'
  Wh : 'برونكوبير نقط'
  Score: ts=80.0 | b_ratio=88.88888888888889 | form=drops vs drops

[كيور فارما خاص]
  Req: 'برونكوفين شراب س ج'
  Wh : 'برونكوف شراب'
  Score: ts=80.0 | b_ratio=87.5 | form=syrup vs syrup

[كيور فارما خاص]
  Req: 'برونكوفين شراب س ج'
  Wh : 'بروفين شراب جديد'
  Score: ts=76.47058823529412 | b_ratio=80.0 | form=syrup vs syrup

[الهضبة الاثنين نقدى0]
  Req: 'ماجيك اويل  60 ملل زيت'
  Wh : 'ماجيك اويل 120 مل زيت /باكت20'
  Score: ts=76.0 | b_ratio=87.5 | form=None vs None

[السلام شبين]
  Req: 'نيتروماك ريتارد2.5مجم كبسول'
  Wh : 'نيتروماك ريتارد كبسول/التنشيط'
  Score: ts=75.0 | b_ratio=100.0 | form=tablet vs tablet

[كيور فارما خاص]
  Req: 'برونكوفين شراب'
  Wh : 'بروفين شراب جديد'
  Score: ts=73.33333333333334 | b_ratio=80.0 | form=syrup vs syrup

[المكرومي المنصورة]
  Req: 'ايموكسكلاف642مجم شراب'
  Wh : 'ايموكسكلاف ٤٢،١ شراب'
  Score: ts=73.17073170731707 | b_ratio=100.0 | form=syrup vs syrup

[المكرومي المنصورة]
  Req: 'جينوزول كريم س ج'
  Wh : 'جينوفازول ٤٪ كريم'
  Score: ts=72.72727272727273 | b_ratio=87.5 | form=cream vs cream

[مخزن الحياة فارم اسكندريه-170]
  Req: 'سيالس 2قرص س ج'
  Wh : 'سيتال اقراص 500 س ج'
  Score: ts=72.72727272727273 | b_ratio=80.0 | form=tablet vs tablet

[المكرومي المنصورة]
  Req: 'ايموكسكلاف642مجم شراب'
  Wh : 'ايموكسكلاف ٥٧مجم شراب'
  Score: ts=71.42857142857143 | b_ratio=100.0 | form=syrup vs syrup

[السلام شبين]
  Req: 'برايم روز اي اقراص س ج'
  Wh : 'برايم روز بلاس اقراص/ايفافارم'
  Score: ts=70.58823529411764 | b_ratio=84.61538461538461 | form=tablet vs tablet

[كيور فارما خاص]
  Req: 'سيتال1جم اقراص س ج'
  Wh : 'سيتال ٢٠٠ مجم اقراص'
  Score: ts=70.27027027027026 | b_ratio=100.0 | form=tablet vs tablet

[السلام شبين]
  Req: 'زوفيراكس400مجم اقراص س ج'
  Wh : 'زوفيراكس ٢٠٠مجم اقراص/جلاكسو'
  Score: ts=69.23076923076923 | b_ratio=100.0 | form=tablet vs tablet

[كيور فارما خاص]
  Req: 'ايموكسكلاف642مجم شراب'
  Wh : 'ايموكسكلاف ٤٥٧ مجم شراب'
  Score: ts=68.18181818181819 | b_ratio=100.0 | form=syrup vs syrup

[الهضبة الاثنين نقدى0]
  Req: 'جاستروبيوتك 550 مج 20 قرص'
  Wh : 'استروپوییک 200 مج 20 قرص ب 5'
  Score: ts=67.9245283018868 | b_ratio=81.4814814814815 | form=tablet vs tablet

[الهضبة الاثنين نقدى0]
  Req: 'ميتفورمين1000مجم اكس ار اقراص'
  Wh : 'ميتفون 1000 مج اقراص اكس ار'
  Score: ts=67.85714285714286 | b_ratio=81.25 | form=tablet vs tablet

[المكرومي المنصورة]
  Req: 'جينوزول كريم س ج'
  Wh : 'جينوفازول ٨ كريم ٤٦ج'
  Score: ts=66.66666666666667 | b_ratio=87.5 | form=cream vs cream

[المكرومي المنصورة]
  Req: 'ايموكسكلاف642مجم شراب'
  Wh : 'ايموكسكلاف ٣١٢ شراب/ايبو'
  Score: ts=66.66666666666667 | b_ratio=100.0 | form=syrup vs syrup

[كيور فارما خاص]
  Req: 'كابرجامون 5مجم اقراص س ج'
  Wh : 'کابریامون ۰.۵ جم اقراص'
  Score: ts=65.21739130434783 | b_ratio=88.88888888888889 | form=tablet vs tablet

[الهضبة الاثنين نقدى0]
  Req: 'لبن بيديا ستارت 2'
  Wh : 'لبن بدیا ستارت رقم 1/ باکت 24'
  Score: ts=65.21739130434783 | b_ratio=84.84848484848484 | form=None vs None

[كيور فارما خاص]
  Req: 'لوسيدريل250مجم 20قرص'
  Wh : 'لوسیدریل ۲۰۰ مجم قرص'
  Score: ts=65.0 | b_ratio=100.0 | form=tablet vs tablet

[كيور فارما خاص]
  Req: 'فلوبادكس 8مجم اقراص'
  Wh : 'فلوبيادکس ٤ مجم اقراص'
  Score: ts=65.0 | b_ratio=94.11764705882352 | form=tablet vs tablet

[الهضبة الاثنين نقدى0]
  Req: 'ب ك ميرز كبسول س ج'
  Wh : 'ميرز كبسول/باكت 30'
  Score: ts=61.111111111111114 | b_ratio=100.0 | form=tablet vs tablet

[كيور فارما خاص]
  Req: 'ايموكسكلاف 625 مجم اقراص س ج'
  Wh : 'ايموكسكلاف ١جم قرص'
  Score: ts=60.86956521739131 | b_ratio=100.0 | form=tablet vs tablet

[كيور فارما خاص]
  Req: 'كالسيزوم د 60 كبسوله'
  Wh : 'السيزول ٥٠٠مجم كبسول'
  Score: ts=60.0 | b_ratio=80.0 | form=tablet vs tablet

[كيور فارما خاص]
  Req: 'برايم روز اي اقراص س ج'
  Wh : 'برايم روز بلاس كبسول جديد'
  Score: ts=59.57446808510638 | b_ratio=84.61538461538461 | form=tablet vs tablet

[السلام شبين]
  Req: 'برونكوبرو نقط س ج'
  Wh : 'برونكوبينير سعر ٢٨١ج'
  Score: ts=59.45945945945945 | b_ratio=80.0 | form=drops vs None

[السلام شبين]
  Req: 'نويوريك300مجم اقراص س ج'
  Wh : 'نو-يوريك ١٠٠ مجم اقراص/ابيكو'
  Score: ts=58.82352941176471 | b_ratio=93.33333333333333 | form=tablet vs tablet

[السلام شبين]
  Req: 'برونكوفين شراب'
  Wh : 'برونكوبينير سعر ٢٨١ج'
  Score: ts=58.82352941176471 | b_ratio=80.0 | form=syrup vs None

[السلام شبين]
  Req: 'برونكوفين شراب س ج'
  Wh : 'برونكوبينير سعر ٢٨١ج'
  Score: ts=57.89473684210527 | b_ratio=80.0 | form=syrup vs None

[السلام شبين]
  Req: 'دوكسي بروكت بلس مرهم س ج'
  Wh : 'دوكسيسيروك بلس مرهم/ميڤافارم'
  Score: ts=57.692307692307686 | b_ratio=82.75862068965517 | form=ointment vs ointment

[الهضبة الاثنين نقدى0]
  Req: 'ايموكسكلاف 625 مجم اقراص س ج'
  Wh : 'ایموکسلان 1 جم اقراص/باکت 90'
  Score: ts=57.14285714285714 | b_ratio=84.21052631578947 | form=tablet vs tablet

[مخزن الحياة فارم اسكندريه-170]
  Req: 'اوسوبان800مجم 20قرص'
  Wh : 'بوسکوبان اقراص باکت 100'
  Score: ts=57.14285714285714 | b_ratio=80.0 | form=tablet vs tablet

[المكرومي المنصورة]
  Req: 'كلوزابكس 25 مجم س ج'
  Wh : 'كلوبكس ٧٥مجم اقراص س.ج ١٥٠ج'
  Score: ts=56.52173913043479 | b_ratio=85.71428571428572 | form=None vs tablet

[المكرومي المنصورة]
  Req: 'برونكوفين شراب س ج'
  Wh : 'برونفين ٤٠٠مجم س.ج ٢٨'
  Score: ts=56.41025641025641 | b_ratio=87.5 | form=syrup vs None

[المكرومي المنصورة]
  Req: 'كتافلام  نقط'
  Wh : 'كتافلام ٥٠ س.ج ٨٦ج'
  Score: ts=55.172413793103445 | b_ratio=100.0 | form=drops vs None

[الهضبة الاثنين نقدى0]
  Req: 'ليفانوكس2شريط س ج'
  Wh : 'ليفانوكس كبسول/باكت 200'
  Score: ts=55.00000000000001 | b_ratio=100.0 | form=tablet vs tablet

[الهضبة الاثنين نقدى0]
  Req: 'سينوبريت اقراص'
  Wh : 'سینوریت اقراص عادی/باکت150'
  Score: ts=55.00000000000001 | b_ratio=93.33333333333333 | form=tablet vs tablet

[الهضبة الاثنين نقدى0]
  Req: 'كوتارج 160/12.5مجم4شريط س ج'
  Wh : 'کوتارچ 320/12.5 مج اقراص'
  Score: ts=54.90196078431373 | b_ratio=83.33333333333334 | form=tablet vs tablet

[المكرومي المنصورة]
  Req: 'كاندلكان 4مجم 14 قرص س ج'
  Wh : 'كانداكان؛ ٨ سعر جديد'
  Score: ts=54.54545454545454 | b_ratio=87.5 | form=tablet vs None

[المكرومي المنصورة]
  Req: 'بانتوبرازول 40 مجم اقراص س ج'
  Wh : 'انتوبرال ٤٠ سعر جديد'
  Score: ts=54.16666666666667 | b_ratio=84.21052631578947 | form=tablet vs None

[كيور فارما خاص]
  Req: 'سيفيتيل 1جم'
  Wh : 'سيديتيل ١ جم اقراص فوار'
  Score: ts=52.94117647058824 | b_ratio=85.71428571428572 | form=None vs tablet

[كيور فارما خاص]
  Req: 'نيورازين25مجم اقراص'
  Wh : 'نیوربین ۱۰ جم اقراص'
  Score: ts=52.63157894736843 | b_ratio=80.0 | form=tablet vs tablet

[السلام شبين]
  Req: 'اوسوبان800مجم 20قرص'
  Wh : 'بوسكوبان اقراص/اسيد'
  Score: ts=52.63157894736843 | b_ratio=80.0 | form=tablet vs tablet

[الهضبة الاثنين نقدى0]
  Req: 'سينوبريت اقراص'
  Wh : 'سینوبریل 2 مجم اقراص/باکت 90'
  Score: ts=52.38095238095239 | b_ratio=87.5 | form=tablet vs tablet

[المكرومي المنصورة]
  Req: 'ستاركوبينا5مجم20قرص'
  Wh : 'ستاركابينا ٠.٢ مجم ١٠ اقراص'
  Score: ts=52.17391304347826 | b_ratio=90.0 | form=tablet vs tablet

[كيور فارما خاص]
  Req: 'فلوبادكس 8مجم اقراص'
  Wh : 'فلوبيادکس ١٠مجم اقراص جديد/ايفا'
  Score: ts=52.0 | b_ratio=94.11764705882352 | form=tablet vs tablet

[المكرومي المنصورة]
  Req: 'ستاركوبينا5مجم3شريط س ج'
  Wh : 'ستاركابينا ٠.٢ مجم ١٠ اقراص'
  Score: ts=52.0 | b_ratio=90.0 | form=tablet vs tablet

[المكرومي المنصورة]
  Req: 'كيروفيت 3شريط'
  Wh : 'نيروفيت اقراص سعر جديد'
  Score: ts=51.42857142857142 | b_ratio=85.71428571428572 | form=tablet vs tablet

[المكرومي المنصورة]
  Req: 'اوسوبان800مجم 20قرص'
  Wh : 'بوسكوبان اقراص/امبول'
  Score: ts=51.28205128205128 | b_ratio=80.0 | form=tablet vs tablet

[السلام شبين]
  Req: 'بالموكورت  25. مجم امبول س ج'
  Wh : 'بالمكيرت ٥٠٠ مجم حقن'
  Score: ts=51.06382978723405 | b_ratio=82.35294117647058 | form=injection vs injection

[الهضبة الاثنين نقدى0]
  Req: 'سيديرال بمبي10كيس س ج'
  Wh : 'سیدرال بیج جدید/باکت 10'
  Score: ts=50.0 | b_ratio=81.81818181818181 | form=sachet vs None

[كيور فارما خاص]
  Req: 'الكابرس10مجم30قرص'
  Wh : 'الكابريد ٥مجم ٣ قرص'
  Score: ts=50.0 | b_ratio=80.0 | form=tablet vs tablet

[السلام شبين]
  Req: 'ماكسوفاج1جم اكس ار اقراص س ج'
  Wh : 'جلوكوفاج ١٠٠٠ مجم اكس ار ٣٠ شريط'
  Score: ts=50.0 | b_ratio=80.0 | form=tablet vs tablet

[الهضبة الاثنين نقدى0]
  Req: 'مارفيلون 21قرص'
  Wh : 'مافيلور 12.5/5 مج اقراص/باكت10'
  Score: ts=50.0 | b_ratio=80.0 | form=tablet vs tablet

[المكرومي المنصورة]
  Req: 'اتميبرازول 40مجم 20 قرص س ج'
  Wh : 'ايبرازول ، ٢٠مجم اقراص'
  Score: ts=48.97959183673469 | b_ratio=88.88888888888889 | form=tablet vs tablet

[الهضبة الاثنين نقدى0]
  Req: 'جانوفيا 100مجم 28قرص س ج'
  Wh : 'انوفا 50 مجم اقراص/باكت20'
  Score: ts=48.97959183673469 | b_ratio=83.33333333333334 | form=tablet vs tablet

[الهضبة الاثنين نقدى0]
  Req: 'جنكو بلاس اقراص'
  Wh : 'جنكو بلس كبسول/باكت 30'
  Score: ts=48.64864864864865 | b_ratio=94.11764705882352 | form=tablet vs tablet

[كيور فارما خاص]
  Req: 'سيالس 2قرص س ج'
  Wh : 'سيتال ٢٠٠ مجم اقراص'
  Score: ts=48.484848484848484 | b_ratio=80.0 | form=tablet vs tablet

[الهضبة الاثنين نقدى0]
  Req: 'بروفين 200مجم 30قرص س ج'
  Wh : 'پروفین 600 مج اقراص/باکت 80'
  Score: ts=48.0 | b_ratio=80.0 | form=tablet vs tablet

[المكرومي المنصورة]
  Req: 'بيتادين شامبو60مل س ج'
  Wh : 'بيكادين ٣٠٠ مجم جديد ٤٥٠ج'
  Score: ts=47.82608695652174 | b_ratio=85.71428571428572 | form=wash vs None

[كيور فارما خاص]
  Req: 'نيفيلوب12.5/5مجم بلاس20قرص'
  Wh : 'نیفلوب مجم اقراص'
  Score: ts=47.61904761904761 | b_ratio=92.3076923076923 | form=tablet vs tablet

[مخزن الحياة فارم اسكندريه-170]
  Req: 'زنكترون 30كبسولة س ج'
  Wh : 'زنكترون اقراص باكت 160'
  Score: ts=47.61904761904761 | b_ratio=100.0 | form=tablet vs tablet

[مخزن الحياة فارم اسكندريه-170]
  Req: 'كارنيفيتا ادفانس للرجال30كيس س ج'
  Wh : 'کارنتینا ادفانس رجال/باکت16'
  Score: ts=47.45762711864406 | b_ratio=83.72093023255813 | form=sachet vs None

[مخزن الحياة فارم اسكندريه-170]
  Req: 'اكسفورج 10مجم اتش سي تي س ج'
  Wh : 'اكسبوج 5اتش سي كبسول/باكو100'
  Score: ts=47.27272727272728 | b_ratio=80.0 | form=None vs tablet

[مخزن الحياة فارم اسكندريه-170]
  Req: 'ديوزمين 30 قرص'
  Wh : 'ديبوزين 500مجم اقراص'
  Score: ts=47.05882352941176 | b_ratio=85.71428571428572 | form=tablet vs tablet

[المكرومي المنصورة]
  Req: 'بايولجام60/100 8قرص'
  Wh : 'بايوجلام ١٠/٦٠، ٢٠مجم اقراص ١٩٢ج'
  Score: ts=47.05882352941176 | b_ratio=87.5 | form=tablet vs tablet

[المكرومي المنصورة]
  Req: 'بيتادين شامبو120مل س ج'
  Wh : 'بيكادين ٣٠٠ مجم جديد ٤٥٠ج'
  Score: ts=46.808510638297875 | b_ratio=85.71428571428572 | form=wash vs None

[المكرومي المنصورة]
  Req: 'الكابرس160/5 بلاس س ج'
  Wh : 'الكابرس ٥ مجم اقراص ٢ شريط'
  Score: ts=46.808510638297875 | b_ratio=100.0 | form=None vs tablet

[المكرومي المنصورة]
  Req: 'دوزين2مجم20قرص'
  Wh : 'دوفين ٥ مجم/ايبو'
  Score: ts=46.666666666666664 | b_ratio=80.0 | form=tablet vs None

[المكرومي المنصورة]
  Req: 'جابيميدرا 10مجم اقراص'
  Wh : 'جاميدرا ٥'
  Score: ts=46.666666666666664 | b_ratio=87.5 | form=tablet vs None

[المكرومي المنصورة]
  Req: 'الكابرس10مجم30قرص'
  Wh : 'الكابرس ٥ مجم اقراص ٢ شريط'
  Score: ts=46.51162790697675 | b_ratio=100.0 | form=tablet vs tablet

[كيور فارما خاص]
  Req: 'الكابرس تريو5/160/12.5مجم س ج'
  Wh : 'الكابرس تربو ١٠/١٦/١٢٤٠ قرص'
  Score: ts=46.42857142857143 | b_ratio=91.66666666666666 | form=None vs tablet

[الهضبة الاثنين نقدى0]
  Req: 'بلاكونيل 60قرص س ج'
  Wh : 'بلادکولیل اقراص/افنتس'
  Score: ts=46.15384615384615 | b_ratio=82.35294117647058 | form=tablet vs tablet

[المكرومي المنصورة]
  Req: 'برونكوفين شراب'
  Wh : 'برونفين ٤٠٠مجم س.ج ٢٨'
  Score: ts=45.714285714285715 | b_ratio=87.5 | form=syrup vs None

[المكرومي المنصورة]
  Req: 'ايموكس 250مجم شراب س ج'
  Wh : 'كلافيموكس ١جم سعر جديد'
  Score: ts=45.45454545454546 | b_ratio=80.0 | form=syrup vs None

[الهضبة الاثنين نقدى0]
  Req: 'لانتانون30مجم 10كبسوله س ج'
  Wh : 'لاتانتون کپسول 160'
  Score: ts=45.45454545454546 | b_ratio=87.5 | form=tablet vs tablet

[كيور فارما خاص]
  Req: 'فيتا زنك  كبسول'
  Wh : 'فیتا زون قرص قدیم'
  Score: ts=45.16129032258065 | b_ratio=87.5 | form=tablet vs tablet

[كيور فارما خاص]
  Req: 'الكابرس160/5 بلاس س ج'
  Wh : 'الكابريد ٥مجم ٣ قرص'
  Score: ts=44.99999999999999 | b_ratio=80.0 | form=None vs tablet

[كيور فارما خاص]
  Req: 'ديفارول امبول س ج'
  Wh : 'دیلاترول ٥ مجم جدید'
  Score: ts=44.44444444444444 | b_ratio=80.0 | form=injection vs None

[مخزن الحياة فارم اسكندريه-170]
  Req: 'كلوزابكس 25 مجم س ج'
  Wh : 'کلوبکس75مجم اقراص / باکت60'
  Score: ts=44.44444444444444 | b_ratio=85.71428571428572 | form=None vs tablet

[الهضبة الاثنين نقدى0]
  Req: 'بروفين 200مجم 30قرص س ج'
  Wh : 'پروفین 400 مج اقراص/باکت100'
  Score: ts=43.99999999999999 | b_ratio=80.0 | form=tablet vs tablet

[المكرومي المنصورة]
  Req: 'سيبروسين500مجم10قرص س ج'
  Wh : 'سيرورسين ٥٠٠ اقراص سعر جديد'
  Score: ts=43.99999999999999 | b_ratio=87.5 | form=tablet vs tablet

[الهضبة الاثنين نقدى0]
  Req: 'زنكترون 30كبسولة س ج'
  Wh : 'زنكتون اقراص/باكت 160'
  Score: ts=43.90243902439024 | b_ratio=92.3076923076923 | form=tablet vs tablet

[كيور فارما خاص]
  Req: 'بروفين 200مجم 30قرص س ج'
  Wh : 'بروفين ٤٠٠ مجم قرص'
  Score: ts=43.90243902439024 | b_ratio=100.0 | form=tablet vs tablet

[كيور فارما خاص]
  Req: 'بروفين 200مجم 30قرص س ج'
  Wh : 'بروفين ٦٠٠ مجم قرص'
  Score: ts=43.90243902439024 | b_ratio=100.0 | form=tablet vs tablet

[المكرومي المنصورة]
  Req: 'لوسيدريل250مجم 20قرص'
  Wh : 'لوسيبريل ٥٠٠'
  Score: ts=43.75 | b_ratio=87.5 | form=tablet vs None

[المكرومي المنصورة]
  Req: 'اميبريد50مجم اقراص س ج'
  Wh : 'ايكوبريد ، ٢٠مجم ، ٢٠قرص'
  Score: ts=43.47826086956522 | b_ratio=80.0 | form=tablet vs tablet

[المكرومي المنصورة]
  Req: 'دولفين 75مجم لبوس س ج'
  Wh : 'دوفين ٥ مجم/ايبو'
  Score: ts=43.24324324324324 | b_ratio=90.9090909090909 | form=suppository vs None

[كيور فارما خاص]
  Req: 'بروفين 200مجم 30قرص س ج'
  Wh : 'باروفين ٢٠ قرص'
  Score: ts=43.24324324324324 | b_ratio=92.3076923076923 | form=tablet vs tablet

[المكرومي المنصورة]
  Req: 'نيفيلوب12.5/5مجم بلاس20قرص'
  Wh : 'نيفيلوب ٢.٥ سعر جديد ٤٦ ج'
  Score: ts=43.13725490196079 | b_ratio=100.0 | form=tablet vs None

[الهضبة الاثنين نقدى0]
  Req: 'راميكسول 1جم30قرص س ج'
  Wh : 'ميكوسول كبسول/باكت 20'
  Score: ts=42.85714285714286 | b_ratio=80.0 | form=tablet vs tablet

[كيور فارما خاص]
  Req: 'بيتاكاروتين فورت 20كبسوله'
  Wh : 'بیوتین فورت کپسول'
  Score: ts=42.85714285714286 | b_ratio=81.4814814814815 | form=tablet vs tablet

[المكرومي المنصورة]
  Req: 'سوكابريكسام5/1.25/10مجم30قرص'
  Wh : 'سوكايركسا ٥/١،٢٥/٥٠'
  Score: ts=42.553191489361694 | b_ratio=80.0 | form=tablet vs None

[كيور فارما خاص]
  Req: 'روكسيكام 8مجم 20قرص'
  Wh : 'روکسیکام ٩٠ مجم قرص'
  Score: ts=42.10526315789473 | b_ratio=100.0 | form=tablet vs tablet

[الهضبة الاثنين نقدى0]
  Req: 'كوتارج 160/12.5مجم4شريط س ج'
  Wh : 'کوتارچ 320/25 مج اقراص/پاکت 20'
  Score: ts=42.10526315789473 | b_ratio=83.33333333333334 | form=tablet vs tablet

[كيور فارما خاص]
  Req: 'جنكو بلاس اقراص'
  Wh : 'جنگوبلاس کپسول'
  Score: ts=41.379310344827594 | b_ratio=82.35294117647058 | form=tablet vs tablet

[المكرومي المنصورة]
  Req: 'دولفين 50مجم لبوس 2شريط'
  Wh : 'دوفين ٥ مجم/ايبو'
  Score: ts=41.02564102564102 | b_ratio=90.9090909090909 | form=tablet vs None

[كيور فارما خاص]
  Req: 'نيفيلوب12.5/5مجم بلاس20قرص'
  Wh : 'نیفلوب ۰،۵ مجم قرص'
  Score: ts=40.90909090909091 | b_ratio=92.3076923076923 | form=tablet vs tablet

[المكرومي المنصورة]
  Req: 'بروفين 200مجم 30قرص س ج'
  Wh : 'برونفين ٤٠٠مجم س.ج ٢٨'
  Score: ts=40.90909090909091 | b_ratio=92.3076923076923 | form=tablet vs None

[المكرومي المنصورة]
  Req: 'ديفلوكان 2مجم 50ملل فيال'
  Wh : 'ديفلوكان ١٥٠ سعر ١١١'
  Score: ts=40.90909090909091 | b_ratio=80.0 | form=injection vs None

[المكرومي المنصورة]
  Req: 'ايموكس 250مجم شراب س ج'
  Wh : 'كلافيموكس ٦٤٢ شراب'
  Score: ts=40.0 | b_ratio=80.0 | form=syrup vs syrup

[كيور فارما خاص]
  Req: 'فايركتا 3 شريط س ج'
  Wh : 'فايبركان ١٠ مجم ١٢ قرص جديد'
  Score: ts=40.0 | b_ratio=80.0 | form=tablet vs tablet

[المكرومي المنصورة]
  Req: 'جابيميدرا 10مجم اقراص'
  Wh : 'جاميدرا ٢٥ مجم'
  Score: ts=40.0 | b_ratio=87.5 | form=tablet vs None

[الهضبة الاثنين نقدى0]
  Req: 'ليفانيك500مجم 7قرص س ج'
  Wh : 'ليفانوكس كبسول/باكت 200'
  Score: ts=40.0 | b_ratio=80.0 | form=tablet vs tablet

[المكرومي المنصورة]
  Req: 'بروفين 200مجم 30قرص س ج'
  Wh : 'بروتوفين ٤٠مجم ، ١٠ قرص'
  Score: ts=39.13043478260869 | b_ratio=85.71428571428572 | form=tablet vs tablet

[كيور فارما خاص]
  Req: 'لورنوكسيكام 8 مجم اقراص س ج'
  Wh : 'روکسیکام ٩٠ مجم قرص'
  Score: ts=39.13043478260869 | b_ratio=84.21052631578947 | form=tablet vs tablet

[السلام شبين]
  Req: 'سبازموفين امبول س ج'
  Wh : 'سبازموفري ٣امبول/ادوبا'
  Score: ts=39.02439024390244 | b_ratio=88.88888888888889 | form=injection vs injection

[كيور فارما خاص]
  Req: 'تريتاس 2.5 مجم 14قرص'
  Wh : 'تریتو اس ٤٠ مجم کپسول'
  Score: ts=39.02439024390244 | b_ratio=85.71428571428572 | form=tablet vs tablet

[مخزن الحياة فارم اسكندريه-170]
  Req: 'فيوسيدل كريم'
  Wh : 'فیوسیدین کریم 20 جرام وسط'
  Score: ts=37.83783783783784 | b_ratio=80.0 | form=cream vs cream

[المكرومي المنصورة]
  Req: 'بروفين 200مجم 30قرص س ج'
  Wh : 'برونفين ٤٠٠مجم ، ١٠قرص س.ج ٩٩ج'
  Score: ts=37.735849056603776 | b_ratio=92.3076923076923 | form=tablet vs tablet

[الهضبة الاثنين نقدى0]
  Req: 'كيتوفان25مجم30قرص س ج'
  Wh : 'کیتوفان 50 مج کپسول/باکت 20'
  Score: ts=37.5 | b_ratio=82.35294117647058 | form=tablet vs tablet

[الهضبة الاثنين نقدى0]
  Req: 'راميكسول25مجم30قرص س ج'
  Wh : 'ميكوسول كبسول/باكت 20'
  Score: ts=37.2093023255814 | b_ratio=80.0 | form=tablet vs tablet

[كيور فارما خاص]
  Req: 'لاكتيز 15 ملل نقط 750مجم'
  Wh : 'لاکتز، ۷۵۰، ۱۵ قطره ۵ ملی جدید'
  Score: ts=37.03703703703704 | b_ratio=84.21052631578947 | form=drops vs drops

[السلام شبين]
  Req: 'فاست فلام 50مجم 20قرص س ج'
  Wh : 'فاستلام ٢٠مجم'
  Score: ts=36.8421052631579 | b_ratio=87.5 | form=tablet vs None

[الهضبة الاثنين نقدى0]
  Req: 'سوكابريكسام5/1.25/10مجم30قرص'
  Wh : 'سوکابریکسام 2.5/10 مج اقراص'
  Score: ts=36.36363636363637 | b_ratio=100.0 | form=tablet vs tablet

[كيور فارما خاص]
  Req: 'انوكسيكام 20مجم 20قرص س ج'
  Wh : 'روکسیکام ٩٠ مجم قرص'
  Score: ts=36.36363636363637 | b_ratio=82.35294117647058 | form=tablet vs tablet

[المكرومي المنصورة]
  Req: 'البيوستكس 8مجم اقراص'
  Wh : 'اليوكس ٠مجم ، ٢٠قرص'
  Score: ts=35.89743589743589 | b_ratio=80.0 | form=tablet vs tablet

[كيور فارما خاص]
  Req: 'لانتانون30مجم 10كبسوله س ج'
  Wh : 'لاتانون کپسول'
  Score: ts=35.89743589743589 | b_ratio=93.33333333333333 | form=tablet vs tablet

[كيور فارما خاص]
  Req: 'زيستريل 20مجم 20قرص س ج'
  Wh : 'زیستریل ٥مجم قرص'
  Score: ts=35.89743589743589 | b_ratio=100.0 | form=tablet vs tablet

[الهضبة الاثنين نقدى0]
  Req: 'ديوزمين 30 قرص'
  Wh : 'دیومالین کپسول'
  Score: ts=35.71428571428571 | b_ratio=80.0 | form=tablet vs tablet

[كيور فارما خاص]
  Req: 'تريتاس 1.25مجم 14قرص س ج'
  Wh : 'تریتو اس ٤٠ مجم کپسول'
  Score: ts=35.55555555555555 | b_ratio=85.71428571428572 | form=tablet vs tablet

[الهضبة الاثنين نقدى0]
  Req: 'سوبرانيل 25مجم كبسول س ج'
  Wh : 'سبانيلا اقراص/باكت 48'
  Score: ts=35.55555555555555 | b_ratio=80.0 | form=tablet vs tablet

[المكرومي المنصورة]
  Req: 'دولفين 12.5مجم لبوس 2شريط س ق'
  Wh : 'دوفين ٥ مجم/ايبو'
  Score: ts=35.55555555555555 | b_ratio=90.9090909090909 | form=tablet vs None

[مخزن الحياة فارم اسكندريه-170]
  Req: 'دوزين2مجم20قرص'
  Wh : 'ديبوزين 500مجم اقراص'
  Score: ts=35.29411764705882 | b_ratio=83.33333333333334 | form=tablet vs tablet

[كيور فارما خاص]
  Req: 'زيستريل 20مجم 20قرص س ج'
  Wh : 'زیستریل ١٠مجم قرص'
  Score: ts=35.0 | b_ratio=100.0 | form=tablet vs tablet

[كيور فارما خاص]
  Req: 'بايولجام60/100 8قرص'
  Wh : 'بالوجام ٦٠/١٠ مجم قرص'
  Score: ts=35.0 | b_ratio=80.0 | form=tablet vs tablet

[الهضبة الاثنين نقدى0]
  Req: 'كيروفيت 3شريط'
  Wh : 'نیروپفیت اقراص/باكت 15'
  Score: ts=34.285714285714285 | b_ratio=80.0 | form=tablet vs tablet

[المكرومي المنصورة]
  Req: 'البيوستكس 8مجم اقراص'
  Wh : 'اليوكس ٠,٥مجم ، ٢٠قرص'
  Score: ts=34.14634146341463 | b_ratio=80.0 | form=tablet vs tablet

[كيور فارما خاص]
  Req: 'سباسكولون 100مجم اقراص س ج'
  Wh : 'سيباسكولين ١ مجم شريط'
  Score: ts=34.04255319148937 | b_ratio=84.21052631578947 | form=tablet vs tablet

[مخزن الحياة فارم اسكندريه-170]
  Req: 'فيوسيدل كريم'
  Wh : 'فیوسی کریم 30مجم باکت 64'
  Score: ts=33.333333333333336 | b_ratio=83.33333333333334 | form=cream vs cream

[المكرومي المنصورة]
  Req: 'سيبروسين500مجم10قرص س ج'
  Wh : 'سيروفوسين ١٧٥/ايكيو'
  Score: ts=33.333333333333336 | b_ratio=82.35294117647058 | form=tablet vs None

[المكرومي المنصورة]
  Req: 'دورفين 30كبسولة'
  Wh : 'دوفين ٥ مجم/ايبو'
  Score: ts=32.25806451612904 | b_ratio=90.9090909090909 | form=tablet vs None

[المكرومي المنصورة]
  Req: 'كوتارج 160/12.5مجم4شريط س ج'
  Wh : 'كوتارچ ١٥٠/١٠، ١٥٠ جنيه'
  Score: ts=31.999999999999996 | b_ratio=83.33333333333334 | form=tablet vs None

[كيور فارما خاص]
  Req: 'فيوسيدل كريم'
  Wh : 'فیوسی ۱۵م جم کریم باکو ۱۰۰'
  Score: ts=31.57894736842105 | b_ratio=83.33333333333334 | form=cream vs cream

[الهضبة الاثنين نقدى0]
  Req: 'سيبروسين500مجم10قرص س ج'
  Wh : 'زيروسين كبسول/باكت 200'
  Score: ts=31.11111111111111 | b_ratio=80.0 | form=tablet vs tablet

[الهضبة الاثنين نقدى0]
  Req: 'برونكوفين شراب'
  Wh : 'پروفین شراب/باکت 30'
  Score: ts=30.303030303030297 | b_ratio=80.0 | form=syrup vs syrup

[الهضبة الاثنين نقدى0]
  Req: 'فايركتا 3 شريط س ج'
  Wh : 'فایرکلا 12 قرص/باکت 72'
  Score: ts=30.000000000000004 | b_ratio=85.71428571428572 | form=tablet vs tablet

[الهضبة الاثنين نقدى0]
  Req: 'ابيتنس اقراص'
  Wh : 'بتنس 12.5/40/5 مج اقراص/باكت'
  Score: ts=30.000000000000004 | b_ratio=80.0 | form=tablet vs tablet

[السلام شبين]
  Req: 'فلوتاك 75مجم اقراص س ج'
  Wh : 'فلوزاك ، ٢٠مجم/امون'
  Score: ts=29.268292682926834 | b_ratio=83.33333333333334 | form=tablet vs None

[الهضبة الاثنين نقدى0]
  Req: 'ابيتنس اقراص'
  Wh : 'بتنس 10/25/40 مج اقراص/باكت 5'
  Score: ts=29.268292682926834 | b_ratio=80.0 | form=tablet vs tablet

[الهضبة الاثنين نقدى0]
  Req: 'برونكوفين شراب س ج'
  Wh : 'پروفین شراب/باکت 30'
  Score: ts=27.027027027027028 | b_ratio=80.0 | form=syrup vs syrup

[كيور فارما خاص]
  Req: 'اومنيك 0.4مجم30قرص'
  Wh : 'اوميبك ٢٠مجم ٤ كبسوله'
  Score: ts=25.64102564102564 | b_ratio=83.33333333333334 | form=tablet vs tablet

[المكرومي المنصورة]
  Req: 'كوتارج 160/12.5مجم4شريط س ج'
  Wh : 'تارج ٢٠ مجم ١٠ اقراص'
  Score: ts=25.531914893617024 | b_ratio=80.0 | form=tablet vs tablet

[المكرومي المنصورة]
  Req: 'فلوتاك 75مجم اقراص س ج'
  Wh : 'فلوزاك ٢٠ مجم/امون'
  Score: ts=25.0 | b_ratio=83.33333333333334 | form=tablet vs None

[كيور فارما خاص]
  Req: 'جليبوفين500/5مجم30قرص'
  Wh : 'جلیویین ٥/١٠٠٠ اقراص'
  Score: ts=24.390243902439025 | b_ratio=80.0 | form=tablet vs tablet

=== TOP 25 CANDIDATES IN 'NOT FOUND' ===
 1. [كيور فارما خاص]
    المطلوب: 'برونكوفين شراب'
    المخزن : 'برونكوف شراب'
    الدرجة : ts=92.3076923076923 | b_ratio=87.5 | form=syrup vs syrup

 2. [مخزن الحياة فارم اسكندريه-170]
    المطلوب: 'سيتال1جم اقراص س ج'
    المخزن : 'سيتال اقراص 500 س ج'
    الدرجة : ts=81.08108108108108 | b_ratio=100.0 | form=tablet vs tablet

 3. [كيور فارما خاص]
    المطلوب: 'برونكوبرو نقط س ج'
    المخزن : 'برونكوبير نقط'
    الدرجة : ts=80.0 | b_ratio=88.88888888888889 | form=drops vs drops

 4. [كيور فارما خاص]
    المطلوب: 'برونكوفين شراب س ج'
    المخزن : 'برونكوف شراب'
    الدرجة : ts=80.0 | b_ratio=87.5 | form=syrup vs syrup

 5. [كيور فارما خاص]
    المطلوب: 'برونكوفين شراب س ج'
    المخزن : 'بروفين شراب جديد'
    الدرجة : ts=76.47058823529412 | b_ratio=80.0 | form=syrup vs syrup

 6. [الهضبة الاثنين نقدى0]
    المطلوب: 'ماجيك اويل  60 ملل زيت'
    المخزن : 'ماجيك اويل 120 مل زيت /باكت20'
    الدرجة : ts=76.0 | b_ratio=87.5 | form=None vs None

 7. [السلام شبين]
    المطلوب: 'نيتروماك ريتارد2.5مجم كبسول'
    المخزن : 'نيتروماك ريتارد كبسول/التنشيط'
    الدرجة : ts=75.0 | b_ratio=100.0 | form=tablet vs tablet

 8. [كيور فارما خاص]
    المطلوب: 'برونكوفين شراب'
    المخزن : 'بروفين شراب جديد'
    الدرجة : ts=73.33333333333334 | b_ratio=80.0 | form=syrup vs syrup

 9. [المكرومي المنصورة]
    المطلوب: 'ايموكسكلاف642مجم شراب'
    المخزن : 'ايموكسكلاف ٤٢،١ شراب'
    الدرجة : ts=73.17073170731707 | b_ratio=100.0 | form=syrup vs syrup

10. [المكرومي المنصورة]
    المطلوب: 'جينوزول كريم س ج'
    المخزن : 'جينوفازول ٤٪ كريم'
    الدرجة : ts=72.72727272727273 | b_ratio=87.5 | form=cream vs cream

11. [مخزن الحياة فارم اسكندريه-170]
    المطلوب: 'سيالس 2قرص س ج'
    المخزن : 'سيتال اقراص 500 س ج'
    الدرجة : ts=72.72727272727273 | b_ratio=80.0 | form=tablet vs tablet

12. [المكرومي المنصورة]
    المطلوب: 'ايموكسكلاف642مجم شراب'
    المخزن : 'ايموكسكلاف ٥٧مجم شراب'
    الدرجة : ts=71.42857142857143 | b_ratio=100.0 | form=syrup vs syrup

13. [السلام شبين]
    المطلوب: 'برايم روز اي اقراص س ج'
    المخزن : 'برايم روز بلاس اقراص/ايفافارم'
    الدرجة : ts=70.58823529411764 | b_ratio=84.61538461538461 | form=tablet vs tablet

14. [كيور فارما خاص]
    المطلوب: 'سيتال1جم اقراص س ج'
    المخزن : 'سيتال ٢٠٠ مجم اقراص'
    الدرجة : ts=70.27027027027026 | b_ratio=100.0 | form=tablet vs tablet

15. [السلام شبين]
    المطلوب: 'زوفيراكس400مجم اقراص س ج'
    المخزن : 'زوفيراكس ٢٠٠مجم اقراص/جلاكسو'
    الدرجة : ts=69.23076923076923 | b_ratio=100.0 | form=tablet vs tablet

16. [كيور فارما خاص]
    المطلوب: 'ايموكسكلاف642مجم شراب'
    المخزن : 'ايموكسكلاف ٤٥٧ مجم شراب'
    الدرجة : ts=68.18181818181819 | b_ratio=100.0 | form=syrup vs syrup

17. [الهضبة الاثنين نقدى0]
    المطلوب: 'جاستروبيوتك 550 مج 20 قرص'
    المخزن : 'استروپوییک 200 مج 20 قرص ب 5'
    الدرجة : ts=67.9245283018868 | b_ratio=81.4814814814815 | form=tablet vs tablet

18. [الهضبة الاثنين نقدى0]
    المطلوب: 'ميتفورمين1000مجم اكس ار اقراص'
    المخزن : 'ميتفون 1000 مج اقراص اكس ار'
    الدرجة : ts=67.85714285714286 | b_ratio=81.25 | form=tablet vs tablet

19. [المكرومي المنصورة]
    المطلوب: 'جينوزول كريم س ج'
    المخزن : 'جينوفازول ٨ كريم ٤٦ج'
    الدرجة : ts=66.66666666666667 | b_ratio=87.5 | form=cream vs cream

20. [المكرومي المنصورة]
    المطلوب: 'ايموكسكلاف642مجم شراب'
    المخزن : 'ايموكسكلاف ٣١٢ شراب/ايبو'
    الدرجة : ts=66.66666666666667 | b_ratio=100.0 | form=syrup vs syrup

21. [كيور فارما خاص]
    المطلوب: 'كابرجامون 5مجم اقراص س ج'
    المخزن : 'کابریامون ۰.۵ جم اقراص'
    الدرجة : ts=65.21739130434783 | b_ratio=88.88888888888889 | form=tablet vs tablet

22. [الهضبة الاثنين نقدى0]
    المطلوب: 'لبن بيديا ستارت 2'
    المخزن : 'لبن بدیا ستارت رقم 1/ باکت 24'
    الدرجة : ts=65.21739130434783 | b_ratio=84.84848484848484 | form=None vs None

23. [كيور فارما خاص]
    المطلوب: 'لوسيدريل250مجم 20قرص'
    المخزن : 'لوسیدریل ۲۰۰ مجم قرص'
    الدرجة : ts=65.0 | b_ratio=100.0 | form=tablet vs tablet

24. [كيور فارما خاص]
    المطلوب: 'فلوبادكس 8مجم اقراص'
    المخزن : 'فلوبيادکس ٤ مجم اقراص'
    الدرجة : ts=65.0 | b_ratio=94.11764705882352 | form=tablet vs tablet

25. [الهضبة الاثنين نقدى0]
    المطلوب: 'ب ك ميرز كبسول س ج'
    المخزن : 'ميرز كبسول/باكت 30'
    الدرجة : ts=61.111111111111114 | b_ratio=100.0 | form=tablet vs tablet

