'DOSKEY' is not recognized as an internal or external command,
operable program or batch file.
Total Not Found in PROC-003: 496
[*] Processing PDF file: السلام شبين.pdf
[+] Loaded 187 items from local cache: السلام شبين.pdf
[*] Processing PDF file: المكرومي المنصورة.pdf
[+] Loaded 503 items from local cache: المكرومي المنصورة.pdf
[*] Processing PDF file: الهضبة الاثنين نقدى0.pdf
[+] Loaded 1071 items from local cache: الهضبة الاثنين نقدى0.pdf
[*] Processing PDF file: جملة العمروووو.pdf
[+] Loaded 19 items from local cache: جملة العمروووو.pdf
[*] Processing PDF file: كيور فارما خاص.pdf
[+] Loaded 715 items from local cache: كيور فارما خاص.pdf
[*] Processing PDF file: مخزن الحياة فارم اسكندريه-170.pdf
[+] Loaded 222 items from local cache: مخزن الحياة فارم اسكندريه-170.pdf
Total loaded warehouse items: 2717

Potential Missed Matches in Warehouses: 101
1. Shortage: 'ابيفيناك قطرة س ج' <--> WH: 'ابيفيناك حقن' [كيور فارما خاص.pdf] (sim: 100.0%)
2. Shortage: 'ابيكوتيل  5لبوسة ث' <--> WH: 'ايكوتيل حقن/ايبيكو' [السلام شبين.pdf] (sim: 93.33333333333333%)
3. Shortage: 'اتميبرازول 40مجم 20 قرص س ج' <--> WH: 'ايبرازول ، ٢٠مجم اقراص' [المكرومي المنصورة.pdf] (sim: 88.88888888888889%)
4. Shortage: 'اسيكلوفير 5%10 جم كريم س ج' <--> WH: 'اسكولوفير ٤٠٠ مجم قرص' [كيور فارما خاص.pdf] (sim: 88.88888888888889%)
5. Shortage: 'الكابرس تريو5/160/12.5مجم س ج' <--> WH: 'الكابرس تربو ١٠/١٦/١٢٤٠ قرص' [كيور فارما خاص.pdf] (sim: 91.66666666666666%)
6. Shortage: 'الكابرس10مجم30قرص' <--> WH: 'الكابرس ٥ مجم اقراص ٢ شريط' [المكرومي المنصورة.pdf] (sim: 100.0%)
7. Shortage: 'الكابرس160/5 بلاس س ج' <--> WH: 'الكابرس ٥ مجم اقراص ٢ شريط' [المكرومي المنصورة.pdf] (sim: 100.0%)
8. Shortage: 'انتي كوكس 6امبول' <--> WH: 'انتى كيوكس ٥ مجم - ٣ شريط' [كيور فارما خاص.pdf] (sim: 94.73684210526316%)
9. Shortage: 'ايموكسكلاف 625 مجم اقراص س ج' <--> WH: 'ايموكسكلاف ٣١٢ شراب/ايبو' [المكرومي المنصورة.pdf] (sim: 100.0%)
10. Shortage: 'ايموكسكلاف 625 مجم اقراص س ج' <--> WH: 'ايموكسكلاف ٥٧مجم شراب' [المكرومي المنصورة.pdf] (sim: 100.0%)
11. Shortage: 'ايموكسكلاف 625 مجم اقراص س ج' <--> WH: 'ايموكسكلاف ٤٢،١ شراب' [المكرومي المنصورة.pdf] (sim: 100.0%)
12. Shortage: 'ايموكسكلاف 625 مجم اقراص س ج' <--> WH: 'ايموكسكلاف ١جم قرص' [كيور فارما خاص.pdf] (sim: 100.0%)
13. Shortage: 'ايموكسكلاف 625 مجم اقراص س ج' <--> WH: 'ايموكسكلاف ٤٥٧ مجم شراب' [كيور فارما خاص.pdf] (sim: 100.0%)
14. Shortage: 'ايميرست اقراص 8 مجم 10 قرص' <--> WH: 'اميرست حقن ٣مجم' [المكرومي المنصورة.pdf] (sim: 92.3076923076923%)
15. Shortage: 'باروفين 30قرص س ج' <--> WH: 'پروفین شراب/باکت 30' [الهضبة الاثنين نقدى0.pdf] (sim: 92.3076923076923%)
16. Shortage: 'باروفين 30قرص س ج' <--> WH: 'باروفين ٢٠ قرص' [كيور فارما خاص.pdf] (sim: 100.0%)
17. Shortage: 'باروفين 30قرص س ج' <--> WH: 'بروفين ٤٠٠ مجم قرص' [كيور فارما خاص.pdf] (sim: 92.3076923076923%)
18. Shortage: 'باروفين 30قرص س ج' <--> WH: 'بروفين ٦٠٠ مجم قرص' [كيور فارما خاص.pdf] (sim: 92.3076923076923%)
19. Shortage: 'باروفين 30قرص س ج' <--> WH: 'بروفين شراب جديد' [كيور فارما خاص.pdf] (sim: 92.3076923076923%)
20. Shortage: 'بروفين 200مجم 30قرص س ج' <--> WH: 'برونفين ٤٠٠مجم س.ج ٢٨' [المكرومي المنصورة.pdf] (sim: 92.3076923076923%)
21. Shortage: 'بروفين 200مجم 30قرص س ج' <--> WH: 'برونفين ٤٠٠مجم ، ١٠قرص س.ج ٩٩ج' [المكرومي المنصورة.pdf] (sim: 92.3076923076923%)
22. Shortage: 'بروفين 200مجم 30قرص س ج' <--> WH: 'بروفن 30 کیس جدید باکت 20' [الهضبة الاثنين نقدى0.pdf] (sim: 90.9090909090909%)
23. Shortage: 'بروفين 200مجم 30قرص س ج' <--> WH: 'پروفین شراب/باکت 30' [الهضبة الاثنين نقدى0.pdf] (sim: 100.0%)
24. Shortage: 'بروفين 200مجم 30قرص س ج' <--> WH: 'باروفين ٢٠ قرص' [كيور فارما خاص.pdf] (sim: 92.3076923076923%)
25. Shortage: 'بروفين 200مجم 30قرص س ج' <--> WH: 'بروفين ٤٠٠ مجم قرص' [كيور فارما خاص.pdf] (sim: 100.0%)
26. Shortage: 'بروفين 200مجم 30قرص س ج' <--> WH: 'بروفين ٦٠٠ مجم قرص' [كيور فارما خاص.pdf] (sim: 100.0%)
27. Shortage: 'بروفين 200مجم 30قرص س ج' <--> WH: 'بروفين شراب جديد' [كيور فارما خاص.pdf] (sim: 100.0%)
28. Shortage: 'برونكوبرو نقط س ج' <--> WH: 'برونكوبير نقط' [كيور فارما خاص.pdf] (sim: 88.88888888888889%)
29. Shortage: 'بيتاديرم مرهم س ج' <--> WH: 'بيتاديرم كريم كبير' [السلام شبين.pdf] (sim: 100.0%)
30. Shortage: 'بيتاديرم مرهم س ج' <--> WH: 'بيتاديرم كريم/ايكو' [السلام شبين.pdf] (sim: 100.0%)
31. Shortage: 'بيتاديرم مرهم س ج' <--> WH: 'بيتاديرم كريم ١٠ جم س.ج ١٨ ج' [المكرومي المنصورة.pdf] (sim: 100.0%)
32. Shortage: 'بيتاديرم مرهم س ج' <--> WH: 'بتادیرم کریم 15 جم صغیر/باکت200' [الهضبة الاثنين نقدى0.pdf] (sim: 93.33333333333333%)
33. Shortage: 'تربين كريم س ج' <--> WH: 'توربین قطرة /باکت 81' [الهضبة الاثنين نقدى0.pdf] (sim: 90.9090909090909%)
34. Shortage: 'تريبليكسام10/2.5/10مجم15قرص' <--> WH: 'تریپلکسام ٠/٢/٥/١٠ مجم ٣٠ قرص' [كيور فارما خاص.pdf] (sim: 94.73684210526316%)
35. Shortage: 'جنكو بلاس اقراص' <--> WH: 'جنكو بلس كبسول/باكت 30' [الهضبة الاثنين نقدى0.pdf] (sim: 94.11764705882352%)
36. Shortage: 'جنكو بلاس اقراص' <--> WH: 'جنگوبلاس کپسول' [كيور فارما خاص.pdf] (sim: 94.11764705882352%)
37. Shortage: 'جينوزول كريم س ج' <--> WH: 'جینوزول ٤٠٠ مجم لبوس جدید' [كيور فارما خاص.pdf] (sim: 100.0%)
38. Shortage: 'دورفين 30كبسولة' <--> WH: 'دوفين ٥ مجم/ايبو' [المكرومي المنصورة.pdf] (sim: 90.9090909090909%)
39. Shortage: 'دولفين 12.5مجم لبوس 2شريط س ق' <--> WH: 'دوفين ٥ مجم/ايبو' [المكرومي المنصورة.pdf] (sim: 90.9090909090909%)
40. Shortage: 'دولفين 12.5مجم لبوس 2شريط س ق' <--> WH: 'دولفين 25مجم شرب/باكو90' [مخزن الحياة فارم اسكندريه-170.pdf] (sim: 100.0%)
41. Shortage: 'دولفين 50مجم لبوس 2شريط' <--> WH: 'دوفين ٥ مجم/ايبو' [المكرومي المنصورة.pdf] (sim: 90.9090909090909%)
42. Shortage: 'دولفين 50مجم لبوس 2شريط' <--> WH: 'دولفين 25مجم شرب/باكو90' [مخزن الحياة فارم اسكندريه-170.pdf] (sim: 100.0%)
43. Shortage: 'دولفين 75مجم لبوس س ج' <--> WH: 'دوفين ٥ مجم/ايبو' [المكرومي المنصورة.pdf] (sim: 90.9090909090909%)
44. Shortage: 'دولفين 75مجم لبوس س ج' <--> WH: 'دولفين 25مجم شرب/باكو90' [مخزن الحياة فارم اسكندريه-170.pdf] (sim: 100.0%)
45. Shortage: 'ديجستين 20قرص س ج' <--> WH: 'ديجستين اقراص/فاركو' [السلام شبين.pdf] (sim: 100.0%)
46. Shortage: 'ديكلوبرو50جم جيل س ج' <--> WH: 'دیکلوپرو ٥٠ مجم اقراص' [كيور فارما خاص.pdf] (sim: 100.0%)
47. Shortage: 'ديوراسيف  250مجم شراب س ج' <--> WH: 'ديوراسيف ٥٠٠ شراب/سكويب' [السلام شبين.pdf] (sim: 100.0%)
48. Shortage: 'ديوراسيف  250مجم شراب س ج' <--> WH: 'ديوراسيف ١ جم اقراص/سكويب' [السلام شبين.pdf] (sim: 100.0%)
49. Shortage: 'ديوراسيف  250مجم شراب س ج' <--> WH: 'ديوراسيف ٢٥٠ شراب/سكويب' [السلام شبين.pdf] (sim: 100.0%)
50. Shortage: 'ديوراسيف  250مجم شراب س ج' <--> WH: 'ديوراسيف ٥٠٠ مجم كبسول' [المكرومي المنصورة.pdf] (sim: 100.0%)
51. Shortage: 'روكسيكام 8مجم 20قرص' <--> WH: 'روکسیکام ٩٠ مجم قرص' [كيور فارما خاص.pdf] (sim: 100.0%)
52. Shortage: 'ريتشي بانثينول كريم ادفانس' <--> WH: 'یوریتشی پانتیول ادفانس کریم جیل' [الهضبة الاثنين نقدى0.pdf] (sim: 88.37209302325581%)
53. Shortage: 'زنكترون 30كبسولة س ج' <--> WH: 'زنكتون اقراص/باكت 160' [الهضبة الاثنين نقدى0.pdf] (sim: 92.3076923076923%)
54. Shortage: 'زنكترون 30كبسولة س ج' <--> WH: 'زنكترون اقراص باكت 160' [مخزن الحياة فارم اسكندريه-170.pdf] (sim: 100.0%)
55. Shortage: 'زوفيراكس400مجم اقراص س ج' <--> WH: 'زوفيراكس شراب/جلاكسو' [السلام شبين.pdf] (sim: 100.0%)
56. Shortage: 'زوفيراكس400مجم اقراص س ج' <--> WH: 'زوفيراكس ٢٠٠مجم اقراص/جلاكسو' [السلام شبين.pdf] (sim: 100.0%)
57. Shortage: 'زوفيراكس400مجم اقراص س ج' <--> WH: 'زوفيراكس شراب/باكو24' [مخزن الحياة فارم اسكندريه-170.pdf] (sim: 100.0%)
58. Shortage: 'زيستريل 20مجم 20قرص س ج' <--> WH: 'زیستریل ٥مجم قرص' [كيور فارما خاص.pdf] (sim: 100.0%)
59. Shortage: 'زيستريل 20مجم 20قرص س ج' <--> WH: 'زیستریل ١٠مجم قرص' [كيور فارما خاص.pdf] (sim: 100.0%)
60. Shortage: 'سبازموفين امبول س ج' <--> WH: 'سبازموفري ٣امبول/ادوبا' [السلام شبين.pdf] (sim: 88.88888888888889%)
61. Shortage: 'ستاركوبينا5مجم20قرص' <--> WH: 'ستاركابينا ٠.٢ مجم ١٠ اقراص' [المكرومي المنصورة.pdf] (sim: 90.0%)
62. Shortage: 'ستاركوبينا5مجم3شريط س ج' <--> WH: 'ستاركابينا ٠.٢ مجم ١٠ اقراص' [المكرومي المنصورة.pdf] (sim: 90.0%)
63. Shortage: 'ستيمولان امبول' <--> WH: 'ستيميبولان 400مجم كبسول' [جملة العمروووو.pdf] (sim: 88.88888888888889%)
64. Shortage: 'ستيمولان امبول' <--> WH: 'ستيمولان ٨٠٠ مجم قرص' [كيور فارما خاص.pdf] (sim: 100.0%)
65. Shortage: 'سوكابريكسام5/1.25/10مجم30قرص' <--> WH: 'سوکابریکسام 2.5/10 مج اقراص' [الهضبة الاثنين نقدى0.pdf] (sim: 100.0%)
66. Shortage: 'سيتال1جم اقراص س ج' <--> WH: 'سيتال شراب/ايكو' [السلام شبين.pdf] (sim: 100.0%)
67. Shortage: 'سيتال1جم اقراص س ج' <--> WH: 'سيتال شراب س.ج ٤٣ج' [المكرومي المنصورة.pdf] (sim: 100.0%)
68. Shortage: 'سيتال1جم اقراص س ج' <--> WH: 'سيتال ٢٠٠ مجم اقراص' [كيور فارما خاص.pdf] (sim: 100.0%)
69. Shortage: 'سيتال1جم اقراص س ج' <--> WH: 'سيتال شراب قديم' [كيور فارما خاص.pdf] (sim: 100.0%)
70. Shortage: 'سيتال1جم اقراص س ج' <--> WH: 'سيتال نقط' [كيور فارما خاص.pdf] (sim: 100.0%)
71. Shortage: 'سيتال1جم اقراص س ج' <--> WH: 'سيتال اقراص 500 س ج' [مخزن الحياة فارم اسكندريه-170.pdf] (sim: 100.0%)
72. Shortage: 'سيتال1جم اقراص س ج' <--> WH: 'سيتال شراب س ج باكت20' [مخزن الحياة فارم اسكندريه-170.pdf] (sim: 100.0%)
73. Shortage: 'سينوبريت اقراص' <--> WH: 'سینوریت اقراص عادی/باکت150' [الهضبة الاثنين نقدى0.pdf] (sim: 93.33333333333333%)
74. Shortage: 'فلوبادكس 8مجم اقراص' <--> WH: 'فلوبيادکس ٤ مجم اقراص' [كيور فارما خاص.pdf] (sim: 94.11764705882352%)
75. Shortage: 'فلوبادكس 8مجم اقراص' <--> WH: 'فلوبيادکس ١٠مجم اقراص جديد/ايفا' [كيور فارما خاص.pdf] (sim: 94.11764705882352%)
76. Shortage: 'فيتونكس شراب' <--> WH: 'فیتونکس «شریط» جدید' [كيور فارما خاص.pdf] (sim: 100.0%)
77. Shortage: 'فيوسيدين 15جم مرهم صغير' <--> WH: 'فیوستیدین ۲۰مجم کریم کبیر' [كيور فارما خاص.pdf] (sim: 94.11764705882352%)
78. Shortage: 'فيوسيدين 15جم مرهم صغير' <--> WH: 'فیوسیدین کریم 20 جرام وسط' [مخزن الحياة فارم اسكندريه-170.pdf] (sim: 100.0%)
79. Shortage: 'كابرجامون 5مجم اقراص س ج' <--> WH: 'کابریامون ۰.۵ جم اقراص' [كيور فارما خاص.pdf] (sim: 88.88888888888889%)
80. Shortage: 'كتافلام  نقط' <--> WH: 'كتافلام ٥٠ س.ج ٨٦ج' [المكرومي المنصورة.pdf] (sim: 100.0%)
81. Shortage: 'كتافلام  نقط' <--> WH: 'كتافلام ٦ امبول س.ج ١٢٠ج' [المكرومي المنصورة.pdf] (sim: 100.0%)
82. Shortage: 'كتافلام  نقط' <--> WH: 'کتافلام 6 امپول/باکت15' [مخزن الحياة فارم اسكندريه-170.pdf] (sim: 100.0%)
83. Shortage: 'كوتارج 160/12.5مجم4شريط س ج' <--> WH: 'كوتارچ ١٥٠/١٠، ١٥٠ جنيه' [المكرومي المنصورة.pdf] (sim: 100.0%)
84. Shortage: 'كوتارج 160/12.5مجم4شريط س ج' <--> WH: 'کوتارچ 320/25 مج اقراص/پاکت 20' [الهضبة الاثنين نقدى0.pdf] (sim: 100.0%)
85. Shortage: 'كوتارج 160/12.5مجم4شريط س ج' <--> WH: 'کوتارچ 320/12.5 مج اقراص' [الهضبة الاثنين نقدى0.pdf] (sim: 100.0%)
86. Shortage: 'كوراسور  15مل نقط' <--> WH: 'كوراسور اقراص/امون' [المكرومي المنصورة.pdf] (sim: 100.0%)
87. Shortage: 'لانتانون30مجم 10كبسوله س ج' <--> WH: 'لاتانون کپسول' [كيور فارما خاص.pdf] (sim: 93.33333333333333%)
88. Shortage: 'لوسيدريل250مجم 20قرص' <--> WH: 'لوسیدریل ۲۰۰ مجم قرص' [كيور فارما خاص.pdf] (sim: 100.0%)
89. Shortage: 'ليبونكس 25مجم اقراص' <--> WH: 'ليبونس جيل / باكت 48' [الهضبة الاثنين نقدى0.pdf] (sim: 92.3076923076923%)
90. Shortage: 'ليبونكس 25مجم اقراص' <--> WH: 'ليبونس سبراى / باكت 25' [الهضبة الاثنين نقدى0.pdf] (sim: 92.3076923076923%)
91. Shortage: 'ليفانوكس2شريط س ج' <--> WH: 'ليفانوكس كبسول/باكت 200' [الهضبة الاثنين نقدى0.pdf] (sim: 100.0%)
92. Shortage: 'ليفست 20قرص' <--> WH: 'ليفت شراب' [المكرومي المنصورة.pdf] (sim: 88.88888888888889%)
93. Shortage: 'ليفست 20قرص س ج' <--> WH: 'ليفت شراب' [المكرومي المنصورة.pdf] (sim: 88.88888888888889%)
94. Shortage: 'ميراج 500مجم حقن' <--> WH: 'ميراجو 20 كبسولة/باكت20' [الهضبة الاثنين نقدى0.pdf] (sim: 90.9090909090909%)
95. Shortage: 'نويوريك300مجم اقراص س ج' <--> WH: 'نو-يوريك ١٠٠ مجم اقراص/ابيكو' [السلام شبين.pdf] (sim: 93.33333333333333%)
96. Shortage: 'نيكسكيور10مجم14كيس' <--> WH: 'نيكسكيور ٢٠مجم ٤ اقراص' [المكرومي المنصورة.pdf] (sim: 100.0%)
97. Shortage: 'نيكسكيور10مجم14كيس' <--> WH: 'نيكسكيور ٤٠مجم ١٤ قرص س١٥٢ج' [المكرومي المنصورة.pdf] (sim: 100.0%)
98. Shortage: 'نيكسكيور5مجم28كيس' <--> WH: 'نيكسكيور ٢٠مجم ٤ اقراص' [المكرومي المنصورة.pdf] (sim: 100.0%)
99. Shortage: 'نيكسكيور5مجم28كيس' <--> WH: 'نيكسكيور ٤٠مجم ١٤ قرص س١٥٢ج' [المكرومي المنصورة.pdf] (sim: 100.0%)
100. Shortage: 'نيوكاربون30قرص س ج' <--> WH: 'نیوکاربن ۳۰کپسول' [كيور فارما خاص.pdf] (sim: 94.11764705882352%)
101. Shortage: 'ون تو ثري 20قرص س ج' <--> WH: 'وان تو ثري شراب/الكان فارما' [السلام شبين.pdf] (sim: 94.73684210526316%)
