    margin-bottom: 4px;

}

.drop-zone p {

    color: var(--text-muted);

    font-size: 13px;

    margin-bottom: 16px;

}



.file-list {

    list-style: none;

    margin: 0 20px 20px;

    max-height: 200px;

    overflow-y: auto;

    padding-right: 5px;

}

.file-item {

    padding: 12px 16px;

    background: #f8fafc;

    border: 1px solid #e2e8f0;

    border-radius: 8px;

    margin-bottom: 8px;

    font-size: 14px;

    font-weight: 600;

    display: flex;

    align-items: center;

    justify-content: space-between;

    color: #334155;

    transition: all 0.2s;

}

.file-item:hover {

    border-color: #cbd5e1;

    box-shadow: 0 2px 4px rgba(0,0,0,0.02);

}

.file-item-name {

    display: flex;

    align-items: center;

    gap: 10px;

    overflow: hidden;

    white-space: nowrap;

    text-overflow: ellipsis;

