'DOSKEY' is not recognized as an internal or external command,
operable program or batch file.
Loaded 187 items for السلام شبين
Loaded 715 items for المكرومي المنصورة
Loaded 503 items for الهضبة الاثنين
Loaded 19 items for جملة العمروووو
Loaded 1071 items for كيور فارما خاص
Loaded 222 items for مخزن الحياة فارم

Potential brand matches (score >= 78%): 266
[100.0%] Shortage: 'ابيفيناك قطرة س ج' <==> WH (المكرومي المنصورة): 'ابيفيناك حقن'
[100.0%] Shortage: 'اسبوسيد 20قرص اطفال س ج' <==> WH (مخزن الحياة فارم): 'اسبوسيد اطفال سعر جديد باكت 60'
[100.0%] Shortage: 'الكابرس10مجم30قرص' <==> WH (الهضبة الاثنين): 'الكابرس ٥ مجم اقراص ٢ شريط'
[100.0%] Shortage: 'الكابرس160/5 بلاس س ج' <==> WH (الهضبة الاثنين): 'الكابرس ٥ مجم اقراص ٢ شريط'
[100.0%] Shortage: 'ايموكس 250مجم شراب س ج' <==> WH (كيور فارما خاص): 'ایموکس 500 مج کپسول/باکت 200'
[100.0%] Shortage: 'ايموكسكلاف 625 مجم اقراص س ج' <==> WH (المكرومي المنصورة): 'ايموكسكلاف ١جم قرص'
[100.0%] Shortage: 'ايموكسكلاف 625 مجم اقراص س ج' <==> WH (المكرومي المنصورة): 'ايموكسكلاف ٤٥٧ مجم شراب'
[100.0%] Shortage: 'ايموكسكلاف 625 مجم اقراص س ج' <==> WH (الهضبة الاثنين): 'ايموكسكلاف ٣١٢ شراب/ايبو'
[100.0%] Shortage: 'ايموكسكلاف 625 مجم اقراص س ج' <==> WH (الهضبة الاثنين): 'ايموكسكلاف ٥٧مجم شراب'
[100.0%] Shortage: 'ايموكسكلاف 625 مجم اقراص س ج' <==> WH (الهضبة الاثنين): 'ايموكسكلاف ٤٢،١ شراب'
[100.0%] Shortage: 'بيا 400مجم اقراص' <==> WH (كيور فارما خاص): 'پیا 300 مج اقراص'
[100.0%] Shortage: 'بيتاديرم مرهم س ج' <==> WH (السلام شبين): 'بيتاديرم كريم كبير'
[100.0%] Shortage: 'بيتاديرم مرهم س ج' <==> WH (السلام شبين): 'بيتاديرم كريم/ايكو'
[100.0%] Shortage: 'بيتاديرم مرهم س ج' <==> WH (الهضبة الاثنين): 'بيتاديرم كريم ١٠ جم س.ج ١٨ ج'
[100.0%] Shortage: 'دولفين 12.5مجم لبوس 2شريط س ق' <==> WH (مخزن الحياة فارم): 'دولفين 25مجم شرب/باكو90'
[100.0%] Shortage: 'دولفين 50مجم لبوس 2شريط' <==> WH (مخزن الحياة فارم): 'دولفين 25مجم شرب/باكو90'
[100.0%] Shortage: 'دولفين 75مجم لبوس س ج' <==> WH (مخزن الحياة فارم): 'دولفين 25مجم شرب/باكو90'
[100.0%] Shortage: 'ديفلوكان 2مجم 50ملل فيال' <==> WH (الهضبة الاثنين): 'ديفلوكان ١٥٠ سعر ١١١'
[100.0%] Shortage: 'ديكلوبرو50جم جيل س ج' <==> WH (المكرومي المنصورة): 'دیکلوپرو ٥٠ مجم اقراص'
[100.0%] Shortage: 'روكسيكام 8مجم 20قرص' <==> WH (المكرومي المنصورة): 'روکسیکام ٩٠ مجم قرص'
[100.0%] Shortage: 'زنكترون 30كبسولة س ج' <==> WH (مخزن الحياة فارم): 'زنكترون اقراص باكت 160'
[100.0%] Shortage: 'زوفيراكس400مجم اقراص س ج' <==> WH (السلام شبين): 'زوفيراكس شراب/جلاكسو'
[100.0%] Shortage: 'زوفيراكس400مجم اقراص س ج' <==> WH (السلام شبين): 'زوفيراكس ٢٠٠مجم اقراص/جلاكسو'
[100.0%] Shortage: 'زوفيراكس400مجم اقراص س ج' <==> WH (مخزن الحياة فارم): 'زوفيراكس شراب/باكو24'
[100.0%] Shortage: 'زيستريل 20مجم 20قرص س ج' <==> WH (المكرومي المنصورة): 'زیستریل ٥مجم قرص'
[100.0%] Shortage: 'زيستريل 20مجم 20قرص س ج' <==> WH (المكرومي المنصورة): 'زیستریل ١٠مجم قرص'
[100.0%] Shortage: 'ستيمولان امبول' <==> WH (المكرومي المنصورة): 'ستيمولان ٨٠٠ مجم قرص'
[100.0%] Shortage: 'سوكابريكسام5/1.25/10مجم30قرص' <==> WH (كيور فارما خاص): 'سوکابریکسام 2.5/10 مج اقراص'
[100.0%] Shortage: 'سيبروفلوكساسين محلول وريدي' <==> WH (كيور فارما خاص): 'سیپروفلوکساسین 4 مج اقراص 10/باکت'
[100.0%] Shortage: 'سيتال1جم اقراص س ج' <==> WH (السلام شبين): 'سيتال شراب/ايكو'
[100.0%] Shortage: 'سيتال1جم اقراص س ج' <==> WH (المكرومي المنصورة): 'سيتال ٢٠٠ مجم اقراص'
[100.0%] Shortage: 'سيتال1جم اقراص س ج' <==> WH (المكرومي المنصورة): 'سيتال شراب قديم'
[100.0%] Shortage: 'سيتال1جم اقراص س ج' <==> WH (المكرومي المنصورة): 'سيتال نقط'
[100.0%] Shortage: 'سيتال1جم اقراص س ج' <==> WH (الهضبة الاثنين): 'سيتال شراب س.ج ٤٣ج'
[100.0%] Shortage: 'سيتال1جم اقراص س ج' <==> WH (مخزن الحياة فارم): 'سيتال اقراص 500 س ج'
[100.0%] Shortage: 'سيتال1جم اقراص س ج' <==> WH (مخزن الحياة فارم): 'سيتال شراب س ج باكت20'
[100.0%] Shortage: 'فيتونكس شراب' <==> WH (المكرومي المنصورة): 'فیتونکس «شریط» جدید'
[100.0%] Shortage: 'فيوسيدين 15جم مرهم صغير' <==> WH (مخزن الحياة فارم): 'فیوسیدین کریم 20 جرام وسط'
[100.0%] Shortage: 'كتافلام  نقط' <==> WH (الهضبة الاثنين): 'كتافلام ٥٠ س.ج ٨٦ج'
[100.0%] Shortage: 'كتافلام  نقط' <==> WH (الهضبة الاثنين): 'كتافلام ٦ امبول س.ج ١٢٠ج'
[100.0%] Shortage: 'كتافلام  نقط' <==> WH (مخزن الحياة فارم): 'کتافلام 6 امپول/باکت15'
[100.0%] Shortage: 'كوتارج 160/12.5مجم4شريط س ج' <==> WH (الهضبة الاثنين): 'كوتارچ ١٥٠/١٠، ١٥٠ جنيه'
[100.0%] Shortage: 'كوتارج 160/12.5مجم4شريط س ج' <==> WH (كيور فارما خاص): 'کوتارچ 320/25 مج اقراص/پاکت 20'
[100.0%] Shortage: 'كوتارج 160/12.5مجم4شريط س ج' <==> WH (كيور فارما خاص): 'کوتارچ 320/12.5 مج اقراص'
[100.0%] Shortage: 'كوراسور  15مل نقط' <==> WH (الهضبة الاثنين): 'كوراسور اقراص/امون'
[100.0%] Shortage: 'كيتوفان25مجم30قرص س ج' <==> WH (كيور فارما خاص): 'کیتوفان 50 مج کپسول/باکت 20'
[100.0%] Shortage: 'لوسيدريل250مجم 20قرص' <==> WH (المكرومي المنصورة): 'لوسیدریل ۲۰۰ مجم قرص'
[100.0%] Shortage: 'نيفيلوب12.5/5مجم بلاس20قرص' <==> WH (الهضبة الاثنين): 'نيفيلوب ٢.٥ سعر جديد ٤٦ ج'
[100.0%] Shortage: 'نيكسكيور10مجم14كيس' <==> WH (الهضبة الاثنين): 'نيكسكيور ٢٠مجم ٤ اقراص'
[100.0%] Shortage: 'نيكسكيور10مجم14كيس' <==> WH (الهضبة الاثنين): 'نيكسكيور ٤٠مجم ١٤ قرص س١٥٢ج'
[100.0%] Shortage: 'نيكسكيور5مجم28كيس' <==> WH (الهضبة الاثنين): 'نيكسكيور ٢٠مجم ٤ اقراص'
[100.0%] Shortage: 'نيكسكيور5مجم28كيس' <==> WH (الهضبة الاثنين): 'نيكسكيور ٤٠مجم ١٤ قرص س١٥٢ج'
[94.73684210526316%] Shortage: 'انتي كوكس 6امبول' <==> WH (المكرومي المنصورة): 'انتى كيوكس ٥ مجم - ٣ شريط'
[94.73684210526316%] Shortage: 'تريبليكسام10/2.5/10مجم15قرص' <==> WH (المكرومي المنصورة): 'تریپلکسام ٠/٢/٥/١٠ مجم ٣٠ قرص'
[94.73684210526316%] Shortage: 'ون تو ثري 20قرص س ج' <==> WH (السلام شبين): 'وان تو ثري شراب/الكان فارما'
[94.11764705882352%] Shortage: 'جنكو بلاس اقراص' <==> WH (المكرومي المنصورة): 'جنگوبلاس کپسول'
[94.11764705882352%] Shortage: 'جنكو بلاس اقراص' <==> WH (كيور فارما خاص): 'جنكو بلس كبسول/باكت 30'
[94.11764705882352%] Shortage: 'دوليبران1000مجم 15قرص' <==> WH (السلام شبين): 'دوليبيران ١جم، ٦٠قرص'
[94.11764705882352%] Shortage: 'فلوبادكس 8مجم اقراص' <==> WH (المكرومي المنصورة): 'فلوبيادکس ٤ مجم اقراص'
[94.11764705882352%] Shortage: 'فلوبادكس 8مجم اقراص' <==> WH (المكرومي المنصورة): 'فلوبيادکس ١٠مجم اقراص جديد/ايفا'
[94.11764705882352%] Shortage: 'فيوسيدين 15جم مرهم صغير' <==> WH (المكرومي المنصورة): 'فیوستیدین ۲۰مجم کریم کبیر'
[93.33333333333333%] Shortage: 'بيتاديرم مرهم س ج' <==> WH (كيور فارما خاص): 'بتادیرم کریم 15 جم صغیر/باکت200'
[93.33333333333333%] Shortage: 'نويوريك300مجم اقراص س ج' <==> WH (السلام شبين): 'نو-يوريك ١٠٠ مجم اقراص/ابيكو'
[92.3076923076923%] Shortage: 'ايميرست اقراص 8 مجم 10 قرص' <==> WH (الهضبة الاثنين): 'اميرست حقن ٣مجم'
[92.3076923076923%] Shortage: 'زنكترون 30كبسولة س ج' <==> WH (كيور فارما خاص): 'زنكتون اقراص/باكت 160'
[92.3076923076923%] Shortage: 'ليبونكس 25مجم اقراص' <==> WH (كيور فارما خاص): 'ليبونس جيل / باكت 48'
[92.3076923076923%] Shortage: 'ليبونكس 25مجم اقراص' <==> WH (كيور فارما خاص): 'ليبونس سبراى / باكت 25'
[92.3076923076923%] Shortage: 'نيفيلوب12.5/5مجم بلاس20قرص' <==> WH (المكرومي المنصورة): 'نیفلوب ۰،۵ مجم قرص'
[92.3076923076923%] Shortage: 'نيفيلوب12.5/5مجم بلاس20قرص' <==> WH (المكرومي المنصورة): 'نیفلوب مجم اقراص'
[91.66666666666666%] Shortage: 'الكابرس تريو5/160/12.5مجم س ج' <==> WH (المكرومي المنصورة): 'الكابرس تربو ١٠/١٦/١٢٤٠ قرص'
[90.9090909090909%] Shortage: 'اولفن100مجم اس ار10كبسول س ج' <==> WH (السلام شبين): 'اولفنت شراب سعر جديد/ابرج'
[90.9090909090909%] Shortage: 'تربين كريم س ج' <==> WH (كيور فارما خاص): 'توربین قطرة /باکت 81'
[90.9090909090909%] Shortage: 'دورفين 30كبسولة' <==> WH (الهضبة الاثنين): 'دوفين ٥ مجم/ايبو'
[90.9090909090909%] Shortage: 'دولفين 12.5مجم لبوس 2شريط س ق' <==> WH (الهضبة الاثنين): 'دوفين ٥ مجم/ايبو'
[90.9090909090909%] Shortage: 'دولفين 50مجم لبوس 2شريط' <==> WH (الهضبة الاثنين): 'دوفين ٥ مجم/ايبو'
[90.9090909090909%] Shortage: 'دولفين 75مجم لبوس س ج' <==> WH (الهضبة الاثنين): 'دوفين ٥ مجم/ايبو'
[90.9090909090909%] Shortage: 'ميراج 500مجم حقن' <==> WH (كيور فارما خاص): 'ميراجو 20 كبسولة/باكت20'
[88.88888888888889%] Shortage: 'اتميبرازول 40مجم 20 قرص س ج' <==> WH (الهضبة الاثنين): 'ايبرازول ، ٢٠مجم اقراص'
[88.88888888888889%] Shortage: 'اسيكلوفير 5%10 جم كريم س ج' <==> WH (المكرومي المنصورة): 'اسكولوفير ٤٠٠ مجم قرص'
[88.88888888888889%] Shortage: 'انسيلاكوكس 60 مجم 30 قرص س ج' <==> WH (كيور فارما خاص): 'سيلاكوكس 120 مج اقراص/باكت 60'
[88.88888888888889%] Shortage: 'انسيلاكوكس 60 مجم 30 قرص س ج' <==> WH (كيور فارما خاص): 'سيلاكوكس 90 مج اقراص/باكت 60'
[88.88888888888889%] Shortage: 'سبازموفين امبول س ج' <==> WH (السلام شبين): 'سبازموفري ٣امبول/ادوبا'
[88.88888888888889%] Shortage: 'ستيمولان امبول' <==> WH (جملة العمروووو): 'ستيميبولان 400مجم كبسول'
[88.88888888888889%] Shortage: 'كابرجامون 5مجم اقراص س ج' <==> WH (المكرومي المنصورة): 'کابریامون ۰.۵ جم اقراص'
[88.88888888888889%] Shortage: 'ليفست 20قرص س ج' <==> WH (الهضبة الاثنين): 'ليفت شراب'
[87.5%] Shortage: 'انتي كوكس 6امبول' <==> WH (كيور فارما خاص): 'أي كوكس 7.5 مج كبسول/ادوبيا/باكت12'
[87.5%] Shortage: 'جابيميدرا 10مجم اقراص' <==> WH (الهضبة الاثنين): 'جاميدرا ٢٥ مجم'
[87.5%] Shortage: 'جابيميدرا 10مجم اقراص' <==> WH (الهضبة الاثنين): 'جاميدرا ٥'
[87.5%] Shortage: 'جابيميدرا 10مجم اقراص' <==> WH (كيور فارما خاص): 'جابیمدا 15مج اقراص'
[87.5%] Shortage: 'جابيميدرا 10مجم اقراص' <==> WH (كيور فارما خاص): 'جابیمدا 5 مج اقراص'
[87.5%] Shortage: 'ديفلوكان 2مجم 50ملل فيال' <==> WH (المكرومي المنصورة): 'دیکلوکان ١٥٠ مجم قرص'
[87.5%] Shortage: 'زانوجليد4/30اقراص س ج' <==> WH (كيور فارما خاص): 'زانوچيلد 4 مج اقراص/باكت 60'
[87.5%] Shortage: 'سيبروسين500مجم10قرص س ج' <==> WH (الهضبة الاثنين): 'سيرورسين ٥٠٠ اقراص سعر جديد'
[87.5%] Shortage: 'سيبروسين500مجم10قرص س ج' <==> WH (كيور فارما خاص): 'سیپروفین 750 مج اقراص/باکت100'
[87.5%] Shortage: 'فاست فلام 50مجم 20قرص س ج' <==> WH (السلام شبين): 'فاستلام ٢٠مجم'
[87.5%] Shortage: 'كاندلكان 4مجم 14 قرص س ج' <==> WH (الهضبة الاثنين): 'كانداكان؛ ٨ سعر جديد'
[87.5%] Shortage: 'لوسيدريل250مجم 20قرص' <==> WH (الهضبة الاثنين): 'لوسيبريل ٥٠٠'
[87.5%] Shortage: 'لوسيدريل250مجم 20قرص' <==> WH (كيور فارما خاص): 'لوسيبريل 500 مج اقراص'
[86.95652173913044%] Shortage: 'ميتفورمين1000مجم اكس ار اقراص' <==> WH (كيور فارما خاص): 'ميتفون 1000 مج اقراص اكس ار'
[85.71428571428572%] Shortage: 'ابيفيناك قطرة س ج' <==> WH (كيور فارما خاص): 'ايفينك امبول / باكت 10'
[85.71428571428572%] Shortage: 'ادويفلام50مجم جل س ج' <==> WH (الهضبة الاثنين): 'اوفلام ٥٠٠ اقراص/سعر جديد'
[85.71428571428572%] Shortage: 'ايموكس 250مجم شراب س ج' <==> WH (كيور فارما خاص): 'ابيماوكس 500 مج كبسول/باكت 45'
[85.71428571428572%] Shortage: 'بيا 400مجم اقراص' <==> WH (كيور فارما خاص): 'بیرا اقراص جدید/باکت72'
[85.71428571428572%] Shortage: 'بيتادين شامبو120مل س ج' <==> WH (الهضبة الاثنين): 'بيكادين ٣٠٠ مجم جديد ٤٥٠ج'
[85.71428571428572%] Shortage: 'بيتادين شامبو60مل س ج' <==> WH (الهضبة الاثنين): 'بيكادين ٣٠٠ مجم جديد ٤٥٠ج'
[85.71428571428572%] Shortage: 'ترياكور 5مجم اقراص' <==> WH (كيور فارما خاص): 'تیناکور کریم/القاهرة/باکت12'
[85.71428571428572%] Shortage: 'ديوزمين 30 قرص' <==> WH (مخزن الحياة فارم): 'ديبوزين 500مجم اقراص'
[85.71428571428572%] Shortage: 'زوكوزيت 20/10مجم اقراص' <==> WH (المكرومي المنصورة): 'زکوژینت ٢٠/١٠ مجم قرص'
[85.71428571428572%] Shortage: 'فاركوتيليام شراب' <==> WH (كيور فارما خاص): 'فارکو تیام کپسول/باکت60'
[85.71428571428572%] Shortage: 'فايركتا 3 شريط س ج' <==> WH (كيور فارما خاص): 'فایرکلا 12 قرص/باکت 72'
[85.71428571428572%] Shortage: 'فيتونكس شراب' <==> WH (المكرومي المنصورة): 'فیمونکس کپسول'
[85.71428571428572%] Shortage: 'فيتونكس شراب' <==> WH (كيور فارما خاص): 'فیتوکپس کپسول/باکت 20'
[85.71428571428572%] Shortage: 'كلوزابكس 25 مجم س ج' <==> WH (الهضبة الاثنين): 'كلوبكس ٧٥مجم اقراص س.ج ١٥٠ج'
[85.71428571428572%] Shortage: 'كلوزابكس 25 مجم س ج' <==> WH (مخزن الحياة فارم): 'کلوبکس75مجم اقراص / باکت60'
[85.71428571428572%] Shortage: 'كيتاديل25مجم30قرص' <==> WH (الهضبة الاثنين): 'كيتادول محلول'
[85.71428571428572%] Shortage: 'موكسيسيارو بلس قطرة' <==> WH (السلام شبين): 'دوكسيسيروك بلس مرهم/ميڤافارم'
[84.84848484848484%] Shortage: 'لبن بيديا ستارت 2' <==> WH (كيور فارما خاص): 'لبن بدیا ستارت رقم 1/ باکت 24'
[84.61538461538461%] Shortage: 'برايم روز اي اقراص س ج' <==> WH (السلام شبين): 'برايم روز بلاس اقراص/ايفافارم'
[84.61538461538461%] Shortage: 'برايم روز اي اقراص س ج' <==> WH (المكرومي المنصورة): 'برايم روز بلاس كبسول جديد'
[84.21052631578947%] Shortage: 'اتميبرازول 40مجم 20 قرص س ج' <==> WH (كيور فارما خاص): 'ايبر ازول 40 مج اقراص'
[84.21052631578947%] Shortage: 'ايموكسكلاف 625 مجم اقراص س ج' <==> WH (كيور فارما خاص): 'ایموکسلان 1 جم اقراص/باکت 90'
[84.21052631578947%] Shortage: 'بانتوبرازول 40 مجم اقراص س ج' <==> WH (الهضبة الاثنين): 'انتوبرال ٤٠ سعر جديد'
[84.21052631578947%] Shortage: 'ديكابرينو200مجم2امبول س ج' <==> WH (كيور فارما خاص): 'دیکساپربین قطره/باکت 81'
[84.21052631578947%] Shortage: 'سباسكولون 100مجم اقراص س ج' <==> WH (المكرومي المنصورة): 'سيباسكولين ١ مجم شريط'
[84.21052631578947%] Shortage: 'سيبروسين500مجم10قرص س ج' <==> WH (السلام شبين): 'سيربروليسين ٥ مل حقن'
[84.21052631578947%] Shortage: 'لورنوكسيكام 8 مجم اقراص س ج' <==> WH (المكرومي المنصورة): 'روکسیکام ٩٠ مجم قرص'
[84.21052631578947%] Shortage: 'مونتيلوراما 10مجم اقراص' <==> WH (المكرومي المنصورة): 'مونتیلوم شراب'
[84.21052631578947%] Shortage: 'ميديكسافلام لبوس س ج' <==> WH (السلام شبين): 'ميديكلام امبول'
[84.21052631578947%] Shortage: 'هيدروكين 200مجم 20قرص س ج' <==> WH (السلام شبين): 'هيدروكينينا'
[83.72093023255813%] Shortage: 'كارنيفيتا ادفانس للرجال30كيس س ج' <==> WH (مخزن الحياة فارم): 'کارنتینا ادفانس رجال/باکت16'
[83.33333333333334%] Shortage: 'اومنيك 0.4مجم30قرص' <==> WH (المكرومي المنصورة): 'اوميبك ٢٠مجم ٤ كبسوله'
[83.33333333333334%] Shortage: 'ايموكس 250مجم شراب س ج' <==> WH (المكرومي المنصورة): 'ریموکس نقط'
[83.33333333333334%] Shortage: 'ايموكس 250مجم شراب س ج' <==> WH (الهضبة الاثنين): 'اليوكس ٠,٥مجم ، ٢٠قرص'
[83.33333333333334%] Shortage: 'ايموكس 250مجم شراب س ج' <==> WH (الهضبة الاثنين): 'اليوكس ٠مجم ، ٢٠قرص'
[83.33333333333334%] Shortage: 'ايموكس 250مجم شراب س ج' <==> WH (كيور فارما خاص): 'اديمكس اقراص/باكت 300'
[83.33333333333334%] Shortage: 'بي كوم 6 امبولات س ج' <==> WH (المكرومي المنصورة): 'ابيكوم ١جم مرهم'
[83.33333333333334%] Shortage: 'ترايتون امبول ث س ج' <==> WH (المكرومي المنصورة): 'تریتو اس ٤٠ مجم کپسول'
[83.33333333333334%] Shortage: 'ترايتون امبول ث س ج' <==> WH (كيور فارما خاص): 'تریتو کریم/باکت 48'
[83.33333333333334%] Shortage: 'تربين كريم س ج' <==> WH (السلام شبين): 'اتروبين ٥٠ امبول'
[83.33333333333334%] Shortage: 'تربين كريم س ج' <==> WH (المكرومي المنصورة): 'توربینر ۱۲۵ شراب / بوتوبیا'
[83.33333333333334%] Shortage: 'جانوفيا 100مجم 28قرص س ج' <==> WH (كيور فارما خاص): 'انوفا 50 مجم اقراص/باكت20'
[83.33333333333334%] Shortage: 'دورفين 30كبسولة' <==> WH (مخزن الحياة فارم): 'دولفين 25مجم شرب/باكو90'
[83.33333333333334%] Shortage: 'دوزين2مجم20قرص' <==> WH (مخزن الحياة فارم): 'ديبوزين 500مجم اقراص'
[83.33333333333334%] Shortage: 'سيتال1جم اقراص س ج' <==> WH (كيور فارما خاص): 'سیتالین شراب 20'
[83.33333333333334%] Shortage: 'فلوتاك 75مجم اقراص س ج' <==> WH (السلام شبين): 'فلوزاك ، ٢٠مجم/امون'
[83.33333333333334%] Shortage: 'فلوتاك 75مجم اقراص س ج' <==> WH (الهضبة الاثنين): 'فلوزاك ٢٠ مجم/امون'
[83.33333333333334%] Shortage: 'فيلوسيف 1جم 8قرص س ج' <==> WH (المكرومي المنصورة): 'فیوسی ۱۵م جم کریم باکو ۱۰۰'
[83.33333333333334%] Shortage: 'فيلوسيف 1جم 8قرص س ج' <==> WH (مخزن الحياة فارم): 'فیوسی کریم 30مجم باکت 64'
[83.33333333333334%] Shortage: 'فيلوسيف500مجم كبسول س ج' <==> WH (المكرومي المنصورة): 'فیوسی ۱۵م جم کریم باکو ۱۰۰'
[83.33333333333334%] Shortage: 'فيلوسيف500مجم كبسول س ج' <==> WH (مخزن الحياة فارم): 'فیوسی کریم 30مجم باکت 64'
[83.33333333333334%] Shortage: 'ليبونكس 25مجم اقراص' <==> WH (كيور فارما خاص): 'لينكس اكياس 10/2027'
[83.33333333333334%] Shortage: 'مارفيل كريم' <==> WH (المكرومي المنصورة): 'اماريل ام ٢ قرص'
[83.33333333333334%] Shortage: 'مارفيل كريم' <==> WH (الهضبة الاثنين): 'اماريل ٢مجم ، ٣قرص س.ج،٢٨'
[83.33333333333334%] Shortage: 'مارفيل كريم' <==> WH (الهضبة الاثنين): 'اماريل ٢مجم ، ٣قرص'
[83.33333333333334%] Shortage: 'مارفيل كريم' <==> WH (الهضبة الاثنين): 'اماريل ٤مجم،١٠قرص'
[83.33333333333334%] Shortage: 'مارفيل كريم' <==> WH (كيور فارما خاص): 'اماريل 1 مج اقراص/باکت308'
[83.33333333333334%] Shortage: 'مارفيل كريم' <==> WH (كيور فارما خاص): 'اماريل 2 مجم 30 قرص/باکت 180'
[83.33333333333334%] Shortage: 'مارفيل كريم' <==> WH (كيور فارما خاص): 'اماريل 3 مج اقراص/باكت 180'
[83.33333333333334%] Shortage: 'مارفيل كريم' <==> WH (كيور فارما خاص): 'اماريل 4 مج اقراص/باكت 180'
[83.33333333333334%] Shortage: 'مارفيل كريم' <==> WH (كيور فارما خاص): 'اماريل ام اقراص/باكت 180'
[83.33333333333334%] Shortage: 'ميراج 500مجم حقن' <==> WH (الهضبة الاثنين): 'ميراجلو ٢٠ كبسول'
[83.33333333333334%] Shortage: 'يورينكس كبسول' <==> WH (المكرومي المنصورة): 'یورین فوار'
[82.35294117647058%] Shortage: 'انوكسيكام 20مجم 20قرص س ج' <==> WH (المكرومي المنصورة): 'روکسیکام ٩٠ مجم قرص'
[82.35294117647058%] Shortage: 'بلاكونيل 60قرص س ج' <==> WH (كيور فارما خاص): 'بلادکولیل اقراص/افنتس'
[82.35294117647058%] Shortage: 'زنكو بلاس شراب' <==> WH (المكرومي المنصورة): 'جنگوبلاس کپسول'
[82.35294117647058%] Shortage: 'زنكو بلاس شراب' <==> WH (كيور فارما خاص): 'جنكو بلس كبسول/باكت 30'
[82.35294117647058%] Shortage: 'سكينورين كريم' <==> WH (كيور فارما خاص): 'سکینوریتش کریم'
[82.35294117647058%] Shortage: 'سيبروسين500مجم10قرص س ج' <==> WH (الهضبة الاثنين): 'سيروفوسين ١٧٥/ايكيو'
[82.35294117647058%] Shortage: 'سيلينيكس شامبو س ج' <==> WH (مخزن الحياة فارم): 'سيليبريكس 200مجم 15قرص باكت 35'
[81.81818181818181%] Shortage: 'سيديرال بمبي10كيس س ج' <==> WH (كيور فارما خاص): 'سیدرال بیج جدید/باکت 10'
[81.81818181818181%] Shortage: 'ميتفورمين1000مجم اكس ار اقراص' <==> WH (السلام شبين): 'ميتفورمين ٥٠٠ مجم'
[81.4814814814815%] Shortage: 'بيتاكاروتين فورت 20كبسوله' <==> WH (المكرومي المنصورة): 'بیوتین فورت کپسول'
[81.4814814814815%] Shortage: 'سيبروفلوكسميت 500مجم' <==> WH (كيور فارما خاص): 'سیپروفلوکساسین 4 مج اقراص 10/باکت'
[81.4814814814815%] Shortage: 'ليفوفلوكساسين500مجم اقراص' <==> WH (كيور فارما خاص): 'سیپروفلوکساسین 4 مج اقراص 10/باکت'
[81.4814814814815%] Shortage: 'ليفوفلوكساسين750مجم 5قرص س ج' <==> WH (كيور فارما خاص): 'سیپروفلوکساسین 4 مج اقراص 10/باکت'
[80.0%] Shortage: 'ابيتنس اقراص' <==> WH (كيور فارما خاص): 'بتنس 10/25/40 مج اقراص/باكت 5'
[80.0%] Shortage: 'ابيتنس اقراص' <==> WH (كيور فارما خاص): 'بتنس 12.5/40/5 مج اقراص/باكت'
[80.0%] Shortage: 'ابيكوجيل 180مل شراب س ج' <==> WH (السلام شبين): 'ايكوتيل حقن/ايبيكو'
[80.0%] Shortage: 'ابيكوجيل 180مل شراب س ج' <==> WH (الهضبة الاثنين): 'ايكوجلش جل/ايبو'
[80.0%] Shortage: 'ادرينوكورتين1مجم امبول ث س ج' <==> WH (كيور فارما خاص): 'اینوکتین 20 مج کپسول/پاکت 50'
[80.0%] Shortage: 'اكسفورج 10مجم اتش سي تي س ج' <==> WH (مخزن الحياة فارم): 'اكسبوج 5اتش سي كبسول/باكو100'
[80.0%] Shortage: 'البيوستكس 8مجم اقراص' <==> WH (الهضبة الاثنين): 'اليوكس ٠,٥مجم ، ٢٠قرص'
[80.0%] Shortage: 'البيوستكس 8مجم اقراص' <==> WH (الهضبة الاثنين): 'اليوكس ٠مجم ، ٢٠قرص'
[80.0%] Shortage: 'الكابرس10مجم30قرص' <==> WH (المكرومي المنصورة): 'الكابريد ٥مجم ٣ قرص'
[80.0%] Shortage: 'الكابرس160/5 بلاس س ج' <==> WH (المكرومي المنصورة): 'الكابريد ٥مجم ٣ قرص'
[80.0%] Shortage: 'اميبريد50مجم اقراص س ج' <==> WH (الهضبة الاثنين): 'ايكوبريد ، ٢٠مجم ، ٢٠قرص'
[80.0%] Shortage: 'اميبريد50مجم اقراص س ج' <==> WH (كيور فارما خاص): 'ايبكوريد 20 مج اقراص/باكت 10'
[80.0%] Shortage: 'انتي كوكس 6امبول' <==> WH (المكرومي المنصورة): 'انتوكس اقراص جديد'
[80.0%] Shortage: 'انتي كوكس 6امبول' <==> WH (مخزن الحياة فارم): 'انتوكس30قرص'
[80.0%] Shortage: 'اوسوبان800مجم 20قرص' <==> WH (السلام شبين): 'بوسكوبان اقراص/اسيد'
[80.0%] Shortage: 'اوسوبان800مجم 20قرص' <==> WH (الهضبة الاثنين): 'بوسكوبان اقراص/امبول'
[80.0%] Shortage: 'اوسوبان800مجم 20قرص' <==> WH (مخزن الحياة فارم): 'بوسکوبان اقراص باکت 100'
[80.0%] Shortage: 'ايزوميم 40مجم اقراص' <==> WH (كيور فارما خاص): 'ایزومبیب 40 مج اقراص پاکت 144'
[80.0%] Shortage: 'ايموكس 250مجم شراب س ج' <==> WH (الهضبة الاثنين): 'كلافيموكس ١جم سعر جديد'
[80.0%] Shortage: 'ايموكس 250مجم شراب س ج' <==> WH (الهضبة الاثنين): 'كلافيموكس ٦٤٢ شراب'
[80.0%] Shortage: 'ايموكس 250مجم شراب س ج' <==> WH (كيور فارما خاص): 'ایموکسلان 1 جم اقراص/باکت 90'
[80.0%] Shortage: 'برونكولين اس بخاخ/فنتال' <==> WH (السلام شبين): 'برونكوبينير سعر ٢٨١ج'
[80.0%] Shortage: 'بنتاكولد120مل شراب س ج' <==> WH (المكرومي المنصورة): 'پنتاکور ۳۰ قرص'
[80.0%] Shortage: 'بنتاكولد120مل شراب س ق' <==> WH (المكرومي المنصورة): 'پنتاکور ۳۰ قرص'
[80.0%] Shortage: 'بيتادين شامبو120مل س ج' <==> WH (السلام شبين): 'بيتاديرم كريم كبير'
[80.0%] Shortage: 'بيتادين شامبو120مل س ج' <==> WH (السلام شبين): 'بيتاديرم كريم/ايكو'
[80.0%] Shortage: 'بيتادين شامبو120مل س ج' <==> WH (المكرومي المنصورة): 'پیسکادین ۵۰جم اقراص جدید'
[80.0%] Shortage: 'بيتادين شامبو120مل س ج' <==> WH (الهضبة الاثنين): 'بيتاديرم كريم ١٠ جم س.ج ١٨ ج'
[80.0%] Shortage: 'بيتادين شامبو60مل س ج' <==> WH (السلام شبين): 'بيتاديرم كريم كبير'
[80.0%] Shortage: 'بيتادين شامبو60مل س ج' <==> WH (السلام شبين): 'بيتاديرم كريم/ايكو'
[80.0%] Shortage: 'بيتادين شامبو60مل س ج' <==> WH (المكرومي المنصورة): 'پیسکادین ۵۰جم اقراص جدید'
[80.0%] Shortage: 'بيتادين شامبو60مل س ج' <==> WH (الهضبة الاثنين): 'بيتاديرم كريم ١٠ جم س.ج ١٨ ج'
[80.0%] Shortage: 'ترايتون امبول ث س ج' <==> WH (المكرومي المنصورة): 'ترایکتین اقراص'
[80.0%] Shortage: 'ترايتون امبول ث س ج' <==> WH (مخزن الحياة فارم): 'ترایکتین اقراص باکت200'
[80.0%] Shortage: 'جليبوفين500/5مجم30قرص' <==> WH (المكرومي المنصورة): 'جلیویین ٥/١٠٠٠ اقراص'
[80.0%] Shortage: 'جلينسيرت 20مجم كريم س ج' <==> WH (المكرومي المنصورة): 'جینوسیت اقراص جدید'
[80.0%] Shortage: 'جنكو بلاس اقراص' <==> WH (كيور فارما خاص): 'کونکور 10 مج بلاس اقراص/باکت40'
[80.0%] Shortage: 'دوزين2مجم20قرص' <==> WH (الهضبة الاثنين): 'دوفين ٥ مجم/ايبو'
[80.0%] Shortage: 'ديرموفيت  كريم س ج' <==> WH (الهضبة الاثنين): 'نيروفيت اقراص سعر جديد'
[80.0%] Shortage: 'ديفارول امبول س ج' <==> WH (المكرومي المنصورة): 'دیلاترول ٥ مجم جدید'
[80.0%] Shortage: 'ديكابرينو200مجم2امبول س ج' <==> WH (الهضبة الاثنين): 'ديابين ١٠٠ مجم اقراص'
[80.0%] Shortage: 'ديوزمين 30 قرص' <==> WH (كيور فارما خاص): 'دیومالین کپسول'
[80.0%] Shortage: 'راميكسول 1جم30قرص س ج' <==> WH (كيور فارما خاص): 'ميكوسول كبسول/باكت 20'
[80.0%] Shortage: 'راميكسول25مجم30قرص س ج' <==> WH (كيور فارما خاص): 'ميكوسول كبسول/باكت 20'
[80.0%] Shortage: 'زنكو بلاس شراب' <==> WH (كيور فارما خاص): 'کونکور 10 مج بلاس اقراص/باکت40'
[80.0%] Shortage: 'زوفيراكس10 مجم كريم جلد س ج' <==> WH (السلام شبين): 'زوفيراكس شراب/جلاكسو'
[80.0%] Shortage: 'زوفيراكس10 مجم كريم جلد س ج' <==> WH (السلام شبين): 'زوفيراكس ٢٠٠مجم اقراص/جلاكسو'
[80.0%] Shortage: 'زوفيراكس10 مجم كريم جلد س ج' <==> WH (مخزن الحياة فارم): 'زوفيراكس شراب/باكو24'
[80.0%] Shortage: 'زوفيراكس400مجم اقراص س ج' <==> WH (المكرومي المنصورة): 'روفیراک ١٠٠ مل شراب'
[80.0%] Shortage: 'سكينورين كريم' <==> WH (كيور فارما خاص): 'سینوریت اقراص عادی/باکت150'
[80.0%] Shortage: 'سوبرانيل 25مجم كبسول س ج' <==> WH (كيور فارما خاص): 'سبانيلا اقراص/باكت 48'
[80.0%] Shortage: 'سوكابريكسام5/1.25/10مجم30قرص' <==> WH (الهضبة الاثنين): 'سوكايركسا ٥/١،٢٥/٥٠'
[80.0%] Shortage: 'سيالس 2قرص س ج' <==> WH (السلام شبين): 'سيتال شراب/ايكو'
[80.0%] Shortage: 'سيالس 2قرص س ج' <==> WH (المكرومي المنصورة): 'سيتال ٢٠٠ مجم اقراص'
[80.0%] Shortage: 'سيالس 2قرص س ج' <==> WH (المكرومي المنصورة): 'سيتال شراب قديم'
[80.0%] Shortage: 'سيالس 2قرص س ج' <==> WH (المكرومي المنصورة): 'سيتال نقط'
[80.0%] Shortage: 'سيالس 2قرص س ج' <==> WH (الهضبة الاثنين): 'سيتال شراب س.ج ٤٣ج'
[80.0%] Shortage: 'سيالس 2قرص س ج' <==> WH (مخزن الحياة فارم): 'سيتال اقراص 500 س ج'
[80.0%] Shortage: 'سيالس 2قرص س ج' <==> WH (مخزن الحياة فارم): 'سيتال شراب س ج باكت20'
[80.0%] Shortage: 'سيبانوين جيل' <==> WH (الهضبة الاثنين): 'سيبازون اقراص سعر جديد ٣٤٠ج'
[80.0%] Shortage: 'سيبانوين جيل' <==> WH (كيور فارما خاص): 'بانوفین کریم'
[80.0%] Shortage: 'سيبروسين500مجم10قرص س ج' <==> WH (كيور فارما خاص): 'زيروسين كبسول/باكت 200'
[80.0%] Shortage: 'فايركتا 3 شريط س ج' <==> WH (المكرومي المنصورة): 'فايبركان ١٠ مجم ١٢ قرص جديد'
[80.0%] Shortage: 'فلابو 600 اقراص' <==> WH (السلام شبين): 'فلايو نقط/لانتنا فارم'
[80.0%] Shortage: 'فيتونكس شراب' <==> WH (الهضبة الاثنين): 'ديستونكس اقراص'
[80.0%] Shortage: 'فيوسيدين 15جم مرهم صغير' <==> WH (المكرومي المنصورة): 'فیوستین ۲۰م جم کریم/واسط'
[80.0%] Shortage: 'فيوسيدين 15جم مرهم صغير' <==> WH (الهضبة الاثنين): 'موسيدين اقراص/امون'
[80.0%] Shortage: 'كالسيزوم د 60 كبسوله' <==> WH (المكرومي المنصورة): 'السيزول ٥٠٠مجم كبسول'
[80.0%] Shortage: 'كلاريتين اقراص س ج' <==> WH (المكرومي المنصورة): 'ال كارنتين اقراص عادى'
[80.0%] Shortage: 'كلاريتين اقراص س ج' <==> WH (الهضبة الاثنين): 'ال كارنتين شراب/ميباكو'
[80.0%] Shortage: 'كلاريتين اقراص س ج' <==> WH (كيور فارما خاص): 'ال کارنتین عادی کپسول/باکت 20'
[80.0%] Shortage: 'كلاريتين شراب' <==> WH (المكرومي المنصورة): 'ال كارنتين اقراص عادى'
[80.0%] Shortage: 'كلاريتين شراب' <==> WH (الهضبة الاثنين): 'ال كارنتين شراب/ميباكو'
[80.0%] Shortage: 'كلاريتين شراب' <==> WH (كيور فارما خاص): 'ال کارنتین عادی کپسول/باکت 20'
[80.0%] Shortage: 'كلوزابين100 اقراص' <==> WH (كيور فارما خاص): 'لزانبین 10 مج 21 قرص/الفرعونیة'
[80.0%] Shortage: 'كوتارج 160/12.5مجم4شريط س ج' <==> WH (الهضبة الاثنين): 'تارج ٢٠ مجم ١٠ اقراص'
[80.0%] Shortage: 'كيردالود 30قرص س ج' <==> WH (المكرومي المنصورة): 'کیراوید اس ار ۳ قرص'
[80.0%] Shortage: 'ليليبل10مجم اقراص' <==> WH (كيور فارما خاص): 'ليلى غسول/باكت30'
[80.0%] Shortage: 'ليليبل10مجم اقراص' <==> WH (كيور فارما خاص): 'ليبل اكياس/باكت42'
[80.0%] Shortage: 'مارفيلون 21قرص' <==> WH (كيور فارما خاص): 'مافيلور 2.5 مج كبسول/باكت 10'
[80.0%] Shortage: 'مارفيلون 21قرص' <==> WH (كيور فارما خاص): 'مافيلور 12.5/5 مج اقراص/باكت10'
[80.0%] Shortage: 'نيكسكيور10مجم14كيس' <==> WH (الهضبة الاثنين): 'نيكسيوم ٤٠مجم ٢٨قرص'
[80.0%] Shortage: 'نيكسكيور10مجم14كيس' <==> WH (كيور فارما خاص): 'نکسیکور 40 مج اقراص/باكت 96'
[80.0%] Shortage: 'نيكسكيور5مجم28كيس' <==> WH (الهضبة الاثنين): 'نيكسيوم ٤٠مجم ٢٨قرص'
[80.0%] Shortage: 'نيكسكيور5مجم28كيس' <==> WH (كيور فارما خاص): 'نکسیکور 40 مج اقراص/باكت 96'
[80.0%] Shortage: 'نيورازين25مجم اقراص' <==> WH (المكرومي المنصورة): 'نیوربین ۱۰ جم اقراص'
[78.57142857142857%] Shortage: 'سيبروفلوكساسين محلول وريدي' <==> WH (كيور فارما خاص): 'سیپروفلوکسازول اقراص/باکت 50'
[78.26086956521739%] Shortage: 'الفابرينزيما قطره' <==> WH (الهضبة الاثنين): 'الفيرينازيم ٤٢ك / سعر جديد'
[78.26086956521739%] Shortage: 'سيبروفلوكساسين محلول وريدي' <==> WH (الهضبة الاثنين): 'سيروفوسين ١٧٥/ايكيو'
[78.26086956521739%] Shortage: 'فايركتا بلاس 4قرص' <==> WH (الهضبة الاثنين): 'ماركال بلاس ٣٠ قرص ٥٠ ج'
